Component: ARM Compiler 6.16 Tool: armlink [5dfeaa00]

==============================================================================

Section Cross References

    startup_n32g43x.o(RESET) refers to startup_n32g43x.o(STACK) for __initial_sp
    startup_n32g43x.o(RESET) refers to startup_n32g43x.o(.text) for Reset_Handler
    startup_n32g43x.o(RESET) refers to n32g43x_it.o(.text) for NMI_Handler
    startup_n32g43x.o(RESET) refers to i2c_slave_n32g43x.o(.text) for I2C1_EV_IRQHandler
    startup_n32g43x.o(RESET) refers to i2c2_slave_n32g43x.o(.text) for I2C2_EV_IRQHandler
    startup_n32g43x.o(RESET) refers to bsp_uart.o(.text) for UART4_IRQHandler
    startup_n32g43x.o(RESET) refers to counter.o(.text) for TIM6_IRQHandler
    startup_n32g43x.o(.text) refers to system_n32g43x.o(.text) for SystemInit
    startup_n32g43x.o(.text) refers to entry.o(.ARM.Collect$$$$00000000) for __main
    system_n32g43x.o(.text) refers to system_n32g43x.o(.data.SystemCoreClock) for SystemCoreClock
    system_n32g43x.o(.text) refers to system_n32g43x.o(.rodata.MSIClockTable) for MSIClockTable
    system_n32g43x.o(.text) refers to system_n32g43x.o(.rodata.AHBPrescTable) for AHBPrescTable
    system_n32g43x.o(.ARM.exidx) refers to system_n32g43x.o(.text) for [Anonymous Symbol]
    misc.o(.ARM.exidx) refers to misc.o(.text) for [Anonymous Symbol]
    n32g43x_adc.o(.text) refers to n32g43x_rcc.o(.text) for RCC_EnableAHBPeriphReset
    n32g43x_adc.o(.ARM.exidx) refers to n32g43x_adc.o(.text) for [Anonymous Symbol]
    n32g43x_can.o(.text) refers to n32g43x_rcc.o(.text) for RCC_EnableAPB1PeriphReset
    n32g43x_can.o(.ARM.exidx) refers to n32g43x_can.o(.text) for [Anonymous Symbol]
    n32g43x_comp.o(.text) refers to n32g43x_rcc.o(.text) for RCC_EnableAPB1PeriphReset
    n32g43x_comp.o(.ARM.exidx) refers to n32g43x_comp.o(.text) for [Anonymous Symbol]
    n32g43x_crc.o(.ARM.exidx) refers to n32g43x_crc.o(.text) for [Anonymous Symbol]
    n32g43x_dac.o(.text) refers to n32g43x_rcc.o(.text) for RCC_EnableAPB1PeriphReset
    n32g43x_dac.o(.ARM.exidx) refers to n32g43x_dac.o(.text) for [Anonymous Symbol]
    n32g43x_dbg.o(.ARM.exidx) refers to n32g43x_dbg.o(.text) for [Anonymous Symbol]
    n32g43x_dma.o(.ARM.exidx) refers to n32g43x_dma.o(.text) for [Anonymous Symbol]
    n32g43x_exti.o(.ARM.exidx) refers to n32g43x_exti.o(.text) for [Anonymous Symbol]
    n32g43x_flash.o(.ARM.exidx) refers to n32g43x_flash.o(.text) for [Anonymous Symbol]
    n32g43x_gpio.o(.text) refers to n32g43x_rcc.o(.text) for RCC_EnableAPB2PeriphReset
    n32g43x_gpio.o(.ARM.exidx) refers to n32g43x_gpio.o(.text) for [Anonymous Symbol]
    n32g43x_i2c.o(.text) refers to n32g43x_rcc.o(.text) for RCC_EnableAPB1PeriphReset
    n32g43x_i2c.o(.ARM.exidx) refers to n32g43x_i2c.o(.text) for [Anonymous Symbol]
    n32g43x_iwdg.o(.ARM.exidx) refers to n32g43x_iwdg.o(.text) for [Anonymous Symbol]
    n32g43x_lptim.o(.text) refers to n32g43x_rcc.o(.text) for RCC_EnableRETPeriphReset
    n32g43x_lptim.o(.ARM.exidx) refers to n32g43x_lptim.o(.text) for [Anonymous Symbol]
    n32g43x_lpuart.o(.text) refers to n32g43x_rcc.o(.text) for RCC_EnableRETPeriphReset
    n32g43x_lpuart.o(.ARM.exidx) refers to n32g43x_lpuart.o(.text) for [Anonymous Symbol]
    n32g43x_opamp.o(.text) refers to n32g43x_rcc.o(.text) for RCC_EnableAPB1PeriphReset
    n32g43x_opamp.o(.ARM.exidx) refers to n32g43x_opamp.o(.text) for [Anonymous Symbol]
    n32g43x_pwr.o(.text) refers to n32g43x_rcc.o(.text) for RCC_EnableAPB1PeriphReset
    n32g43x_pwr.o(.text) refers to n32g43x_flash.o(.text) for FLASH_SetLatency
    n32g43x_pwr.o(.ARM.exidx) refers to n32g43x_pwr.o(.text) for [Anonymous Symbol]
    n32g43x_rcc.o(.text) refers to n32g43x_rcc.o(.rodata.s_msiClockTable) for s_msiClockTable
    n32g43x_rcc.o(.text) refers to n32g43x_rcc.o(.rodata.s_ApbAhbPresTable) for s_ApbAhbPresTable
    n32g43x_rcc.o(.text) refers to n32g43x_rcc.o(.rodata.s_AdcHclkPresTable) for s_AdcHclkPresTable
    n32g43x_rcc.o(.text) refers to n32g43x_rcc.o(.rodata.s_AdcPllClkPresTable) for s_AdcPllClkPresTable
    n32g43x_rcc.o(.ARM.exidx) refers to n32g43x_rcc.o(.text) for [Anonymous Symbol]
    n32g43x_rtc.o(.ARM.exidx) refers to n32g43x_rtc.o(.text) for [Anonymous Symbol]
    n32g43x_spi.o(.text) refers to n32g43x_rcc.o(.text) for RCC_EnableAPB2PeriphReset
    n32g43x_spi.o(.ARM.exidx) refers to n32g43x_spi.o(.text) for [Anonymous Symbol]
    n32g43x_tim.o(.text) refers to n32g43x_rcc.o(.text) for RCC_EnableAPB2PeriphReset
    n32g43x_tim.o(.ARM.exidx) refers to n32g43x_tim.o(.text) for [Anonymous Symbol]
    n32g43x_tsc.o(.text) refers to n32g43x_rcc.o(.text) for RCC_EnableAPB1PeriphClk
    n32g43x_tsc.o(.text) refers to n32g43x_pwr.o(.text) for PWR_BackupAccessEnable
    n32g43x_tsc.o(.ARM.exidx) refers to n32g43x_tsc.o(.text) for [Anonymous Symbol]
    n32g43x_usart.o(.text) refers to n32g43x_rcc.o(.text) for RCC_EnableAPB2PeriphReset
    n32g43x_usart.o(.ARM.exidx) refers to n32g43x_usart.o(.text) for [Anonymous Symbol]
[...]
    GPIO_CtrlEventOutput                     0x080030a9   Thumb Code    22  n32g43x_gpio.o(.text)
    GPIO_ConfigEXTILine                      0x080030c1   Thumb Code    78  n32g43x_gpio.o(.text)
    AFIO_ConfigSPINSSMode                    0x08003111   Thumb Code    60  n32g43x_gpio.o(.text)
    AFIO_ConfigADCExternalTrigRemap          0x0800314d   Thumb Code   182  n32g43x_gpio.o(.text)
    I2C_DeInit                               0x08003205   Thumb Code    70  n32g43x_i2c.o(.text)
    I2C_Init                                 0x0800324d   Thumb Code   426  n32g43x_i2c.o(.text)
    I2C_InitStruct                           0x080033f9   Thumb Code    46  n32g43x_i2c.o(.text)
    I2C_Enable                               0x08003429   Thumb Code    44  n32g43x_i2c.o(.text)
    I2C_EnableDMA                            0x08003455   Thumb Code    44  n32g43x_i2c.o(.text)
    I2C_EnableDmaLastSend                    0x08003481   Thumb Code    44  n32g43x_i2c.o(.text)
    I2C_GenerateStart                        0x080034ad   Thumb Code    44  n32g43x_i2c.o(.text)
    I2C_GenerateStop                         0x080034d9   Thumb Code    44  n32g43x_i2c.o(.text)
    I2C_ConfigAck                            0x08003505   Thumb Code    44  n32g43x_i2c.o(.text)
    I2C_ConfigOwnAddr2                       0x08003531   Thumb Code    64  n32g43x_i2c.o(.text)
    I2C_EnableDualAddr                       0x08003571   Thumb Code    44  n32g43x_i2c.o(.text)
    I2C_EnableGeneralCall                    0x0800359d   Thumb Code    44  n32g43x_i2c.o(.text)
    I2C_ConfigInt                            0x080035c9   Thumb Code    52  n32g43x_i2c.o(.text)
    I2C_SendData                             0x080035fd   Thumb Code    20  n32g43x_i2c.o(.text)
    I2C_RecvData                             0x08003611   Thumb Code    14  n32g43x_i2c.o(.text)
    I2C_SendAddr7bit                         0x08003621   Thumb Code    60  n32g43x_i2c.o(.text)
    I2C_GetRegister                          0x0800365d   Thumb Code    34  n32g43x_i2c.o(.text)
    I2C_EnableSoftwareReset                  0x08003681   Thumb Code    44  n32g43x_i2c.o(.text)
    I2C_ConfigNackLocation                   0x080036ad   Thumb Code    48  n32g43x_i2c.o(.text)
    I2C_ConfigSmbusAlert                     0x080036dd   Thumb Code    48  n32g43x_i2c.o(.text)
    I2C_SendPEC                              0x0800370d   Thumb Code    44  n32g43x_i2c.o(.text)
    I2C_ConfigPecLocation                    0x08003739   Thumb Code    48  n32g43x_i2c.o(.text)
    I2C_ComputePec                           0x08003769   Thumb Code    44  n32g43x_i2c.o(.text)
    I2C_GetPec                               0x08003795   Thumb Code    14  n32g43x_i2c.o(.text)
    I2C_EnableArp                            0x080037a5   Thumb Code    44  n32g43x_i2c.o(.text)
    I2C_EnableExtendClk                      0x080037d1   Thumb Code    44  n32g43x_i2c.o(.text)
    I2C_ConfigFastModeDutyCycle              0x080037fd   Thumb Code    48  n32g43x_i2c.o(.text)
    I2C_CheckEvent                           0x0800382d   Thumb Code    84  n32g43x_i2c.o(.text)
    I2C_GetLastEvent                         0x08003881   Thumb Code    48  n32g43x_i2c.o(.text)
    I2C_GetFlag                              0x080038b1   Thumb Code    98  n32g43x_i2c.o(.text)
    I2C_ClrFlag                              0x08003915   Thumb Code    30  n32g43x_i2c.o(.text)
    I2C_GetIntStatus                         0x08003935   Thumb Code    80  n32g43x_i2c.o(.text)
    I2C_ClrIntPendingBit                     0x08003985   Thumb Code    30  n32g43x_i2c.o(.text)
    RCC_DeInit                               0x080039a5   Thumb Code   144  n32g43x_rcc.o(.text)
    RCC_ConfigHse                            0x08003a35   Thumb Code    92  n32g43x_rcc.o(.text)
    RCC_WaitHseStable                        0x08003a91   Thumb Code   108  n32g43x_rcc.o(.text)
    RCC_GetFlagStatus                        0x08003afd   Thumb Code   130  n32g43x_rcc.o(.text)
    RCC_ConfigHsi                            0x08003b81   Thumb Code    52  n32g43x_rcc.o(.text)
    RCC_WaitHsiStable                        0x08003bb5   Thumb Code   108  n32g43x_rcc.o(.text)
    RCC_SetHsiCalibValue                     0x08003c21   Thumb Code    50  n32g43x_rcc.o(.text)
    RCC_EnableHsi                            0x08003c55   Thumb Code    22  n32g43x_rcc.o(.text)
    RCC_ConfigMsi                            0x08003c6d   Thumb Code    88  n32g43x_rcc.o(.text)
    RCC_WaitMsiStable                        0x08003cc5   Thumb Code   108  n32g43x_rcc.o(.text)
    RCC_SetMsiCalibValue                     0x08003d31   Thumb Code    50  n32g43x_rcc.o(.text)
    RCC_EnableMsi                            0x08003d65   Thumb Code    24  n32g43x_rcc.o(.text)
    RCC_ConfigPll                            0x08003d7d   Thumb Code   146  n32g43x_rcc.o(.text)
    RCC_EnablePll                            0x08003e11   Thumb Code    22  n32g43x_rcc.o(.text)
    RCC_ConfigSysclk                         0x08003e29   Thumb Code    44  n32g43x_rcc.o(.text)
    RCC_GetSysclkSrc                         0x08003e55   Thumb Code    16  n32g43x_rcc.o(.text)
    RCC_ConfigHclk                           0x08003e65   Thumb Code    44  n32g43x_rcc.o(.text)
    RCC_ConfigPclk1                          0x08003e91   Thumb Code    44  n32g43x_rcc.o(.text)
    RCC_ConfigPclk2                          0x08003ebd   Thumb Code    46  n32g43x_rcc.o(.text)
    RCC_ConfigInt                            0x08003eed   Thumb Code    66  n32g43x_rcc.o(.text)
    RCC_ConfigUsbClk                         0x08003f31   Thumb Code    30  n32g43x_rcc.o(.text)
    RCC_ConfigTim18Clk                       0x08003f51   Thumb Code    44  n32g43x_rcc.o(.text)
    RCC_ConfigRngcClk                        0x08003f7d   Thumb Code    44  n32g43x_rcc.o(.text)
    RCC_ConfigAdc1mClk                       0x08003fa9   Thumb Code    62  n32g43x_rcc.o(.text)
    RCC_ConfigAdcPllClk                      0x08003fe9   Thumb Code    84  n32g43x_rcc.o(.text)
    RCC_ConfigAdcHclk                        0x0800403d   Thumb Code    44  n32g43x_rcc.o(.text)
    RCC_ConfigTrng1mClk                      0x08004069   Thumb Code    62  n32g43x_rcc.o(.text)
    RCC_EnableTrng1mClk                      0x080040a9   Thumb Code    54  n32g43x_rcc.o(.text)
    RCC_ConfigUCDRClk                        0x080040e1   Thumb Code    92  n32g43x_rcc.o(.text)
    RCC_ConfigUSBXTALESSMode                 0x0800413d   Thumb Code    32  n32g43x_rcc.o(.text)
    RCC_EnableRETPeriphClk                   0x0800415d   Thumb Code    56  n32g43x_rcc.o(.text)
    RCC_EnableRETPeriphReset                 0x08004195   Thumb Code    60  n32g43x_rcc.o(.text)
    RCC_ConfigLPTIMClk                       0x080041d1   Thumb Code    60  n32g43x_rcc.o(.text)
    RCC_EnableAPB1PeriphClk                  0x0800420d   Thumb Code    56  n32g43x_rcc.o(.text)
    RCC_GetLPTIMClkSrc                       0x08004245   Thumb Code    16  n32g43x_rcc.o(.text)
    RCC_ConfigLPUARTClk                      0x08004255   Thumb Code    32  n32g43x_rcc.o(.text)
    RCC_GetLPUARTClkSrc                      0x08004275   Thumb Code    16  n32g43x_rcc.o(.text)
    RCC_ConfigSRAMParityErrorInt             0x08004285   Thumb Code    56  n32g43x_rcc.o(.text)
    RCC_ConfigSRAMParityErrorRESET           0x080042bd   Thumb Code    56  n32g43x_rcc.o(.text)
    RCC_ClrSRAMParityErrorFlag               0x080042f5   Thumb Code    24  n32g43x_rcc.o(.text)
    RCC_ConfigLse                            0x0800430d   Thumb Code   114  n32g43x_rcc.o(.text)
    RCC_EnableLsi                            0x08004381   Thumb Code    24  n32g43x_rcc.o(.text)
    RCC_ConfigRtcClk                         0x08004399   Thumb Code    32  n32g43x_rcc.o(.text)
    RCC_GetRTCClkSrc                         0x080043b9   Thumb Code    16  n32g43x_rcc.o(.text)
    RCC_EnableRtcClk                         0x080043c9   Thumb Code    24  n32g43x_rcc.o(.text)
    RCC_ConfigLSXClk                         0x080043e1   Thumb Code    32  n32g43x_rcc.o(.text)
    RCC_GetLSXClkSrc                         0x08004401   Thumb Code    16  n32g43x_rcc.o(.text)
    RCC_GetClocksFreqValue                   0x08004411   Thumb Code   568  n32g43x_rcc.o(.text)
    RCC_EnableAHBPeriphClk                   0x08004649   Thumb Code    56  n32g43x_rcc.o(.text)
    RCC_EnableAPB2PeriphClk                  0x08004681   Thumb Code    56  n32g43x_rcc.o(.text)
    RCC_EnableAHBPeriphReset                 0x080046b9   Thumb Code    56  n32g43x_rcc.o(.text)
    RCC_EnableAPB2PeriphReset                0x080046f1   Thumb Code    56  n32g43x_rcc.o(.text)
    RCC_EnableAPB1PeriphReset                0x08004729   Thumb Code    56  n32g43x_rcc.o(.text)
    RCC_EnableLowPowerReset                  0x08004761   Thumb Code    24  n32g43x_rcc.o(.text)
    RCC_EnableClockSecuritySystem            0x08004779   Thumb Code    22  n32g43x_rcc.o(.text)
    RCC_EnableLSEClockSecuritySystem         0x08004791   Thumb Code    24  n32g43x_rcc.o(.text)
    RCC_GetLSEClockSecuritySystemStatus      0x080047a9   Thumb Code    50  n32g43x_rcc.o(.text)
    RCC_ConfigMcoClkPre                      0x080047dd   Thumb Code    44  n32g43x_rcc.o(.text)
    RCC_ConfigMco                            0x08004809   Thumb Code    50  n32g43x_rcc.o(.text)
    RCC_ClrFlag                              0x0800483d   Thumb Code    26  n32g43x_rcc.o(.text)
    RCC_GetIntStatus                         0x08004859   Thumb Code    56  n32g43x_rcc.o(.text)
    RCC_ClrIntPendingBit                     0x08004891   Thumb Code    24  n32g43x_rcc.o(.text)
    TIM_DeInit                               0x080048a9   Thumb Code   350  n32g43x_tim.o(.text)
    TIM_InitTimeBase                         0x08004a09   Thumb Code   718  n32g43x_tim.o(.text)
    TIM_InitOc1                              0x08004cd9   Thumb Code   250  n32g43x_tim.o(.text)
    TIM_InitOc2                              0x08004dd5   Thumb Code   264  n32g43x_tim.o(.text)
    TIM_InitOc3                              0x08004edd   Thumb Code   262  n32g43x_tim.o(.text)
    TIM_InitOc4                              0x08004fe5   Thumb Code   206  n32g43x_tim.o(.text)
    TIM_InitOc5                              0x080050b5   Thumb Code   196  n32g43x_tim.o(.text)
    TIM_InitOc6                              0x08005179   Thumb Code   198  n32g43x_tim.o(.text)
    TIM_ICInit                               0x08005241   Thumb Code   258  n32g43x_tim.o(.text)
    TIM_SetInCap1Prescaler                   0x08005445   Thumb Code    34  n32g43x_tim.o(.text)
    TIM_SetInCap2Prescaler                   0x0800557d   Thumb Code    36  n32g43x_tim.o(.text)
    TIM_SetInCap3Prescaler                   0x080056a9   Thumb Code    34  n32g43x_tim.o(.text)
    TIM_SetInCap4Prescaler                   0x080057e1   Thumb Code    36  n32g43x_tim.o(.text)
    TIM_ConfigPwmIc                          0x08005805   Thumb Code   190  n32g43x_tim.o(.text)
    TIM_ConfigBkdt                           0x080058c5   Thumb Code   146  n32g43x_tim.o(.text)
    TIM_InitTimBaseStruct                    0x08005959   Thumb Code    58  n32g43x_tim.o(.text)
    TIM_InitOcStruct                         0x08005995   Thumb Code    42  n32g43x_tim.o(.text)
    TIM_InitIcStruct                         0x080059c1   Thumb Code    32  n32g43x_tim.o(.text)
    TIM_InitBkdtStruct                       0x080059e1   Thumb Code    38  n32g43x_tim.o(.text)
    TIM_Enable                               0x08005a09   Thumb Code    44  n32g43x_tim.o(.text)
    TIM_EnableCtrlPwmOutputs                 0x08005a35   Thumb Code    52  n32g43x_tim.o(.text)
    TIM_ConfigInt                            0x08005a69   Thumb Code    52  n32g43x_tim.o(.text)
    TIM_GenerateEvent                        0x08005a9d   Thumb Code    20  n32g43x_tim.o(.text)
    TIM_ConfigDma                            0x08005ab1   Thumb Code    32  n32g43x_tim.o(.text)
    TIM_EnableDma                            0x08005ad1   Thumb Code    52  n32g43x_tim.o(.text)
    TIM_ConfigInternalClk                    0x08005b05   Thumb Code    18  n32g43x_tim.o(.text)
    TIM_ConfigInternalTrigToExt              0x08005b19   Thumb Code    34  n32g43x_tim.o(.text)
    TIM_SelectInputTrig                      0x08005b3d   Thumb Code    60  n32g43x_tim.o(.text)
    TIM_ConfigExtTrigAsClk                   0x08005b79   Thumb Code    88  n32g43x_tim.o(.text)
    TIM_ConfigExtClkMode1                    0x08005bd1   Thumb Code   110  n32g43x_tim.o(.text)
    TIM_ConfigExtTrig                        0x08005c41   Thumb Code    78  n32g43x_tim.o(.text)
    TIM_ConfigExtClkMode2                    0x08005c91   Thumb Code    50  n32g43x_tim.o(.text)
    TIM_ConfigPrescaler                      0x08005cc5   Thumb Code    32  n32g43x_tim.o(.text)
    TIM_ConfigCntMode                        0x08005ce5   Thumb Code    46  n32g43x_tim.o(.text)
    TIM_ConfigEncoderInterface               0x08005d15   Thumb Code   158  n32g43x_tim.o(.text)
    TIM_ConfigForcedOc1                      0x08005db5   Thumb Code    60  n32g43x_tim.o(.text)
    TIM_ConfigForcedOc2                      0x08005df1   Thumb Code    62  n32g43x_tim.o(.text)
    TIM_ConfigForcedOc3                      0x08005e31   Thumb Code    60  n32g43x_tim.o(.text)
    TIM_ConfigForcedOc4                      0x08005e6d   Thumb Code    62  n32g43x_tim.o(.text)
    TIM_ConfigForcedOc5                      0x08005ead   Thumb Code    64  n32g43x_tim.o(.text)
    TIM_ConfigForcedOc6                      0x08005eed   Thumb Code    66  n32g43x_tim.o(.text)
    TIM_ConfigArPreload                      0x08005f31   Thumb Code    44  n32g43x_tim.o(.text)
    TIM_SelectComEvt                         0x08005f5d   Thumb Code    44  n32g43x_tim.o(.text)
    TIM_SelectCapCmpDmaSrc                   0x08005f89   Thumb Code    44  n32g43x_tim.o(.text)
    TIM_EnableCapCmpPreloadControl           0x08005fb5   Thumb Code    44  n32g43x_tim.o(.text)
    TIM_ConfigOc1Preload                     0x08005fe1   Thumb Code    60  n32g43x_tim.o(.text)
    TIM_ConfigOc2Preload                     0x0800601d   Thumb Code    62  n32g43x_tim.o(.text)
    TIM_ConfigOc3Preload                     0x0800605d   Thumb Code    60  n32g43x_tim.o(.text)
    TIM_ConfigOc4Preload                     0x08006099   Thumb Code    62  n32g43x_tim.o(.text)
    TIM_ConfigOc5Preload                     0x080060d9   Thumb Code    64  n32g43x_tim.o(.text)
    TIM_ConfigOc6Preload                     0x08006119   Thumb Code    66  n32g43x_tim.o(.text)
    TIM_ConfigOc1Fast                        0x0800615d   Thumb Code    60  n32g43x_tim.o(.text)
    TIM_ConfigOc2Fast                        0x08006199   Thumb Code    62  n32g43x_tim.o(.text)
    TIM_ConfigOc3Fast                        0x080061d9   Thumb Code    60  n32g43x_tim.o(.text)
    TIM_ConfigOc4Fast                        0x08006215   Thumb Code    62  n32g43x_tim.o(.text)
    TIM_ConfigOc5Fast                        0x08006255   Thumb Code    64  n32g43x_tim.o(.text)
    TIM_ConfigOc6Fast                        0x08006295   Thumb Code    66  n32g43x_tim.o(.text)
    TIM_ClrOc1Ref                            0x080062d9   Thumb Code    60  n32g43x_tim.o(.text)
    TIM_ClrOc2Ref                            0x08006315   Thumb Code    62  n32g43x_tim.o(.text)
    TIM_ClrOc3Ref                            0x08006355   Thumb Code    60  n32g43x_tim.o(.text)
    TIM_ClrOc4Ref                            0x08006391   Thumb Code    62  n32g43x_tim.o(.text)
    TIM_ClrOc5Ref                            0x080063d1   Thumb Code    64  n32g43x_tim.o(.text)
    TIM_ClrOc6Ref                            0x08006411   Thumb Code    66  n32g43x_tim.o(.text)
    TIM_ConfigOc1Polarity                    0x08006455   Thumb Code    46  n32g43x_tim.o(.text)
    TIM_ConfigOc1NPolarity                   0x08006485   Thumb Code    46  n32g43x_tim.o(.text)
    TIM_ConfigOc2Polarity                    0x080064b5   Thumb Code    48  n32g43x_tim.o(.text)
    TIM_ConfigOc2NPolarity                   0x080064e5   Thumb Code    48  n32g43x_tim.o(.text)
    TIM_ConfigOc3Polarity                    0x08006515   Thumb Code    48  n32g43x_tim.o(.text)
    TIM_ConfigOc3NPolarity                   0x08006545   Thumb Code    48  n32g43x_tim.o(.text)
    TIM_ConfigOc4Polarity                    0x08006575   Thumb Code    48  n32g43x_tim.o(.text)
    TIM_ConfigOc5Polarity                    0x080065a5   Thumb Code    48  n32g43x_tim.o(.text)
    TIM_ConfigOc6Polarity                    0x080065d5   Thumb Code    48  n32g43x_tim.o(.text)
    TIM_EnableCapCmpCh                       0x08006605   Thumb Code    62  n32g43x_tim.o(.text)
    TIM_EnableCapCmpChN                      0x08006645   Thumb Code    62  n32g43x_tim.o(.text)
    TIM_SelectOcMode                         0x08006685   Thumb Code   158  n32g43x_tim.o(.text)
    TIM_EnableUpdateEvt                      0x08006725   Thumb Code    44  n32g43x_tim.o(.text)
    TIM_ConfigUpdateRequestIntSrc            0x08006751   Thumb Code    44  n32g43x_tim.o(.text)
    TIM_SelectHallSensor                     0x0800677d   Thumb Code    44  n32g43x_tim.o(.text)
    TIM_SelectOnePulseMode                   0x080067a9   Thumb Code    34  n32g43x_tim.o(.text)
    TIM_SelectOutputTrig                     0x080067cd   Thumb Code    34  n32g43x_tim.o(.text)
    TIM_SelectSlaveMode                      0x080067f1   Thumb Code    34  n32g43x_tim.o(.text)
    TIM_SelectMasterSlaveMode                0x08006815   Thumb Code    34  n32g43x_tim.o(.text)
    TIM_SetCnt                               0x08006839   Thumb Code    20  n32g43x_tim.o(.text)
    TIM_SetAutoReload                        0x0800684d   Thumb Code    20  n32g43x_tim.o(.text)
    TIM_SetCmp1                              0x08006861   Thumb Code    20  n32g43x_tim.o(.text)
    TIM_SetCmp2                              0x08006875   Thumb Code    20  n32g43x_tim.o(.text)
    TIM_SetCmp3                              0x08006889   Thumb Code    20  n32g43x_tim.o(.text)
    TIM_SetCmp4                              0x0800689d   Thumb Code    22  n32g43x_tim.o(.text)
    TIM_SetCmp5                              0x080068b5   Thumb Code    22  n32g43x_tim.o(.text)
    TIM_SetCmp6                              0x080068cd   Thumb Code    22  n32g43x_tim.o(.text)
    TIM_SetClkDiv                            0x080068e5   Thumb Code    34  n32g43x_tim.o(.text)
    TIM_GetCap1                              0x08006909   Thumb Code    12  n32g43x_tim.o(.text)
    TIM_GetCap2                              0x08006915   Thumb Code    12  n32g43x_tim.o(.text)
    TIM_GetCap3                              0x08006921   Thumb Code    12  n32g43x_tim.o(.text)
    TIM_GetCap4                              0x0800692d   Thumb Code    14  n32g43x_tim.o(.text)
    TIM_GetCap5                              0x0800693d   Thumb Code    14  n32g43x_tim.o(.text)
    TIM_GetCap6                              0x0800694d   Thumb Code    14  n32g43x_tim.o(.text)
    TIM_GetCnt                               0x0800695d   Thumb Code    12  n32g43x_tim.o(.text)
    TIM_GetPrescaler                         0x08006969   Thumb Code    12  n32g43x_tim.o(.text)
    TIM_GetAutoReload                        0x08006975   Thumb Code    12  n32g43x_tim.o(.text)
    TIM_GetCCENStatus                        0x08006981   Thumb Code   188  n32g43x_tim.o(.text)
    TIM_GetFlagStatus                        0x08006a3d   Thumb Code    48  n32g43x_tim.o(.text)
    TIM_ClearFlag                            0x08006a6d   Thumb Code    18  n32g43x_tim.o(.text)
    TIM_GetIntStatus                         0x08006a81   Thumb Code    72  n32g43x_tim.o(.text)
    TIM_ClrIntPendingBit                     0x08006ac9   Thumb Code    18  n32g43x_tim.o(.text)
    USART_DeInit                             0x08006add   Thumb Code   208  n32g43x_usart.o(.text)
    USART_Init                               0x08006bad   Thumb Code   292  n32g43x_usart.o(.text)
    USART_StructInit                         0x08006cd1   Thumb Code    40  n32g43x_usart.o(.text)
    USART_ClockInit                          0x08006cf9   Thumb Code    58  n32g43x_usart.o(.text)
    USART_ClockStructInit                    0x08006d35   Thumb Code    26  n32g43x_usart.o(.text)
    USART_Enable                             0x08006d51   Thumb Code    44  n32g43x_usart.o(.text)
    USART_ConfigInt                          0x08006d7d   Thumb Code   146  n32g43x_usart.o(.text)
    USART_EnableDMA                          0x08006e11   Thumb Code    52  n32g43x_usart.o(.text)
    USART_SetAddr                            0x08006e45   Thumb Code    34  n32g43x_usart.o(.text)
    USART_ConfigWakeUpMode                   0x08006e69   Thumb Code    34  n32g43x_usart.o(.text)
    USART_EnableRcvWakeUp                    0x08006e8d   Thumb Code    44  n32g43x_usart.o(.text)
    USART_ConfigLINBreakDetectLength         0x08006eb9   Thumb Code    34  n32g43x_usart.o(.text)
    USART_EnableLIN                          0x08006edd   Thumb Code    44  n32g43x_usart.o(.text)
    USART_SendData                           0x08006f09   Thumb Code    24  n32g43x_usart.o(.text)
    USART_ReceiveData                        0x08006f21   Thumb Code    16  n32g43x_usart.o(.text)
    USART_SendBreak                          0x08006f31   Thumb Code    18  n32g43x_usart.o(.text)
    USART_SetGuardTime                       0x08006f45   Thumb Code    34  n32g43x_usart.o(.text)
    USART_SetPrescaler                       0x08006f69   Thumb Code    34  n32g43x_usart.o(.text)
    USART_EnableSmartCard                    0x08006f8d   Thumb Code    44  n32g43x_usart.o(.text)
    USART_SetSmartCardNACK                   0x08006fb9   Thumb Code    44  n32g43x_usart.o(.text)
    USART_EnableHalfDuplex                   0x08006fe5   Thumb Code    44  n32g43x_usart.o(.text)
    USART_ConfigIrDAMode                     0x08007011   Thumb Code    34  n32g43x_usart.o(.text)
    USART_EnableIrDA                         0x08007035   Thumb Code    44  n32g43x_usart.o(.text)
    USART_GetFlagStatus                      0x08007061   Thumb Code    68  n32g43x_usart.o(.text)
    USART_ClrFlag                            0x080070a5   Thumb Code    36  n32g43x_usart.o(.text)
    USART_GetIntStatus                       0x080070c9   Thumb Code   176  n32g43x_usart.o(.text)
    USART_ClrIntPendingBit                   0x08007179   Thumb Code    68  n32g43x_usart.o(.text)
    mcubus_cmd_cb                            0x080071c1   Thumb Code   262  main.o(.text)
    v2t                                      0x080072c9   Thumb Code   128  main.o(.text)
    ad2temp                                  0x08007349   Thumb Code   408  main.o(.text)
    ad3temp                                  0x080074e1   Thumb Code   408  main.o(.text)
    ad4temp                                  0x08007679   Thumb Code   360  main.o(.text)
    FAN_CTRL                                 0x080077e1   Thumb Code  1144  main.o(.text)
    Flash_Read                               0x08007c59   Thumb Code    16  main.o(.text)
    LedInit                                  0x08007c69   Thumb Code   176  main.o(.text)
    LedOff                                   0x08007d19   Thumb Code    20  main.o(.text)
    Delay                                    0x08008651   Thumb Code    26  main.o(.text)
    KeyInputInit                             0x0800866d   Thumb Code   170  main.o(.text)
    LedInit_in                               0x08008719   Thumb Code   176  main.o(.text)
    LedIni                                   0x080087c9   Thumb Code   176  main.o(.text)
    LedOn                                    0x08008879   Thumb Code    20  main.o(.text)
    LEDBlink                                 0x0800888d   Thumb Code    24  main.o(.text)
    LEDB                                     0x080088a5   Thumb Code    34  main.o(.text)
    FLASH_Program_User                       0x080088c9   Thumb Code   840  main.o(.text)
    main                                     0x08008c4d   Thumb Code   594  main.o(.text)
    NMI_Handler                              0x08008fc9   Thumb Code     2  n32g43x_it.o(.text)
    HardFault_Handler                        0x08008fcd   Thumb Code     4  n32g43x_it.o(.text)
    MemManage_Handler                        0x08008fd1   Thumb Code     4  n32g43x_it.o(.text)
    BusFault_Handler                         0x08008fd5   Thumb Code     4  n32g43x_it.o(.text)
    UsageFault_Handler                       0x08008fd9   Thumb Code     4  n32g43x_it.o(.text)
    SVC_Handler                              0x08008fdd   Thumb Code     2  n32g43x_it.o(.text)
    DebugMon_Handler                         0x08008fe1   Thumb Code     2  n32g43x_it.o(.text)
    SysTick_Handler                          0x08008fe5   Thumb Code     2  n32g43x_it.o(.text)
    DMA_IRQ_HANDLER                          0x08008fe9   Thumb Code     2  n32g43x_it.o(.text)
    LedInit_out1                             0x08008fed   Thumb Code   176  dlp_manager.o(.text)
    crcChecksum                              0x0800909d   Thumb Code   106  dlp_manager.o(.text)
    pic_add                                  0x08009109   Thumb Code    82  dlp_manager.o(.text)
    write_dlp                                0x08009185   Thumb Code   104  dlp_manager.o(.text)
    read_dlp                                 0x080091ed   Thumb Code   116  dlp_manager.o(.text)
    set_rgbcurrent                           0x08009261   Thumb Code    68  dlp_manager.o(.text)
    dlp_init                                 0x080092a5   Thumb Code     2  dlp_manager.o(.text)
    safe_read                                0x080092cd   Thumb Code   160  d3437.o(.text)
    safe_write                               0x0800936d   Thumb Code   144  d3437.o(.text)
    tsp_power                                0x080093fd   Thumb Code   178  d3437.o(.text)
    pattern_white                            0x080094b1   Thumb Code    84  d3437.o(.text)
    set_current                              0x08009505   Thumb Code   148  d3437.o(.text)
    pattern_white_low                        0x08009599   Thumb Code    84  d3437.o(.text)
    pattern_red                              0x080095ed   Thumb Code    46  d3437.o(.text)
    pattern_green                            0x0800961d   Thumb Code    46  d3437.o(.text)
    pattern_blue                             0x0800964d   Thumb Code    46  d3437.o(.text)
    pattern_black                            0x0800967d   Thumb Code    48  d3437.o(.text)
    pattern_magenta                          0x080096ad   Thumb Code    46  d3437.o(.text)
    pattern_yellow                           0x080096dd   Thumb Code    46  d3437.o(.text)
    after_splash                             0x0800970d   Thumb Code    76  d3437.o(.text)
    splash_0                                 0x08009759   Thumb Code   122  d3437.o(.text)
    splash_1                                 0x080097d5   Thumb Code    64  d3437.o(.text)
    splash_2                                 0x08009815   Thumb Code    60  d3437.o(.text)
    splash_3                                 0x08009851   Thumb Code    72  d3437.o(.text)
    splash_4                                 0x08009899   Thumb Code   144  d3437.o(.text)
    pattern_grids                            0x08009929   Thumb Code    46  d3437.o(.text)
    pic_init                                 0x08009959   Thumb Code   138  d3437.o(.text)
    set_look                                 0x080099e5   Thumb Code    32  d3437.o(.text)
    set_aprerture                            0x08009a05   Thumb Code    10  d3437.o(.text)
    set_actuator                             0x08009a11   Thumb Code    98  d3437.o(.text)
    actuator_pattern                         0x08009a75   Thumb Code    62  d3437.o(.text)
    actuator_read_gain                       0x08009ab5   Thumb Code    38  d3437.o(.text)
    set_actuator_gain                        0x08009add   Thumb Code    58  d3437.o(.text)
    power_off                                0x08009b19   Thumb Code    52  d3437.o(.text)
    power_on                                 0x08009b4d   Thumb Code   128  d3437.o(.text)
    set_led                                  0x08009bcd   Thumb Code    62  d3437.o(.text)
    proj_reset                               0x08009c0d   Thumb Code   116  d3437.o(.text)
    source_external                          0x08009c81   Thumb Code    68  d3437.o(.text)
    source_splash                            0x08009cc5   Thumb Code    40  d3437.o(.text)
    source_pattern                           0x08009ced   Thumb Code    52  d3437.o(.text)
    __delay_cycles                           0x08009d21   Thumb Code    30  i2c_master.o(.text)
    __delay_ms                               0x08009d41   Thumb Code    82  i2c_master.o(.text)
    Delay4us                                 0x08009d95   Thumb Code    18  i2c_master.o(.text)
    CHECKI2CSDA                              0x08009da9   Thumb Code    18  i2c_master.o(.text)
    CHECKI2CSCL                              0x08009dbd   Thumb Code    48  i2c_master.o(.text)
    i2c_init                                 0x08009ded   Thumb Code    68  i2c_master.o(.text)
    IIC_Start                                0x08009e31   Thumb Code    78  i2c_master.o(.text)
    IIC_Stop                                 0x08009e81   Thumb Code    86  i2c_master.o(.text)
    IIC_Wait_Ack                             0x08009ed9   Thumb Code   122  i2c_master.o(.text)
    IIC_Ack                                  0x08009f55   Thumb Code    66  i2c_master.o(.text)
    IIC_NAck                                 0x08009f99   Thumb Code    80  i2c_master.o(.text)
    IIC_Send_Byte                            0x08009fe9   Thumb Code   168  i2c_master.o(.text)
    IIC_Read_Byte                            0x0800a091   Thumb Code   174  i2c_master.o(.text)
    i2c_write_block                          0x0800a141   Thumb Code   296  i2c_master.o(.text)
    i2c_read_block                           0x0800a269   Thumb Code   238  i2c_master.o(.text)
    CI2cRead_Block_TEST                      0x0800a359   Thumb Code   270  i2c_master.o(.text)
    read_vol_IIC                             0x0800a469   Thumb Code   308  i2c_master.o(.text)
    io_set_high                              0x0800a59d   Thumb Code    20  n32g43x_start_pins.o(.text)
    io_set_low                               0x0800a5b1   Thumb Code    20  n32g43x_start_pins.o(.text)
    io_set_dir_out                           0x0800a5c5   Thumb Code    32  n32g43x_start_pins.o(.text)
    io_set_dir_in                            0x0800a5e5   Thumb Code    32  n32g43x_start_pins.o(.text)
    io_set_pull_off_mode                     0x0800a605   Thumb Code    32  n32g43x_start_pins.o(.text)
    io_set_pull_up_mode                      0x0800a625   Thumb Code    32  n32g43x_start_pins.o(.text)
    io_get_level                             0x0800a645   Thumb Code    42  n32g43x_start_pins.o(.text)
    UART_NVIC_Configuration                  0x0800a671   Thumb Code    44  bsp_uart.o(.text)
    bsp_uart_api_init                        0x0800a69d   Thumb Code   166  bsp_uart.o(.text)
    fputc                                    0x0800a745   Thumb Code   164  bsp_uart.o(.text)
    UART4_IRQHandler                         0x0800a7e9   Thumb Code   252  bsp_uart.o(.text)
    ADC_RCC_Configuration                    0x0800a8e5   Thumb Code    48  adc_basic.o(.text)
    ADC_GPIO_Configuration                   0x0800a915   Thumb Code    86  adc_basic.o(.text)
    ADC_GetData                              0x0800a96d   Thumb Code   104  adc_basic.o(.text)
    ADC_Initial                              0x0800a9d5   Thumb Code   120  adc_basic.o(.text)
    bsp_adc_init                             0x0800aa4d   Thumb Code    16  bsp_adc.o(.text)
    bsp_adc_get_value_block                  0x0800aa5d   Thumb Code   160  bsp_adc.o(.text)
    counter_init                             0x0800aafd   Thumb Code   116  counter.o(.text)
    TIM6_IRQHandler                          0x0800ab71   Thumb Code   376  counter.o(.text)
    counter_get_uptime                       0x0800ace9   Thumb Code    12  counter.o(.text)
    get_tim_delta                            0x0800acf5   Thumb Code    16  counter.o(.text)
    PWM_TIME                                 0x0800ad05   Thumb Code   156  pwm.o(.text)
    PWM_BLED                                 0x0800ada1   Thumb Code   176  pwm.o(.text)
    PWM_FAN1_4                               0x0800ae51   Thumb Code   188  pwm.o(.text)
    PWM_FAN_1                                0x0800af0d   Thumb Code   202  pwm.o(.text)
    PWM_FAN_5                                0x0800afd9   Thumb Code   158  pwm.o(.text)
    pwm_filter                               0x0800b079   Thumb Code   246  pwm.o(.text)
    DumpClock                                0x0800b171   Thumb Code   118  clkctrl.o(.text)
    CLKCTRL_init                             0x0800b1e9   Thumb Code    56  clkctrl.o(.text)
    SetSysClockToHSI                         0x0800b221   Thumb Code   274  clkctrl.o(.text)
    SetSysClockToMSI                         0x0800b335   Thumb Code    92  clkctrl.o(.text)
    SetSysClockToHSE                         0x0800b391   Thumb Code   276  clkctrl.o(.text)
    SetSysClockToPLL                         0x0800b4a5   Thumb Code   774  clkctrl.o(.text)
    softtimer_init                           0x0800b7ad   Thumb Code     2  app_softtimer.o(.text)
    softtimer_register                       0x0800b7b1   Thumb Code   168  app_softtimer.o(.text)
    softtimer_remove_by_function             0x0800b859   Thumb Code   112  app_softtimer.o(.text)
    softtimer_poll                           0x0800b8c9   Thumb Code   130  app_softtimer.o(.text)
    task                                     0x0800b94d   Thumb Code   196  app_softtimer.o(.text)
    log_init                                 0x0800ba11   Thumb Code     8  app_log.o(.text)
    NVIC_Configuration_I2C                   0x0800ba19   Thumb Code   128  i2c_slave_n32g43x.o(.text)
    I2C_ResetBusy                            0x0800ba99   Thumb Code    38  i2c_slave_n32g43x.o(.text)
    I2C2_GPIO_init                           0x0800bac1   Thumb Code    66  i2c_slave_n32g43x.o(.text)
    I2C2_init                                0x0800bb05   Thumb Code   132  i2c_slave_n32g43x.o(.text)
    I2C1_EV_IRQHandler                       0x0800bb89   Thumb Code   374  i2c_slave_n32g43x.o(.text)
    msg_dispatch_poll_1                      0x0800bd01   Thumb Code   684  i2c_slave_n32g43x.o(.text)
    LedInit_out                              0x0800bfad   Thumb Code   176  i2c_slave_n32g43x.o(.text)
    I2C1_ER_IRQHandler                       0x0800c05d   Thumb Code    64  i2c_slave_n32g43x.o(.text)
    bsp_focal_step_init                      0x0800c09d   Thumb Code   238  bsp_focal_dz24.o(.text)
    bsp_focal_init_dz24                      0x0800c18d   Thumb Code   134  bsp_focal_dz24.o(.text)
    bsp_focus_run_dz24                       0x0800c215   Thumb Code   536  bsp_focal_dz24.o(.text)
    bsp_focus_stop_dz24                      0x0800c42d   Thumb Code    52  bsp_focal_dz24.o(.text)
    bsp_zoom_run_dz24                        0x0800c461   Thumb Code   608  bsp_focal_dz24.o(.text)
    bsp_zoom_stop_dz24                       0x0800c6c1   Thumb Code    60  bsp_focal_dz24.o(.text)
    bsp_filter_run_dz24                      0x0800c6fd   Thumb Code   536  bsp_focal_dz24.o(.text)
    bsp_filter_stop_dz24                     0x0800c915   Thumb Code    52  bsp_focal_dz24.o(.text)
    LedInit_1                                0x0800c949   Thumb Code   176  app_iris.o(.text)
    app_iris_init                            0x0800c9f9   Thumb Code     8  app_iris.o(.text)
    app_iris_gpio_init                       0x0800ca01   Thumb Code   182  app_iris.o(.text)
    screen_poll                              0x0800cab9   Thumb Code   378  app_iris.o(.text)
    app_iris_poll                            0x0800cc35   Thumb Code   644  app_iris.o(.text)
    app_iris_poll_1                          0x0800ceb9   Thumb Code   760  app_iris.o(.text)
    iris_res                                 0x0800d1b1   Thumb Code   104  app_iris.o(.text)
    iris_poll_go                             0x0800d249   Thumb Code   248  app_iris.o(.text)
    iris_old                                 0x0800d341   Thumb Code   156  app_iris.o(.text)
    iris_poll                                0x0800d3dd   Thumb Code   566  app_iris.o(.text)
    iris_poll_bk                             0x0800d615   Thumb Code   158  app_iris.o(.text)
    IRIS_19_PI                               0x0800d6b5   Thumb Code    68  app_iris.o(.text)
    reset_iris                               0x0800d6f9   Thumb Code   166  app_iris.o(.text)
    iris_flag_poll                           0x0800d7a1   Thumb Code  1578  app_iris.o(.text)
    iris_old_1                               0x0800ddcd   Thumb Code  2922  app_iris.o(.text)
    focal_init                               0x0800e9d1   Thumb Code    40  app_focal_ctrl.o(.text)
    foacl                                    0x0800ea01   Thumb Code  3214  app_focal_ctrl.o(.text)
    old                                      0x0800f691   Thumb Code   228  app_focal_ctrl.o(.text)
    focal_ctrl_poll                          0x0800f775   Thumb Code   330  app_focal_ctrl.o(.text)
    focal_diver_poll                         0x0800f8c1   Thumb Code   430  app_focal_ctrl.o(.text)
    zoom_ctrl_poll                           0x0800fab9   Thumb Code   330  app_focal_ctrl.o(.text)
    zoom_diver_poll                          0x0800fc05   Thumb Code   430  app_focal_ctrl.o(.text)
    focal_back_go                            0x0800fdfd   Thumb Code   300  app_focal_ctrl.o(.text)
    zoom_back_go                             0x0800ff29   Thumb Code   296  app_focal_ctrl.o(.text)
    motol_pwm_change                         0x080100e9   Thumb Code   268  bsp_mult_pwm.o(.text)
    bsp_pwm_init                             0x080101f5   Thumb Code    20  bsp_mult_pwm.o(.text)
    bsp_pwm_set_dutycycle_TIM1_8             0x08010209   Thumb Code   246  bsp_mult_pwm.o(.text)
    __delay_cycles_1                         0x08010301   Thumb Code    30  i2c_master_1.o(.text)
    __delay_ms_1                             0x08010321   Thumb Code    82  i2c_master_1.o(.text)
    Delay4us_1                               0x08010375   Thumb Code    18  i2c_master_1.o(.text)
    CHECKI2CSDA_1                            0x08010389   Thumb Code    20  i2c_master_1.o(.text)
    CHECKI2CSCL_1                            0x0801039d   Thumb Code    50  i2c_master_1.o(.text)
    i2c_init_1                               0x080103d1   Thumb Code    72  i2c_master_1.o(.text)
    IIC_Start_1                              0x08010419   Thumb Code    82  i2c_master_1.o(.text)
    IIC_Stop_1                               0x0801046d   Thumb Code    90  i2c_master_1.o(.text)
    IIC_Wait_Ack_1                           0x080104c9   Thumb Code   126  i2c_master_1.o(.text)
    IIC_Ack_1                                0x08010549   Thumb Code    70  i2c_master_1.o(.text)
    IIC_NAck_1                               0x08010591   Thumb Code    84  i2c_master_1.o(.text)
    IIC_Send_Byte_1                          0x080105e5   Thumb Code   176  i2c_master_1.o(.text)
    IIC_Read_Byte_1                          0x08010695   Thumb Code   180  i2c_master_1.o(.text)
    i2c_write_block_1                        0x08010749   Thumb Code   314  i2c_master_1.o(.text)
    i2c_read_block_1                         0x08010885   Thumb Code   248  i2c_master_1.o(.text)
    CI2cRead_Block_TEST_1                    0x0801097d   Thumb Code   274  i2c_master_1.o(.text)
    read_vol_IIC_1                           0x08010a91   Thumb Code   308  i2c_master_1.o(.text)
    NVIC_Configuration_I2C_1                 0x08010bc5   Thumb Code   128  i2c2_slave_n32g43x.o(.text)
    I2C_ResetBusy_1                          0x08010c45   Thumb Code    38  i2c2_slave_n32g43x.o(.text)
    I2C2_GPIO_init_1                         0x08010c6d   Thumb Code    68  i2c2_slave_n32g43x.o(.text)
    I2C2_init_1                              0x08010cb1   Thumb Code   132  i2c2_slave_n32g43x.o(.text)
    I2C2_EV_IRQHandler                       0x08010d35   Thumb Code   358  i2c2_slave_n32g43x.o(.text)
    msg_dispatch_poll_2                      0x08010e9d   Thumb Code  6094  i2c2_slave_n32g43x.o(.text)
    LedInit_out_1                            0x0801266d   Thumb Code   176  i2c2_slave_n32g43x.o(.text)
    I2C2_ER_IRQHandler                       0x0801271d   Thumb Code    64  i2c2_slave_n32g43x.o(.text)
    __aeabi_memcpy                           0x0801275d   Thumb Code    36  memcpya.o(.text)
    __aeabi_memcpy4                          0x0801275d   Thumb Code     0  memcpya.o(.text)
    __aeabi_memcpy8                          0x0801275d   Thumb Code     0  memcpya.o(.text)
    __aeabi_memset                           0x08012781   Thumb Code    14  memseta.o(.text)
    __aeabi_memset4                          0x08012781   Thumb Code     0  memseta.o(.text)
    __aeabi_memset8                          0x08012781   Thumb Code     0  memseta.o(.text)
    __aeabi_memclr                           0x0801278f   Thumb Code     4  memseta.o(.text)
    __aeabi_memclr4                          0x0801278f   Thumb Code     0  memseta.o(.text)
    __aeabi_memclr8                          0x0801278f   Thumb Code     0  memseta.o(.text)
    _memset$wrapper                          0x08012793   Thumb Code    18  memseta.o(.text)
    __aeabi_dadd                             0x080127a5   Thumb Code   322  dadd.o(.text)
    __aeabi_dsub                             0x080128e7   Thumb Code     6  dadd.o(.text)
    __aeabi_drsub                            0x080128ed   Thumb Code     6  dadd.o(.text)
    __aeabi_dmul                             0x080128f3   Thumb Code   228  dmul.o(.text)
    __aeabi_ddiv                             0x080129d7   Thumb Code   222  ddiv.o(.text)
    __aeabi_f2d                              0x08012ab5   Thumb Code    38  f2d.o(.text)
    __aeabi_d2f                              0x08012adb   Thumb Code    56  d2f.o(.text)
    __aeabi_uidiv                            0x08012b13   Thumb Code     0  uidiv.o(.text)
    __aeabi_uidivmod                         0x08012b13   Thumb Code    44  uidiv.o(.text)
    __aeabi_uldivmod                         0x08012b3f   Thumb Code    98  uldiv.o(.text)
    __aeabi_llsl                             0x08012ba1   Thumb Code    30  llshl.o(.text)
    _ll_shift_l                              0x08012ba1   Thumb Code     0  llshl.o(.text)
    __aeabi_lasr                             0x08012bbf   Thumb Code    36  llsshr.o(.text)
    _ll_sshift_r                             0x08012bbf   Thumb Code     0  llsshr.o(.text)
    __I$use$fp                               0x08012be3   Thumb Code     0  iusefp.o(.text)
    _float_round                             0x08012be3   Thumb Code    18  fepilogue.o(.text)
    _float_epilogue                          0x08012bf5   Thumb Code    92  fepilogue.o(.text)
    _double_round                            0x08012c51   Thumb Code    30  depilogue.o(.text)
    _double_epilogue                         0x08012c6f   Thumb Code   156  depilogue.o(.text)
    __aeabi_d2ulz                            0x08012d0b   Thumb Code    48  dfixul.o(.text)
    __aeabi_cdrcmple                         0x08012d3d   Thumb Code    48  cdrcmple.o(.text)
    __scatterload                            0x08012d6d   Thumb Code    28  init.o(.text)
    __scatterload_rt2                        0x08012d6d   Thumb Code     0  init.o(.text)
    __aeabi_llsr                             0x08012d91   Thumb Code    32  llushr.o(.text)
    _ll_ushift_r                             0x08012d91   Thumb Code     0  llushr.o(.text)
    __0printf                                0x08012db1   Thumb Code    22  printfa.o(i.__0printf)
    __1printf                                0x08012db1   Thumb Code     0  printfa.o(i.__0printf)
    __2printf                                0x08012db1   Thumb Code     0  printfa.o(i.__0printf)
    __c89printf                              0x08012db1   Thumb Code     0  printfa.o(i.__0printf)
    printf                                   0x08012db1   Thumb Code     0  printfa.o(i.__0printf)
    __hardfp_logf                            0x08012dd1   Thumb Code   320  logf.o(i.__hardfp_logf)
    __mathlib_logf                           0x08012dd1   Thumb Code     0  logf.o(i.__hardfp_logf)
    __mathlib_flt_divzero                    0x08012f3d   Thumb Code    14  funder.o(i.__mathlib_flt_divzero)
    __mathlib_flt_infnan                     0x08012f51   Thumb Code     6  funder.o(i.__mathlib_flt_infnan)
    __mathlib_flt_invalid                    0x08012f59   Thumb Code    10  funder.o(i.__mathlib_flt_invalid)
    __scatterload_copy                       0x08012f69   Thumb Code    14  handlers.o(i.__scatterload_copy)
    __scatterload_null                       0x08012f77   Thumb Code     2  handlers.o(i.__scatterload_null)
    __scatterload_zeroinit                   0x08012f79   Thumb Code    14  handlers.o(i.__scatterload_zeroinit)
    __set_errno                              0x08012f89   Thumb Code     6  errno.o(i.__set_errno)
    free                                     0x08013849   Thumb Code    76  malloc.o(i.free)
    malloc                                   0x08013899   Thumb Code    92  malloc.o(i.malloc)
    AHBPrescTable                            0x0801394e   Data          16  system_n32g43x.o(.rodata.AHBPrescTable)
    MSIClockTable                            0x08013960   Data          28  system_n32g43x.o(.rodata.MSIClockTable)
    Region$$Table$$Base                      0x08013ca0   Number         0  anon$$obj.o(Region$$Table)
    Region$$Table$$Limit                     0x08013cc0   Number         0  anon$$obj.o(Region$$Table)
    __stdout                                 0x20000000   Data           4  stdout.o(.data)
    __microlib_freelist                      0x20000004   Data           4  mvars.o(.data)
    __microlib_freelist_initialised          0x20000008   Data           4  mvars.o(.data)
    SystemCoreClock                          0x2000001c   Data           4  system_n32g43x.o(.data.SystemCoreClock)
    iris_direction                           0x20000020   Data           1  app_iris.o(.data.iris_direction)
    pwn_count                                0x20000021   Data           1  i2c2_slave_n32g43x.o(.data.pwn_count)
    tmp_row                                  0x20000024   Data          36  main.o(.data.tmp_row)
    ADC_GPIO_InitStructure                   0x20000048   Data          16  adc_basic.o(.bss.ADC_GPIO_InitStructure)
    ADC_InitStructure                        0x20000058   Data          16  adc_basic.o(.bss.ADC_InitStructure)
    B_current                                0x20000068   Data           2  d3437.o(.bss.B_current)
    Channel1Pulse                            0x2000006a   Data           2  pwm.o(.bss.Channel1Pulse)
    Channel2Pulse                            0x2000006c   Data           2  pwm.o(.bss.Channel2Pulse)
    Channel3Pulse                            0x2000006e   Data           2  pwm.o(.bss.Channel3Pulse)
    Channel4Pulse                            0x20000070   Data           2  pwm.o(.bss.Channel4Pulse)
    Cnt                                      0x20000074   Data           4  app_iris.o(.bss.Cnt)
    FANPWM                                   0x20000078   Data           1  main.o(.bss.FANPWM)
    FANPWM_1                                 0x20000079   Data           1  main.o(.bss.FANPWM_1)
    FANPWM_2                                 0x2000007a   Data           1  main.o(.bss.FANPWM_2)
    FANPWM_3                                 0x2000007b   Data           1  main.o(.bss.FANPWM_3)
    FANPWM_4                                 0x2000007c   Data           1  main.o(.bss.FANPWM_4)
    Fan_speed                                0x2000007d   Data           6  main.o(.bss.Fan_speed)
    G_current                                0x20000084   Data           2  d3437.o(.bss.G_current)
    HSEStartUpStatus                         0x20000086   Data           1  clkctrl.o(.bss.HSEStartUpStatus)
    HSIStartUpStatus                         0x20000087   Data           1  clkctrl.o(.bss.HSIStartUpStatus)
    K8_flag                                  0x20000088   Data           1  d3437.o(.bss.K8_flag)
    MOTOR_count                              0x20000089   Data           1  i2c2_slave_n32g43x.o(.bss.MOTOR_count)
    PWM_GPIO_InitStructure                   0x200000dc   Data          16  pwm.o(.bss.PWM_GPIO_InitStructure)
    RCC_ClockFreq                            0x200000ec   Data          24  clkctrl.o(.bss.RCC_ClockFreq)
    R_current                                0x20000104   Data           2  d3437.o(.bss.R_current)
    R_flag                                   0x20000106   Data           1  i2c_slave_n32g43x.o(.bss.R_flag)
    RcycleCnt_focus                          0x20000108   Data           2  app_focal_ctrl.o(.bss.RcycleCnt_focus)
    RcycleCnt_zoom                           0x2000010a   Data           2  app_focal_ctrl.o(.bss.RcycleCnt_zoom)
    Recycle                                  0x2000010c   Data           1  app_iris.o(.bss.Recycle)
    RecycleFlag                              0x2000010d   Data           1  app_focal_ctrl.o(.bss.RecycleFlag)
    RecycleFlag_1                            0x2000010e   Data           1  app_focal_ctrl.o(.bss.RecycleFlag_1)
    Recycle_1                                0x2000010f   Data           1  app_iris.o(.bss.Recycle_1)
    RxBuffer                                 0x20000110   Data          15  bsp_uart.o(.bss.RxBuffer)
    TEMP                                     0x20000120   Data          12  main.o(.bss.TEMP)
    TEMP_DMD                                 0x2000012c   Data           2  i2c2_slave_n32g43x.o(.bss.TEMP_DMD)
    TIM2_change                              0x2000012e   Data           2  bsp_mult_pwm.o(.bss.TIM2_change)
    TIM4_change                              0x20000130   Data           2  bsp_mult_pwm.o(.bss.TIM4_change)
    TIM_OCInitStructure                      0x20000132   Data          16  pwm.o(.bss.TIM_OCInitStructure)
    TIM_TimeBaseStructure                    0x20000142   Data          16  pwm.o(.bss.TIM_TimeBaseStructure)
    TIMx_pwm                                 0x20000152   Data           2  bsp_mult_pwm.o(.bss.TIMx_pwm)
    addr                                     0x20000158   Data           4  i2c2_slave_n32g43x.o(.bss.addr)
    aut_df                                   0x2000015c   Data           4  app_focal_ctrl.o(.bss.aut_df)
    aut_iris                                 0x20000160   Data           1  app_focal_ctrl.o(.bss.aut_iris)
    count_1                                  0x20000162   Data           2  app_iris.o(.bss.count_1)
    data_buf                                 0x20000168   Data         100  i2c_slave_n32g43x.o(.bss.data_buf)
    data_buf_1                               0x200001cc   Data         100  i2c2_slave_n32g43x.o(.bss.data_buf_1)
    df_status                                0x20000230   Data           1  i2c2_slave_n32g43x.o(.bss.df_status)
    errorflag                                0x20000231   Data           1  i2c_master.o(.bss.errorflag)
    errorflag_1                              0x20000232   Data           1  i2c_master_1.o(.bss.errorflag_1)
    filter_pi                                0x20000233   Data           5  main.o(.bss.filter_pi)
    filter_step_number                       0x20000238   Data           2  i2c2_slave_n32g43x.o(.bss.filter_step_number)
    flag_1                                   0x2000023a   Data           1  counter.o(.bss.flag_1)
    flag_1ms                                 0x2000023b   Data           1  counter.o(.bss.flag_1ms)
    flag_20ms                                0x2000023c   Data           1  counter.o(.bss.flag_20ms)
    flag_500pps                              0x2000023d   Data           1  counter.o(.bss.flag_500pps)
    flag_500us                               0x2000023e   Data           1  counter.o(.bss.flag_500us)
    flag_900us                               0x2000023f   Data           1  counter.o(.bss.flag_900us)
    flag_count                               0x20000240   Data           1  i2c2_slave_n32g43x.o(.bss.flag_count)
    flag_pi                                  0x20000241   Data           1  app_iris.o(.bss.flag_pi)
    focal_motor_step                         0x20000248   Data           2  app_focal_ctrl.o(.bss.focal_motor_step)
    focal_pi_flag                            0x2000024a   Data           1  app_focal_ctrl.o(.bss.focal_pi_flag)
    focal_step                               0x2000024c   Data           2  app_focal_ctrl.o(.bss.focal_step)
    focal_step_go                            0x2000024e   Data           2  app_focal_ctrl.o(.bss.focal_step_go)
    focal_test_flag                          0x20000250   Data           1  app_focal_ctrl.o(.bss.focal_test_flag)
    focaltest                                0x20000251   Data           1  app_focal_ctrl.o(.bss.focaltest)
    focus_step_number                        0x20000252   Data           2  app_focal_ctrl.o(.bss.focus_step_number)
    g_t_reg                                  0x20000254   Data          96  main.o(.bss.g_t_reg)
    i                                        0x200002b4   Data           4  main.o(.bss.i)
    iris_flag                                0x200002b8   Data           1  app_iris.o(.bss.iris_flag)
    iris_number                              0x200002ba   Data           2  app_iris.o(.bss.iris_number)
    iris_number_1                            0x200002bc   Data           2  app_focal_ctrl.o(.bss.iris_number_1)
    iris_reset                               0x200002be   Data           1  app_iris.o(.bss.iris_reset)
    iris_step                                0x200002c0   Data           4  app_iris.o(.bss.iris_step)
    iris_step_g                              0x200002c4   Data           2  app_iris.o(.bss.iris_step_g)
    iris_step_go                             0x200002c8   Data           4  app_iris.o(.bss.iris_step_go)
    iris_step_number                         0x200002cc   Data           1  app_iris.o(.bss.iris_step_number)
    irisreset                                0x200002cd   Data           1  app_iris.o(.bss.irisreset)
    iristest                                 0x200002ce   Data           1  app_iris.o(.bss.iristest)
    log_flag                                 0x200002d4   Data           1  bsp_uart.o(.bss.log_flag)
    log_number                               0x200002d5   Data           1  bsp_uart.o(.bss.log_number)
    log_pps                                  0x200002d6   Data           2  app_focal_ctrl.o(.bss.log_pps)
    log_step                                 0x200002d8   Data           2  app_focal_ctrl.o(.bss.log_step)
    pi_filter                                0x200002da   Data           2  main.o(.bss.pi_filter)
    pic_pos                                  0x200002dc   Data           4  dlp_manager.o(.bss.pic_pos)
    read_add                                 0x200002e0   Data           1  i2c_slave_n32g43x.o(.bss.read_add)
    read_add_1                               0x200002e1   Data           1  i2c2_slave_n32g43x.o(.bss.read_add_1)
    reture_date                              0x200002e2   Data          10  app_focal_ctrl.o(.bss.reture_date)
    status                                   0x200003e0   Data           1  i2c2_slave_n32g43x.o(.bss.status)
    temp                                     0x200003e4   Data          28  main.o(.bss.temp)
    tepm_B                                   0x20000400   Data           1  main.o(.bss.tepm_B)
    tepm_BP                                  0x20000401   Data           1  main.o(.bss.tepm_BP)
    tepm_DR                                  0x20000402   Data           1  main.o(.bss.tepm_DR)
    tepm_G                                   0x20000403   Data           1  main.o(.bss.tepm_G)
    tepm_R                                   0x20000404   Data           1  main.o(.bss.tepm_R)
    tepm_b                                   0x20000405   Data           1  main.o(.bss.tepm_b)
    tepm_bp                                  0x20000406   Data           1  main.o(.bss.tepm_bp)
    tepm_dr                                  0x20000407   Data           1  main.o(.bss.tepm_dr)
    tepm_g                                   0x20000408   Data           1  main.o(.bss.tepm_g)
    tepm_r                                   0x20000409   Data           1  main.o(.bss.tepm_r)
    time1_counter1                           0x2000040a   Data           2  counter.o(.bss.time1_counter1)
    time1_counter2                           0x2000040c   Data           2  counter.o(.bss.time1_counter2)
    time1_counter3                           0x2000040e   Data           2  counter.o(.bss.time1_counter3)
    time1_counter4                           0x20000410   Data           2  counter.o(.bss.time1_counter4)
    time1_counter5                           0x20000412   Data           2  counter.o(.bss.time1_counter5)
    time1_counter6                           0x20000414   Data           2  counter.o(.bss.time1_counter6)
    time_flag                                0x20000416   Data           2  app_iris.o(.bss.time_flag)
    user_buf2                                0x20000418   Data         256  i2c2_slave_n32g43x.o(.bss.user_buf2)
    zoom_motor_step                          0x20000518   Data           2  app_focal_ctrl.o(.bss.zoom_motor_step)
    zoom_pi_flag                             0x2000051a   Data           1  app_focal_ctrl.o(.bss.zoom_pi_flag)
    zoom_step                                0x2000051c   Data           2  app_focal_ctrl.o(.bss.zoom_step)
    zoom_step_go                             0x2000051e   Data           2  app_focal_ctrl.o(.bss.zoom_step_go)
    zoom_step_number                         0x20000520   Data           2  app_focal_ctrl.o(.bss.zoom_step_number)
    zoom_test_flag                           0x20000522   Data           1  app_focal_ctrl.o(.bss.zoom_test_flag)
    zoomtest                                 0x20000523   Data           1  app_focal_ctrl.o(.bss.zoomtest)
    __heap_base                              0x20000528   Data           0  startup_n32g43x.o(HEAP)
    __heap_limit                             0x20000828   Data           0  startup_n32g43x.o(HEAP)
    __initial_sp                             0x20001d28   Data           0  startup_n32g43x.o(STACK)



==============================================================================

Memory Map of the image

  Image Entry point : 0x08000149

  Load Region LR_IROM1 (Base: 0x08000000, Size: 0x00013d08, Max: 0x00020000, ABSOLUTE)

    Execution Region ER_IROM1 (Exec base: 0x08000000, Load base: 0x08000000, Size: 0x00013cc0, Max: 0x00020000, ABSOLUTE)

    Exec Addr    Load Addr    Size         Type   Attr      Idx    E Section Name        Object

    0x08000000   0x08000000   0x00000148   Data   RO            3    RESET               startup_n32g43x.o
    0x08000148   0x08000148   0x00000000   Code   RO          578  * .ARM.Collect$$$$00000000  mc_w.l(entry.o)
    0x08000148   0x08000148   0x00000004   Code   RO          671    .ARM.Collect$$$$00000001  mc_w.l(entry2.o)
    0x0800014c   0x0800014c   0x00000004   Code   RO          674    .ARM.Collect$$$$00000004  mc_w.l(entry5.o)
    0x08000150   0x08000150   0x00000000   Code   RO          676    .ARM.Collect$$$$00000008  mc_w.l(entry7b.o)
    0x08000150   0x08000150   0x00000000   Code   RO          678    .ARM.Collect$$$$0000000A  mc_w.l(entry8b.o)
    0x08000150   0x08000150   0x00000008   Code   RO          679    .ARM.Collect$$$$0000000B  mc_w.l(entry9a.o)
    0x08000158   0x08000158   0x00000000   Code   RO          681    .ARM.Collect$$$$0000000D  mc_w.l(entry10a.o)
    0x08000158   0x08000158   0x00000000   Code   RO          683    .ARM.Collect$$$$0000000F  mc_w.l(entry11a.o)
    0x08000158   0x08000158   0x00000004   Code   RO          672    .ARM.Collect$$$$00002712  mc_w.l(entry2.o)
    0x0800015c   0x0800015c   0x00000024   Code   RO            4    .text               startup_n32g43x.o
    0x08000180   0x08000180   0x00000478   Code   RO           10    .text               system_n32g43x.o
    0x080005f8   0x080005f8   0x00000160   Code   RO           20    .text               misc.o
    0x08000758   0x08000758   0x00000ad8   Code   RO           27    .text               n32g43x_adc.o
    0x08001230   0x08001230   0x00000210   Code   RO           62    .text               n32g43x_dbg.o
    0x08001440   0x08001440   0x00000222   Code   RO           76    .text               n32g43x_exti.o
    0x08001662   0x08001662   0x00000002   PAD
    0x08001664   0x08001664   0x00001164   Code   RO           83    .text               n32g43x_flash.o
    0x080027c8   0x080027c8   0x00000a3a   Code   RO           90    .text               n32g43x_gpio.o
    0x08003202   0x08003202   0x00000002   PAD
    0x08003204   0x08003204   0x0000079e   Code   RO           97    .text               n32g43x_i2c.o
    0x080039a2   0x080039a2   0x00000002   PAD
    0x080039a4   0x080039a4   0x00000f04   Code   RO          139    .text               n32g43x_rcc.o
    0x080048a8   0x080048a8   0x00002232   Code   RO          164    .text               n32g43x_tim.o
    0x08006ada   0x08006ada   0x00000002   PAD
    0x08006adc   0x08006adc   0x000006e0   Code   RO          178    .text               n32g43x_usart.o
    0x080071bc   0x080071bc   0x00000004   PAD
    0x080071c0   0x080071c0   0x00001e08   Code   RO          192    .text               main.o
    0x08008fc8   0x08008fc8   0x00000022   Code   RO          267    .text               n32g43x_it.o
    0x08008fea   0x08008fea   0x00000002   PAD
    0x08008fec   0x08008fec   0x000002e0   Code   RO          274    .text               dlp_manager.o
    0x080092cc   0x080092cc   0x00000a54   Code   RO          284    .text               d3437.o
    0x08009d20   0x08009d20   0x0000087c   Code   RO          301    .text               i2c_master.o
    0x0800a59c   0x0800a59c   0x000000d2   Code   RO          309    .text               n32g43x_start_pins.o
    0x0800a66e   0x0800a66e   0x00000002   PAD
    0x0800a670   0x0800a670   0x00000274   Code   RO          316    .text               bsp_uart.o
    0x0800a8e4   0x0800a8e4   0x00000168   Code   RO          327    .text               adc_basic.o
    0x0800aa4c   0x0800aa4c   0x000000b0   Code   RO          336    .text               bsp_adc.o
    0x0800aafc   0x0800aafc   0x00000208   Code   RO          343    .text               counter.o
    0x0800ad04   0x0800ad04   0x0000046a   Code   RO          365    .text               pwm.o
    0x0800b16e   0x0800b16e   0x00000002   PAD
    0x0800b170   0x0800b170   0x0000063a   Code   RO          379    .text               clkctrl.o
    0x0800b7aa   0x0800b7aa   0x00000002   PAD
    0x0800b7ac   0x0800b7ac   0x00000264   Code   RO          391    .text               app_softtimer.o
    0x0800ba10   0x0800ba10   0x00000008   Code   RO          400    .text               app_log.o
    0x0800ba18   0x0800ba18   0x00000684   Code   RO          407    .text               i2c_slave_n32g43x.o
    0x0800c09c   0x0800c09c   0x000008ac   Code   RO          429    .text               bsp_focal_dz24.o
    0x0800c948   0x0800c948   0x00002088   Code   RO          436    .text               app_iris.o
    0x0800e9d0   0x0800e9d0   0x00001718   Code   RO          473    .text               app_focal_ctrl.o
    0x080100e8   0x080100e8   0x00000216   Code   RO          520    .text               bsp_mult_pwm.o
    0x080102fe   0x080102fe   0x00000002   PAD
    0x08010300   0x08010300   0x000008c4   Code   RO          542    .text               i2c_master_1.o
    0x08010bc4   0x08010bc4   0x00001b98   Code   RO          550    .text               i2c2_slave_n32g43x.o
    0x0801275c   0x0801275c   0x00000024   Code   RO          585    .text               mc_w.l(memcpya.o)
    0x08012780   0x08012780   0x00000024   Code   RO          587    .text               mc_w.l(memseta.o)
    0x080127a4   0x080127a4   0x0000014e   Code   RO          647    .text               mf_w.l(dadd.o)
    0x080128f2   0x080128f2   0x000000e4   Code   RO          649    .text               mf_w.l(dmul.o)
    0x080129d6   0x080129d6   0x000000de   Code   RO          651    .text               mf_w.l(ddiv.o)
    0x08012ab4   0x08012ab4   0x00000026   Code   RO          653    .text               mf_w.l(f2d.o)
    0x08012ada   0x08012ada   0x00000038   Code   RO          655    .text               mf_w.l(d2f.o)
    0x08012b12   0x08012b12   0x0000002c   Code   RO          695    .text               mc_w.l(uidiv.o)
    0x08012b3e   0x08012b3e   0x00000062   Code   RO          697    .text               mc_w.l(uldiv.o)
    0x08012ba0   0x08012ba0   0x0000001e   Code   RO          699    .text               mc_w.l(llshl.o)
    0x08012bbe   0x08012bbe   0x00000024   Code   RO          701    .text               mc_w.l(llsshr.o)
    0x08012be2   0x08012be2   0x00000000   Code   RO          712    .text               mc_w.l(iusefp.o)
    0x08012be2   0x08012be2   0x0000006e   Code   RO          713    .text               mf_w.l(fepilogue.o)
    0x08012c50   0x08012c50   0x000000ba   Code   RO          715    .text               mf_w.l(depilogue.o)
    0x08012d0a   0x08012d0a   0x00000030   Code   RO          717    .text               mf_w.l(dfixul.o)
    0x08012d3a   0x08012d3a   0x00000002   PAD
    0x08012d3c   0x08012d3c   0x00000030   Code   RO          719    .text               mf_w.l(cdrcmple.o)
    0x08012d6c   0x08012d6c   0x00000024   Code   RO          721    .text               mc_w.l(init.o)
    0x08012d90   0x08012d90   0x00000020   Code   RO          723    .text               mc_w.l(llushr.o)
    0x08012db0   0x08012db0   0x00000020   Code   RO          592    i.__0printf         mc_w.l(printfa.o)
    0x08012dd0   0x08012dd0   0x0000016c   Code   RO          571    i.__hardfp_logf     m_wm.l(logf.o)
    0x08012f3c   0x08012f3c   0x00000014   Code   RO          657    i.__mathlib_flt_divzero  m_wm.l(funder.o)
    0x08012f50   0x08012f50   0x00000006   Code   RO          658    i.__mathlib_flt_infnan  m_wm.l(funder.o)
    0x08012f56   0x08012f56   0x00000002   PAD
    0x08012f58   0x08012f58   0x00000010   Code   RO          660    i.__mathlib_flt_invalid  m_wm.l(funder.o)
    0x08012f68   0x08012f68   0x0000000e   Code   RO          727    i.__scatterload_copy  mc_w.l(handlers.o)
    0x08012f76   0x08012f76   0x00000002   Code   RO          728    i.__scatterload_null  mc_w.l(handlers.o)
    0x08012f78   0x08012f78   0x0000000e   Code   RO          729    i.__scatterload_zeroinit  mc_w.l(handlers.o)
    0x08012f86   0x08012f86   0x00000002   PAD
    0x08012f88   0x08012f88   0x0000000c   Code   RO          707    i.__set_errno       mc_w.l(errno.o)
    0x08012f94   0x08012f94   0x00000184   Code   RO          599    i._fp_digits        mc_w.l(printfa.o)
    0x08013118   0x08013118   0x000006dc   Code   RO          600    i._printf_core      mc_w.l(printfa.o)
    0x080137f4   0x080137f4   0x00000024   Code   RO          601    i._printf_post_padding  mc_w.l(printfa.o)
    0x08013818   0x08013818   0x0000002e   Code   RO          602    i._printf_pre_padding  mc_w.l(printfa.o)
    0x08013846   0x08013846   0x00000002   PAD
    0x08013848   0x08013848   0x00000050   Code   RO          619    i.free              mc_w.l(malloc.o)
    0x08013898   0x08013898   0x0000006c   Code   RO          620    i.malloc            mc_w.l(malloc.o)
    0x08013904   0x08013904   0x00000040   Data   RO          574    .constdata          m_wm.l(logf.o)
    0x08013944   0x08013944   0x0000000a   Data   RO          287    .rodata..L__const.after_splash.d  d3437.o
    0x0801394e   0x0801394e   0x00000010   Data   RO           13    .rodata.AHBPrescTable  system_n32g43x.o
    0x0801395e   0x0801395e   0x00000002   PAD
    0x08013960   0x08013960   0x0000001c   Data   RO           14    .rodata.MSIClockTable  system_n32g43x.o
    0x0801397c   0x0801397c   0x00000100   Data   RO          276    .rodata.g_sCRCHI    dlp_manager.o
    0x08013a7c   0x08013a7c   0x00000100   Data   RO          277    .rodata.g_sCRCLO    dlp_manager.o
    0x08013b7c   0x08013b7c   0x00000010   Data   RO          143    .rodata.s_AdcHclkPresTable  n32g43x_rcc.o
    0x08013b8c   0x08013b8c   0x00000020   Data   RO          144    .rodata.s_AdcPllClkPresTable  n32g43x_rcc.o
    0x08013bac   0x08013bac   0x00000010   Data   RO          142    .rodata.s_ApbAhbPresTable  n32g43x_rcc.o
    0x08013bbc   0x08013bbc   0x0000001c   Data   RO          141    .rodata.s_msiClockTable  n32g43x_rcc.o
    0x08013bd8   0x08013bd8   0x000000b4   Data   RO          381    .rodata.str1.1      clkctrl.o
    0x08013c8c   0x08013c8c   0x00000013   Data   RO          494    .rodata.str1.1      app_focal_ctrl.o
    0x08013c9f   0x08013c9f   0x00000001   PAD
    0x08013ca0   0x08013ca0   0x00000020   Data   RO          726    Region$$Table       anon$$obj.o


    Execution Region RW_IRAM1 (Exec base: 0x20000000, Load base: 0x08013cc0, Size: 0x00001d28, Max: 0x00008000, ABSOLUTE)

    Exec Addr    Load Addr    Size         Type   Attr      Idx    E Section Name        Object

    0x20000000   0x08013cc0   0x00000004   Data   RW          685    .data               mc_w.l(stdout.o)
    0x20000004   0x08013cc4   0x00000004   Data   RW          703    .data               mc_w.l(mvars.o)
    0x20000008   0x08013cc8   0x00000004   Data   RW          704    .data               mc_w.l(mvars.o)
    0x2000000c   0x08013ccc   0x00000004   Data   RW          708    .data               mc_w.l(errno.o)
    0x20000010   0x08013cd0   0x00000001   Data   RW          231    .data.PIDCalc.Upper_Limit  main.o
    0x20000011   0x08013cd1   0x00000001   Data   RW          230    .data.PIDCalc.pidt  main.o
    0x20000012   0x08013cd2   0x00000001   Data   RW          238    .data.PIDCalc1.Upper_Limit  main.o
    0x20000013   0x08013cd3   0x00000001   Data   RW          237    .data.PIDCalc1.pidt  main.o
    0x20000014   0x08013cd4   0x00000001   Data   RW          245    .data.PIDCalc2.Upper_Limit  main.o
    0x20000015   0x08013cd5   0x00000001   Data   RW          244    .data.PIDCalc2.pidt  main.o
    0x20000016   0x08013cd6   0x00000001   Data   RW          252    .data.PIDCalc3.Upper_Limit  main.o
    0x20000017   0x08013cd7   0x00000001   Data   RW          251    .data.PIDCalc3.pidt  main.o
    0x20000018   0x08013cd8   0x00000001   Data   RW          259    .data.PIDCalc4.Upper_Limit  main.o
    0x20000019   0x08013cd9   0x00000001   Data   RW          258    .data.PIDCalc4.pidt  main.o
    0x2000001a   0x08013cda   0x00000002   PAD
    0x2000001c   0x08013cdc   0x00000004   Data   RW           12    .data.SystemCoreClock  system_n32g43x.o
    0x20000020   0x08013ce0   0x00000001   Data   RW          446    .data.iris_direction  app_iris.o
    0x20000021   0x08013ce1   0x00000001   Data   RW          552    .data.pwn_count     i2c2_slave_n32g43x.o
    0x20000022   0x08013ce2   0x00000002   PAD
    0x20000024   0x08013ce4   0x00000024   Data   RW          199    .data.tmp_row       main.o
    0x20000048        -       0x00000010   Zero   RW          329    .bss.ADC_GPIO_InitStructure  adc_basic.o
    0x20000058        -       0x00000010   Zero   RW          330    .bss.ADC_InitStructure  adc_basic.o
    0x20000068        -       0x00000002   Zero   RW          294    .bss.B_current      d3437.o
    0x2000006a        -       0x00000002   Zero   RW          367    .bss.Channel1Pulse  pwm.o
    0x2000006c        -       0x00000002   Zero   RW          368    .bss.Channel2Pulse  pwm.o
    0x2000006e        -       0x00000002   Zero   RW          369    .bss.Channel3Pulse  pwm.o
    0x20000070        -       0x00000002   Zero   RW          370    .bss.Channel4Pulse  pwm.o
    0x20000072   0x08013d08   0x00000002   PAD
    0x20000074        -       0x00000004   Zero   RW          451    .bss.Cnt            app_iris.o
    0x20000078        -       0x00000001   Zero   RW          207    .bss.FANPWM         main.o
    0x20000079        -       0x00000001   Zero   RW          208    .bss.FANPWM_1       main.o
    0x2000007a        -       0x00000001   Zero   RW          209    .bss.FANPWM_2       main.o
    0x2000007b        -       0x00000001   Zero   RW          210    .bss.FANPWM_3       main.o
    0x2000007c        -       0x00000001   Zero   RW          211    .bss.FANPWM_4       main.o
    0x2000007d        -       0x00000006   Zero   RW          201    .bss.Fan_speed      main.o
    0x20000083   0x08013d08   0x00000001   PAD
    0x20000084        -       0x00000002   Zero   RW          293    .bss.G_current      d3437.o
    0x20000086        -       0x00000001   Zero   RW          384    .bss.HSEStartUpStatus  clkctrl.o
    0x20000087        -       0x00000001   Zero   RW          383    .bss.HSIStartUpStatus  clkctrl.o
    0x20000088        -       0x00000001   Zero   RW          286    .bss.K8_flag        d3437.o
    0x20000089        -       0x00000001   Zero   RW          559    .bss.MOTOR_count    i2c2_slave_n32g43x.o
    0x2000008a   0x08013d08   0x00000002   PAD
    0x2000008c        -       0x00000004   Zero   RW          227    .bss.PIDCalc.ERR    main.o
    0x20000090        -       0x00000004   Zero   RW          228    .bss.PIDCalc.ERR1   main.o
    0x20000094        -       0x00000004   Zero   RW          229    .bss.PIDCalc.ERR2   main.o
    0x20000098        -       0x00000001   Zero   RW          232    .bss.PIDCalc.Lower_Limit  main.o
    0x20000099        -       0x00000001   Zero   RW          226    .bss.PIDCalc.Out1   main.o
    0x2000009a   0x08013d08   0x00000002   PAD
    0x2000009c        -       0x00000004   Zero   RW          234    .bss.PIDCalc1.ERR   main.o
    0x200000a0        -       0x00000004   Zero   RW          235    .bss.PIDCalc1.ERR1  main.o
    0x200000a4        -       0x00000004   Zero   RW          236    .bss.PIDCalc1.ERR2  main.o
    0x200000a8        -       0x00000001   Zero   RW          239    .bss.PIDCalc1.Lower_Limit  main.o
    0x200000a9        -       0x00000001   Zero   RW          233    .bss.PIDCalc1.Out1  main.o
    0x200000aa   0x08013d08   0x00000002   PAD
    0x200000ac        -       0x00000004   Zero   RW          241    .bss.PIDCalc2.ERR   main.o
    0x200000b0        -       0x00000004   Zero   RW          242    .bss.PIDCalc2.ERR1  main.o
    0x200000b4        -       0x00000004   Zero   RW          243    .bss.PIDCalc2.ERR2  main.o
    0x200000b8        -       0x00000001   Zero   RW          246    .bss.PIDCalc2.Lower_Limit  main.o
    0x200000b9        -       0x00000001   Zero   RW          240    .bss.PIDCalc2.Out1  main.o
    0x200000ba   0x08013d08   0x00000002   PAD
    0x200000bc        -       0x00000004   Zero   RW          248    .bss.PIDCalc3.ERR   main.o
    0x200000c0        -       0x00000004   Zero   RW          249    .bss.PIDCalc3.ERR1  main.o
    0x200000c4        -       0x00000004   Zero   RW          250    .bss.PIDCalc3.ERR2  main.o
    0x200000c8        -       0x00000001   Zero   RW          253    .bss.PIDCalc3.Lower_Limit  main.o
    0x200000c9        -       0x00000001   Zero   RW          247    .bss.PIDCalc3.Out1  main.o
    0x200000ca   0x08013d08   0x00000002   PAD
    0x200000cc        -       0x00000004   Zero   RW          255    .bss.PIDCalc4.ERR   main.o
    0x200000d0        -       0x00000004   Zero   RW          256    .bss.PIDCalc4.ERR1  main.o
    0x200000d4        -       0x00000004   Zero   RW          257    .bss.PIDCalc4.ERR2  main.o
    0x200000d8        -       0x00000001   Zero   RW          260    .bss.PIDCalc4.Lower_Limit  main.o
    0x200000d9        -       0x00000001   Zero   RW          254    .bss.PIDCalc4.Out1  main.o
    0x200000da   0x08013d08   0x00000002   PAD
    0x200000dc        -       0x00000010   Zero   RW          371    .bss.PWM_GPIO_InitStructure  pwm.o
    0x200000ec        -       0x00000018   Zero   RW          382    .bss.RCC_ClockFreq  clkctrl.o
    0x20000104        -       0x00000002   Zero   RW          292    .bss.R_current      d3437.o
    0x20000106        -       0x00000001   Zero   RW          411    .bss.R_flag         i2c_slave_n32g43x.o
    0x20000107   0x08013d08   0x00000001   PAD
    0x20000108        -       0x00000002   Zero   RW          500    .bss.RcycleCnt_focus  app_focal_ctrl.o
    0x2000010a        -       0x00000002   Zero   RW          504    .bss.RcycleCnt_zoom  app_focal_ctrl.o
    0x2000010c        -       0x00000001   Zero   RW          458    .bss.Recycle        app_iris.o
    0x2000010d        -       0x00000001   Zero   RW          479    .bss.RecycleFlag    app_focal_ctrl.o
    0x2000010e        -       0x00000001   Zero   RW          480    .bss.RecycleFlag_1  app_focal_ctrl.o
    0x2000010f        -       0x00000001   Zero   RW          459    .bss.Recycle_1      app_iris.o
    0x20000110        -       0x0000000f   Zero   RW          321    .bss.RxBuffer       bsp_uart.o
    0x2000011f   0x08013d08   0x00000001   PAD
    0x20000120        -       0x0000000c   Zero   RW          200    .bss.TEMP           main.o
    0x2000012c        -       0x00000002   Zero   RW          562    .bss.TEMP_DMD       i2c2_slave_n32g43x.o
    0x2000012e        -       0x00000002   Zero   RW          523    .bss.TIM2_change    bsp_mult_pwm.o
    0x20000130        -       0x00000002   Zero   RW          522    .bss.TIM4_change    bsp_mult_pwm.o
    0x20000132        -       0x00000010   Zero   RW          373    .bss.TIM_OCInitStructure  pwm.o
    0x20000142        -       0x00000010   Zero   RW          372    .bss.TIM_TimeBaseStructure  pwm.o
    0x20000152        -       0x00000002   Zero   RW          524    .bss.TIMx_pwm       bsp_mult_pwm.o
    0x20000154        -       0x00000001   Zero   RW          288    .bss.act_gain       d3437.o
    0x20000155        -       0x00000001   Zero   RW          290    .bss.actuator_read_gain.gain  d3437.o
    0x20000156   0x08013d08   0x00000002   PAD
    0x20000158        -       0x00000004   Zero   RW          557    .bss.addr           i2c2_slave_n32g43x.o
    0x2000015c        -       0x00000004   Zero   RW          492    .bss.aut_df         app_focal_ctrl.o
    0x20000160        -       0x00000001   Zero   RW          491    .bss.aut_iris       app_focal_ctrl.o
    0x20000161   0x08013d08   0x00000001   PAD
    0x20000162        -       0x00000002   Zero   RW          461    .bss.count_1        app_iris.o
    0x20000164        -       0x00000004   Zero   RW          358    .bss.counter_uptime  counter.o
    0x20000168        -       0x00000064   Zero   RW          421    .bss.data_buf       i2c_slave_n32g43x.o
    0x200001cc        -       0x00000064   Zero   RW          554    .bss.data_buf_1     i2c2_slave_n32g43x.o
    0x20000230        -       0x00000001   Zero   RW          561    .bss.df_status      i2c2_slave_n32g43x.o
    0x20000231        -       0x00000001   Zero   RW          303    .bss.errorflag      i2c_master.o
    0x20000232        -       0x00000001   Zero   RW          544    .bss.errorflag_1    i2c_master_1.o
    0x20000233        -       0x00000005   Zero   RW          213    .bss.filter_pi      main.o
    0x20000238        -       0x00000002   Zero   RW          560    .bss.filter_step_number  i2c2_slave_n32g43x.o
    0x2000023a        -       0x00000001   Zero   RW          357    .bss.flag_1         counter.o
    0x2000023b        -       0x00000001   Zero   RW          352    .bss.flag_1ms       counter.o
    0x2000023c        -       0x00000001   Zero   RW          353    .bss.flag_20ms      counter.o
    0x2000023d        -       0x00000001   Zero   RW          356    .bss.flag_500pps    counter.o
    0x2000023e        -       0x00000001   Zero   RW          355    .bss.flag_500us     counter.o
    0x2000023f        -       0x00000001   Zero   RW          354    .bss.flag_900us     counter.o
    0x20000240        -       0x00000001   Zero   RW          556    .bss.flag_count     i2c2_slave_n32g43x.o
    0x20000241        -       0x00000001   Zero   RW          453    .bss.flag_pi        app_iris.o
    0x20000242        -       0x00000006   Zero   RW          481    .bss.focal_ctrl     app_focal_ctrl.o
    0x20000248        -       0x00000002   Zero   RW          497    .bss.focal_motor_step  app_focal_ctrl.o
    0x2000024a        -       0x00000001   Zero   RW          477    .bss.focal_pi_flag  app_focal_ctrl.o
    0x2000024b   0x08013d08   0x00000001   PAD
    0x2000024c        -       0x00000002   Zero   RW          487    .bss.focal_step     app_focal_ctrl.o
    0x2000024e        -       0x00000002   Zero   RW          499    .bss.focal_step_go  app_focal_ctrl.o
    0x20000250        -       0x00000001   Zero   RW          495    .bss.focal_test_flag  app_focal_ctrl.o
    0x20000251        -       0x00000001   Zero   RW          498    .bss.focaltest      app_focal_ctrl.o
    0x20000252        -       0x00000002   Zero   RW          488    .bss.focus_step_number  app_focal_ctrl.o
    0x20000254        -       0x00000060   Zero   RW          198    .bss.g_t_reg        main.o
    0x200002b4        -       0x00000004   Zero   RW          194    .bss.i              main.o
    0x200002b8        -       0x00000001   Zero   RW          460    .bss.iris_flag      app_iris.o
    0x200002b9   0x08013d08   0x00000001   PAD
    0x200002ba        -       0x00000002   Zero   RW          456    .bss.iris_number    app_iris.o
    0x200002bc        -       0x00000002   Zero   RW          493    .bss.iris_number_1  app_focal_ctrl.o
    0x200002be        -       0x00000001   Zero   RW          457    .bss.iris_reset     app_iris.o
    0x200002bf   0x08013d08   0x00000001   PAD
    0x200002c0        -       0x00000004   Zero   RW          440    .bss.iris_step      app_iris.o
    0x200002c4        -       0x00000002   Zero   RW          452    .bss.iris_step_g    app_iris.o
    0x200002c6   0x08013d08   0x00000002   PAD
    0x200002c8        -       0x00000004   Zero   RW          441    .bss.iris_step_go   app_iris.o
    0x200002cc        -       0x00000001   Zero   RW          439    .bss.iris_step_number  app_iris.o
    0x200002cd        -       0x00000001   Zero   RW          454    .bss.irisreset      app_iris.o
    0x200002ce        -       0x00000001   Zero   RW          455    .bss.iristest       app_iris.o
    0x200002cf   0x08013d08   0x00000001   PAD
    0x200002d0        -       0x00000004   Zero   RW          320    .bss.is_lr_sent     bsp_uart.o
    0x200002d4        -       0x00000001   Zero   RW          319    .bss.log_flag       bsp_uart.o
    0x200002d5        -       0x00000001   Zero   RW          318    .bss.log_number     bsp_uart.o
    0x200002d6        -       0x00000002   Zero   RW          486    .bss.log_pps        app_focal_ctrl.o
    0x200002d8        -       0x00000002   Zero   RW          485    .bss.log_step       app_focal_ctrl.o
    0x200002da        -       0x00000002   Zero   RW          214    .bss.pi_filter      main.o
    0x200002dc        -       0x00000004   Zero   RW          278    .bss.pic_pos        dlp_manager.o
    0x200002e0        -       0x00000001   Zero   RW          422    .bss.read_add       i2c_slave_n32g43x.o
    0x200002e1        -       0x00000001   Zero   RW          555    .bss.read_add_1     i2c2_slave_n32g43x.o
    0x200002e2        -       0x0000000a   Zero   RW          484    .bss.reture_date    app_focal_ctrl.o
    0x200002ec        -       0x00000001   Zero   RW          420    .bss.rxDataNum      i2c_slave_n32g43x.o
    0x200002ed        -       0x00000001   Zero   RW          553    .bss.rxDataNum_1    i2c2_slave_n32g43x.o
    0x200002ee   0x08013d08   0x00000002   PAD
    0x200002f0        -       0x000000f0   Zero   RW          393    .bss.softtimer_table  app_softtimer.o
    0x200003e0        -       0x00000001   Zero   RW          563    .bss.status         i2c2_slave_n32g43x.o
    0x200003e1   0x08013d08   0x00000003   PAD
    0x200003e4        -       0x0000001c   Zero   RW          197    .bss.temp           main.o
    0x20000400        -       0x00000001   Zero   RW          204    .bss.tepm_B         main.o
    0x20000401        -       0x00000001   Zero   RW          205    .bss.tepm_BP        main.o
    0x20000402        -       0x00000001   Zero   RW          206    .bss.tepm_DR        main.o
    0x20000403        -       0x00000001   Zero   RW          203    .bss.tepm_G         main.o
    0x20000404        -       0x00000001   Zero   RW          202    .bss.tepm_R         main.o
    0x20000405        -       0x00000001   Zero   RW          221    .bss.tepm_b         main.o
    0x20000406        -       0x00000001   Zero   RW          222    .bss.tepm_bp        main.o
    0x20000407        -       0x00000001   Zero   RW          223    .bss.tepm_dr        main.o
    0x20000408        -       0x00000001   Zero   RW          220    .bss.tepm_g         main.o
    0x20000409        -       0x00000001   Zero   RW          219    .bss.tepm_r         main.o
    0x2000040a        -       0x00000002   Zero   RW          346    .bss.time1_counter1  counter.o
    0x2000040c        -       0x00000002   Zero   RW          347    .bss.time1_counter2  counter.o
    0x2000040e        -       0x00000002   Zero   RW          348    .bss.time1_counter3  counter.o
    0x20000410        -       0x00000002   Zero   RW          349    .bss.time1_counter4  counter.o
    0x20000412        -       0x00000002   Zero   RW          350    .bss.time1_counter5  counter.o
    0x20000414        -       0x00000002   Zero   RW          351    .bss.time1_counter6  counter.o
    0x20000416        -       0x00000002   Zero   RW          462    .bss.time_flag      app_iris.o
    0x20000418        -       0x00000100   Zero   RW          558    .bss.user_buf2      i2c2_slave_n32g43x.o
    0x20000518        -       0x00000002   Zero   RW          501    .bss.zoom_motor_step  app_focal_ctrl.o
    0x2000051a        -       0x00000001   Zero   RW          478    .bss.zoom_pi_flag   app_focal_ctrl.o
    0x2000051b   0x08013d08   0x00000001   PAD
    0x2000051c        -       0x00000002   Zero   RW          489    .bss.zoom_step      app_focal_ctrl.o
    0x2000051e        -       0x00000002   Zero   RW          503    .bss.zoom_step_go   app_focal_ctrl.o
    0x20000520        -       0x00000002   Zero   RW          490    .bss.zoom_step_number  app_focal_ctrl.o
    0x20000522        -       0x00000001   Zero   RW          496    .bss.zoom_test_flag  app_focal_ctrl.o
    0x20000523        -       0x00000001   Zero   RW          502    .bss.zoomtest       app_focal_ctrl.o
    0x20000524   0x08013d08   0x00000004   PAD
    0x20000528        -       0x00000300   Zero   RW            2    HEAP                startup_n32g43x.o
    0x20000828        -       0x00001500   Zero   RW            1    STACK               startup_n32g43x.o


==============================================================================

Image component sizes


      Code (inc. data)   RO Data    RW Data    ZI Data      Debug   Object Name

       360          0          0          0         32       3252   adc_basic.o
      5912         16         19          0         55       7196   app_focal_ctrl.o
      8328         20          0          1         28       7202   app_iris.o
         8          0          0          0          0        369   app_log.o
       612          0          0          0        240       1982   app_softtimer.o
       176          0          0          0          0       1470   bsp_adc.o
      2220         24          0          0          0       6044   bsp_focal_dz24.o
       534          8          0          0          6       2312   bsp_mult_pwm.o
       628          0          0          0         21       5225   bsp_uart.o
      1594          0        180          0         26       4230   clkctrl.o
       520          0          0          0         22       5036   counter.o
      2644          0         10          0          9       5642   d3437.o
       736          0        512          0          4       4064   dlp_manager.o
      7064          0          0          1        370       9600   i2c2_slave_n32g43x.o
      2172          0          0          0          1       4046   i2c_master.o
      2244          0          0          0          1       4097   i2c_master_1.o
      1668          0          0          0        103       6578   i2c_slave_n32g43x.o
      7688        212          0         46        238      14385   main.o
       352          0          0          0          0       2896   misc.o
      2776          0          0          0          0       9071   n32g43x_adc.o
       528          0          0          0          0       1986   n32g43x_dbg.o
       546          0          0          0          0       2612   n32g43x_exti.o
      4452          0          0          0          0       9373   n32g43x_flash.o
      2618          0          0          0          0       7604   n32g43x_gpio.o
      1950          0          0          0          0       6842   n32g43x_i2c.o
        34          0          0          0          0        822   n32g43x_it.o
      3844         14         92          0          0      11026   n32g43x_rcc.o
       210          0          0          0          0       1600   n32g43x_start_pins.o
      8754          0          0          0          0      21456   n32g43x_tim.o
      1760          0          0          0          0       6260   n32g43x_usart.o
      1130          0          0          0         56       4380   pwm.o
        36          8        328          0       6144        900   startup_n32g43x.o
      1144         14         44          4          0       3313   system_n32g43x.o

    ----------------------------------------------------------------------
     75264        316       1220         56       7392     182871   Object Totals
         0          0         32          0          0          0   (incl. Generated)
        22          0          3          4         36          0   (incl. Padding)

    ----------------------------------------------------------------------

      Code (inc. data)   RO Data    RW Data    ZI Data      Debug   Library Member Name

        42         12          0          0          0        348   funder.o
       364         44         64          0          0        140   logf.o
         0          0          0          0          0          0   entry.o
         0          0          0          0          0          0   entry10a.o
         0          0          0          0          0          0   entry11a.o
         8          4          0          0          0          0   entry2.o
         4          0          0          0          0          0   entry5.o
         0          0          0          0          0          0   entry7b.o
         0          0          0          0          0          0   entry8b.o
         8          4          0          0          0          0   entry9a.o
        12          6          0          4          0         68   errno.o
        30          0          0          0          0          0   handlers.o
        36          8          0          0          0         68   init.o
         0          0          0          0          0          0   iusefp.o
        30          0          0          0          0         68   llshl.o
        36          0          0          0          0         68   llsshr.o
        32          0          0          0          0         68   llushr.o
       188         20          0          0          0        160   malloc.o
        36          0          0          0          0         68   memcpya.o
        36          0          0          0          0        108   memseta.o
         0          0          0          8          0          0   mvars.o
      2258         90          0          0          0        452   printfa.o
         0          0          0          4          0          0   stdout.o
        44          0          0          0          0         80   uidiv.o
        98          0          0          0          0         92   uldiv.o
        48          0          0          0          0         68   cdrcmple.o
        56          0          0          0          0         88   d2f.o
       334          0          0          0          0        148   dadd.o
       222          0          0          0          0        100   ddiv.o
       186          0          0          0          0        176   depilogue.o
        48          0          0          0          0         68   dfixul.o
       228          0          0          0          0         96   dmul.o
        38          0          0          0          0         68   f2d.o
       110          0          0          0          0        168   fepilogue.o

    ----------------------------------------------------------------------
      4540        188         64         16          0       2768   Library Totals
         8          0          0          0          0          0   (incl. Padding)

    ----------------------------------------------------------------------

      Code (inc. data)   RO Data    RW Data    ZI Data      Debug   Library Name

       406         56         64          0          0        488   m_wm.l
      2856        132          0         16          0       1300   mc_w.l
      1270          0          0          0          0        980   mf_w.l

    ----------------------------------------------------------------------
      4540        188         64         16          0       2768   Library Totals

    ----------------------------------------------------------------------

==============================================================================


      Code (inc. data)   RO Data    RW Data    ZI Data      Debug   

     79804        504       1284         72       7392     183779   Grand Totals
     79804        504       1284         72       7392     183779   ELF Image Totals
     79804        504       1284         72          0          0   ROM Totals

==============================================================================

    Total RO  Size (Code + RO Data)                81088 (  79.19kB)
    Total RW  Size (RW Data + ZI Data)              7464 (   7.29kB)
    Total ROM Size (Code + RO Data + RW Data)      81160 (  79.26kB)

==============================================================================

