<!doctype html public "-//w3c//dtd html 4.0 transitional//en">
<html><head>
<title>Static Call Graph - [.\Objects\IORemap.axf]</title></head>
<body><HR>
<H1>Static Call Graph for image .\Objects\IORemap.axf</H1><HR>
<BR><P>#&#060CALLGRAPH&#062# ARM Linker, 6160001: Last Updated: Wed May 17 17:38:39 2023
<BR><P>
<H3>Maximum Stack Usage =       2700 bytes + Unknown(Cycles, Untraceable Function Pointers)</H3><H3>
Call chain for Maximum Stack Depth:</H3>
I2C2_EV_IRQHandler &rArr; msg_dispatch_poll_2 &rArr; FLASH_Program_User &rArr; FLASH_ProgramPage &rArr; FLASH_ProgramWord &rArr; FLASH_WaitForLastOpt &rArr; FLASH_GetSTS
<P>
<H3>
Mutually Recursive functions
</H3> <LI><a href="#[8]">PendSV_Handler</a>&nbsp;&nbsp;&nbsp;&rArr;&nbsp;&nbsp;&nbsp;<a href="#[8]">PendSV_Handler</a><BR>
 <LI><a href="#[1d]">ADC_IRQHandler</a>&nbsp;&nbsp;&nbsp;&rArr;&nbsp;&nbsp;&nbsp;<a href="#[1d]">ADC_IRQHandler</a><BR>
</UL>
<P>
<H3>
Function Pointers
</H3><UL>
 <LI><a href="#[1d]">ADC_IRQHandler</a> from startup_n32g43x.o(.text) referenced from startup_n32g43x.o(RESET)
 <LI><a href="#[4]">BusFault_Handler</a> from n32g43x_it.o(.text) referenced from startup_n32g43x.o(RESET)
 <LI><a href="#[40]">CAN_RX0_IRQHandler</a> from startup_n32g43x.o(.text) referenced from startup_n32g43x.o(RESET)
 <LI><a href="#[41]">CAN_RX1_IRQHandler</a> from startup_n32g43x.o(.text) referenced from startup_n32g43x.o(RESET)
 <LI><a href="#[42]">CAN_SCE_IRQHandler</a> from startup_n32g43x.o(.text) referenced from startup_n32g43x.o(RESET)
 <LI><a href="#[3f]">CAN_TX_IRQHandler</a> from startup_n32g43x.o(.text) referenced from startup_n32g43x.o(RESET)
 <LI><a href="#[20]">COMP_1_2_IRQHandler</a> from startup_n32g43x.o(.text) referenced from startup_n32g43x.o(RESET)
 <LI><a href="#[15]">DMA_Channel1_IRQHandler</a> from startup_n32g43x.o(.text) referenced from startup_n32g43x.o(RESET)
 <LI><a href="#[16]">DMA_Channel2_IRQHandler</a> from startup_n32g43x.o(.text) referenced from startup_n32g43x.o(RESET)
 <LI><a href="#[17]">DMA_Channel3_IRQHandler</a> from startup_n32g43x.o(.text) referenced from startup_n32g43x.o(RESET)
 <LI><a href="#[18]">DMA_Channel4_IRQHandler</a> from startup_n32g43x.o(.text) referenced from startup_n32g43x.o(RESET)
 <LI><a href="#[19]">DMA_Channel5_IRQHandler</a> from startup_n32g43x.o(.text) referenced from startup_n32g43x.o(RESET)
 <LI><a href="#[1a]">DMA_Channel6_IRQHandler</a> from startup_n32g43x.o(.text) referenced from startup_n32g43x.o(RESET)
 <LI><a href="#[1b]">DMA_Channel7_IRQHandler</a> from startup_n32g43x.o(.text) referenced from startup_n32g43x.o(RESET)
 <LI><a href="#[1c]">DMA_Channel8_IRQHandler</a> from startup_n32g43x.o(.text) referenced from startup_n32g43x.o(RESET)
 <LI><a href="#[7]">DebugMon_Handler</a> from n32g43x_it.o(.text) referenced from startup_n32g43x.o(RESET)
 <LI><a href="#[10]">EXTI0_IRQHandler</a> from startup_n32g43x.o(.text) referenced from startup_n32g43x.o(RESET)
 <LI><a href="#[32]">EXTI15_10_IRQHandler</a> from startup_n32g43x.o(.text) referenced from startup_n32g43x.o(RESET)
 <LI><a href="#[11]">EXTI1_IRQHandler</a> from startup_n32g43x.o(.text) referenced from startup_n32g43x.o(RESET)
 <LI><a href="#[12]">EXTI2_IRQHandler</a> from startup_n32g43x.o(.text) referenced from startup_n32g43x.o(RESET)
 <LI><a href="#[13]">EXTI3_IRQHandler</a> from startup_n32g43x.o(.text) referenced from startup_n32g43x.o(RESET)
 <LI><a href="#[14]">EXTI4_IRQHandler</a> from startup_n32g43x.o(.text) referenced from startup_n32g43x.o(RESET)
 <LI><a href="#[21]">EXTI9_5_IRQHandler</a> from startup_n32g43x.o(.text) referenced from startup_n32g43x.o(RESET)
 <LI><a href="#[e]">FLASH_IRQHandler</a> from startup_n32g43x.o(.text) referenced from startup_n32g43x.o(RESET)
 <LI><a href="#[2]">HardFault_Handler</a> from n32g43x_it.o(.text) referenced from startup_n32g43x.o(RESET)
 <LI><a href="#[2a]">I2C1_ER_IRQHandler</a> from i2c_slave_n32g43x.o(.text) referenced from startup_n32g43x.o(RESET)
 <LI><a href="#[29]">I2C1_EV_IRQHandler</a> from i2c_slave_n32g43x.o(.text) referenced from startup_n32g43x.o(RESET)
 <LI><a href="#[2c]">I2C2_ER_IRQHandler</a> from i2c2_slave_n32g43x.o(.text) referenced from startup_n32g43x.o(RESET)
 <LI><a href="#[2b]">I2C2_EV_IRQHandler</a> from i2c2_slave_n32g43x.o(.text) referenced from startup_n32g43x.o(RESET)
 <LI><a href="#[44]">LPTIM_WKUP_IRQHandler</a> from startup_n32g43x.o(.text) referenced from startup_n32g43x.o(RESET)
 <LI><a href="#[3b]">LPUART_IRQHandler</a> from startup_n32g43x.o(.text) referenced from startup_n32g43x.o(RESET)
 <LI><a href="#[43]">LPUART_WKUP_IRQHandler</a> from startup_n32g43x.o(.text) referenced from startup_n32g43x.o(RESET)
 <LI><a href="#[46]">MMU_IRQHandler</a> from startup_n32g43x.o(.text) referenced from startup_n32g43x.o(RESET)
 <LI><a href="#[3]">MemManage_Handler</a> from n32g43x_it.o(.text) referenced from startup_n32g43x.o(RESET)
 <LI><a href="#[1]">NMI_Handler</a> from n32g43x_it.o(.text) referenced from startup_n32g43x.o(RESET)
 <LI><a href="#[b]">PVD_IRQHandler</a> from startup_n32g43x.o(.text) referenced from startup_n32g43x.o(RESET)
 <LI><a href="#[8]">PendSV_Handler</a> from startup_n32g43x.o(.text) referenced from startup_n32g43x.o(RESET)
 <LI><a href="#[48]">RAMC_PERR_IRQHandler</a> from startup_n32g43x.o(.text) referenced from startup_n32g43x.o(RESET)
 <LI><a href="#[f]">RCC_IRQHandler</a> from startup_n32g43x.o(.text) referenced from startup_n32g43x.o(RESET)
 <LI><a href="#[33]">RTCAlarm_IRQHandler</a> from startup_n32g43x.o(.text) referenced from startup_n32g43x.o(RESET)
 <LI><a href="#[d]">RTC_WKUP_IRQHandler</a> from startup_n32g43x.o(.text) referenced from startup_n32g43x.o(RESET)
 <LI><a href="#[0]">Reset_Handler</a> from startup_n32g43x.o(.text) referenced from startup_n32g43x.o(RESET)
 <LI><a href="#[45]">SAC_IRQHandler</a> from startup_n32g43x.o(.text) referenced from startup_n32g43x.o(RESET)
 <LI><a href="#[2d]">SPI1_IRQHandler</a> from startup_n32g43x.o(.text) referenced from startup_n32g43x.o(RESET)
 <LI><a href="#[2e]">SPI2_IRQHandler</a> from startup_n32g43x.o(.text) referenced from startup_n32g43x.o(RESET)
 <LI><a href="#[6]">SVC_Handler</a> from n32g43x_it.o(.text) referenced from startup_n32g43x.o(RESET)
 <LI><a href="#[9]">SysTick_Handler</a> from n32g43x_it.o(.text) referenced from startup_n32g43x.o(RESET)
 <LI><a href="#[4c]">SystemInit</a> from system_n32g43x.o(.text) referenced from startup_n32g43x.o(.text)
 <LI><a href="#[c]">TAMPER_IRQHandler</a> from startup_n32g43x.o(.text) referenced from startup_n32g43x.o(RESET)
 <LI><a href="#[22]">TIM1_BRK_IRQHandler</a> from startup_n32g43x.o(.text) referenced from startup_n32g43x.o(RESET)
 <LI><a href="#[25]">TIM1_CC_IRQHandler</a> from startup_n32g43x.o(.text) referenced from startup_n32g43x.o(RESET)
 <LI><a href="#[24]">TIM1_TRG_COM_IRQHandler</a> from startup_n32g43x.o(.text) referenced from startup_n32g43x.o(RESET)
 <LI><a href="#[23]">TIM1_UP_IRQHandler</a> from startup_n32g43x.o(.text) referenced from startup_n32g43x.o(RESET)
 <LI><a href="#[26]">TIM2_IRQHandler</a> from startup_n32g43x.o(.text) referenced from startup_n32g43x.o(RESET)
 <LI><a href="#[27]">TIM3_IRQHandler</a> from startup_n32g43x.o(.text) referenced from startup_n32g43x.o(RESET)
 <LI><a href="#[28]">TIM4_IRQHandler</a> from startup_n32g43x.o(.text) referenced from startup_n32g43x.o(RESET)
 <LI><a href="#[3c]">TIM5_IRQHandler</a> from startup_n32g43x.o(.text) referenced from startup_n32g43x.o(RESET)
 <LI><a href="#[3d]">TIM6_IRQHandler</a> from counter.o(.text) referenced from startup_n32g43x.o(RESET)
 <LI><a href="#[3e]">TIM7_IRQHandler</a> from startup_n32g43x.o(.text) referenced from startup_n32g43x.o(RESET)
 <LI><a href="#[35]">TIM8_BRK_IRQHandler</a> from startup_n32g43x.o(.text) referenced from startup_n32g43x.o(RESET)
 <LI><a href="#[38]">TIM8_CC_IRQHandler</a> from startup_n32g43x.o(.text) referenced from startup_n32g43x.o(RESET)
 <LI><a href="#[37]">TIM8_TRG_COM_IRQHandler</a> from startup_n32g43x.o(.text) referenced from startup_n32g43x.o(RESET)
 <LI><a href="#[36]">TIM8_UP_IRQHandler</a> from startup_n32g43x.o(.text) referenced from startup_n32g43x.o(RESET)
 <LI><a href="#[49]">TIM9_IRQHandler</a> from startup_n32g43x.o(.text) referenced from startup_n32g43x.o(RESET)
 <LI><a href="#[47]">TSC_IRQHandler</a> from startup_n32g43x.o(.text) referenced from startup_n32g43x.o(RESET)
 <LI><a href="#[39]">UART4_IRQHandler</a> from bsp_uart.o(.text) referenced from startup_n32g43x.o(RESET)
 <LI><a href="#[3a]">UART5_IRQHandler</a> from startup_n32g43x.o(.text) referenced from startup_n32g43x.o(RESET)
 <LI><a href="#[4a]">UCDR_IRQHandler</a> from startup_n32g43x.o(.text) referenced from startup_n32g43x.o(RESET)
 <LI><a href="#[2f]">USART1_IRQHandler</a> from startup_n32g43x.o(.text) referenced from startup_n32g43x.o(RESET)
 <LI><a href="#[30]">USART2_IRQHandler</a> from startup_n32g43x.o(.text) referenced from startup_n32g43x.o(RESET)
 <LI><a href="#[31]">USART3_IRQHandler</a> from startup_n32g43x.o(.text) referenced from startup_n32g43x.o(RESET)
 <LI><a href="#[34]">USBWakeUp_IRQHandler</a> from startup_n32g43x.o(.text) referenced from startup_n32g43x.o(RESET)
 <LI><a href="#[1e]">USB_HP_IRQHandler</a> from startup_n32g43x.o(.text) referenced from startup_n32g43x.o(RESET)
 <LI><a href="#[1f]">USB_LP_IRQHandler</a> from startup_n32g43x.o(.text) referenced from startup_n32g43x.o(RESET)
 <LI><a href="#[5]">UsageFault_Handler</a> from n32g43x_it.o(.text) referenced from startup_n32g43x.o(RESET)
 <LI><a href="#[a]">WWDG_IRQHandler</a> from startup_n32g43x.o(.text) referenced from startup_n32g43x.o(RESET)
 <LI><a href="#[4d]">__main</a> from entry.o(.ARM.Collect$$$$00000000) referenced from startup_n32g43x.o(.text)
 <LI><a href="#[58]">fputc</a> from bsp_uart.o(.text) referenced from printfa.o(i.__0printf)
 <LI><a href="#[4b]">main</a> from main.o(.text) referenced from entry9a.o(.ARM.Collect$$$$0000000B)
 <LI><a href="#[56]">pattern_black</a> from d3437.o(.text) referenced 2 times from d3437.o(.text)
 <LI><a href="#[55]">pattern_blue</a> from d3437.o(.text) referenced 2 times from d3437.o(.text)
 <LI><a href="#[54]">pattern_green</a> from d3437.o(.text) referenced 2 times from d3437.o(.text)
 <LI><a href="#[53]">pattern_red</a> from d3437.o(.text) referenced 2 times from d3437.o(.text)
 <LI><a href="#[4e]">pattern_white</a> from d3437.o(.text) referenced 2 times from d3437.o(.text)
 <LI><a href="#[57]">source_external</a> from d3437.o(.text) referenced 2 times from d3437.o(.text)
 <LI><a href="#[50]">splash_0</a> from d3437.o(.text) referenced 2 times from d3437.o(.text)
 <LI><a href="#[51]">splash_1</a> from d3437.o(.text) referenced 2 times from d3437.o(.text)
 <LI><a href="#[4f]">splash_2</a> from d3437.o(.text) referenced 2 times from d3437.o(.text)
 <LI><a href="#[52]">splash_3</a> from d3437.o(.text) referenced 2 times from d3437.o(.text)
</UL>
<P>
<H3>
Global Symbols
</H3>
<P><STRONG><a name="[4d]"></a>__main</STRONG> (Thumb, 0 bytes, Stack size unknown bytes, entry.o(.ARM.Collect$$$$00000000))
<BR>[Address Reference Count : 1]<UL><LI> startup_n32g43x.o(.text)
</UL>
<P><STRONG><a name="[1a6]"></a>_main_stk</STRONG> (Thumb, 0 bytes, Stack size unknown bytes, entry2.o(.ARM.Collect$$$$00000001))

<P><STRONG><a name="[59]"></a>_main_scatterload</STRONG> (Thumb, 0 bytes, Stack size unknown bytes, entry5.o(.ARM.Collect$$$$00000004))
<BR><BR>[Calls]<UL><LI><a href="#[5a]">&gt;&gt;</a>&nbsp;&nbsp;&nbsp;__scatterload
</UL>

<P><STRONG><a name="[19a]"></a>__main_after_scatterload</STRONG> (Thumb, 0 bytes, Stack size unknown bytes, entry5.o(.ARM.Collect$$$$00000004))
<BR><BR>[Called By]<UL><LI><a href="#[5a]">&gt;&gt;</a>&nbsp;&nbsp;&nbsp;__scatterload
</UL>

<P><STRONG><a name="[1a7]"></a>_main_clock</STRONG> (Thumb, 0 bytes, Stack size unknown bytes, entry7b.o(.ARM.Collect$$$$00000008))

<P><STRONG><a name="[1a8]"></a>_main_cpp_init</STRONG> (Thumb, 0 bytes, Stack size unknown bytes, entry8b.o(.ARM.Collect$$$$0000000A))

<P><STRONG><a name="[1a9]"></a>_main_init</STRONG> (Thumb, 0 bytes, Stack size unknown bytes, entry9a.o(.ARM.Collect$$$$0000000B))

<P><STRONG><a name="[1aa]"></a>__rt_final_cpp</STRONG> (Thumb, 0 bytes, Stack size unknown bytes, entry10a.o(.ARM.Collect$$$$0000000D))

<P><STRONG><a name="[1ab]"></a>__rt_final_exit</STRONG> (Thumb, 0 bytes, Stack size unknown bytes, entry11a.o(.ARM.Collect$$$$0000000F))

<P><STRONG><a name="[0]"></a>Reset_Handler</STRONG> (Thumb, 8 bytes, Stack size 0 bytes, startup_n32g43x.o(.text))
<BR>[Address Reference Count : 1]<UL><LI> startup_n32g43x.o(RESET)
</UL>
<P><STRONG><a name="[8]"></a>PendSV_Handler</STRONG> (Thumb, 2 bytes, Stack size 0 bytes, startup_n32g43x.o(.text))
<BR><BR>[Calls]<UL><LI><a href="#[8]">&gt;&gt;</a>&nbsp;&nbsp;&nbsp;PendSV_Handler
</UL>
<BR>[Called By]<UL><LI><a href="#[8]">&gt;&gt;</a>&nbsp;&nbsp;&nbsp;PendSV_Handler
</UL>
<BR>[Address Reference Count : 1]<UL><LI> startup_n32g43x.o(RESET)
</UL>
<P><STRONG><a name="[1d]"></a>ADC_IRQHandler</STRONG> (Thumb, 0 bytes, Stack size 0 bytes, startup_n32g43x.o(.text))
<BR><BR>[Calls]<UL><LI><a href="#[1d]">&gt;&gt;</a>&nbsp;&nbsp;&nbsp;ADC_IRQHandler
</UL>
<BR>[Called By]<UL><LI><a href="#[1d]">&gt;&gt;</a>&nbsp;&nbsp;&nbsp;ADC_IRQHandler
</UL>
<BR>[Address Reference Count : 1]<UL><LI> startup_n32g43x.o(RESET)
</UL>
<P><STRONG><a name="[40]"></a>CAN_RX0_IRQHandler</STRONG> (Thumb, 0 bytes, Stack size 0 bytes, startup_n32g43x.o(.text))
<BR>[Address Reference Count : 1]<UL><LI> startup_n32g43x.o(RESET)
</UL>
<P><STRONG><a name="[41]"></a>CAN_RX1_IRQHandler</STRONG> (Thumb, 0 bytes, Stack size 0 bytes, startup_n32g43x.o(.text))
<BR>[Address Reference Count : 1]<UL><LI> startup_n32g43x.o(RESET)
</UL>
<P><STRONG><a name="[42]"></a>CAN_SCE_IRQHandler</STRONG> (Thumb, 0 bytes, Stack size 0 bytes, startup_n32g43x.o(.text))
<BR>[Address Reference Count : 1]<UL><LI> startup_n32g43x.o(RESET)
</UL>
<P><STRONG><a name="[3f]"></a>CAN_TX_IRQHandler</STRONG> (Thumb, 0 bytes, Stack size 0 bytes, startup_n32g43x.o(.text))
<BR>[Address Reference Count : 1]<UL><LI> startup_n32g43x.o(RESET)
</UL>
<P><STRONG><a name="[20]"></a>COMP_1_2_IRQHandler</STRONG> (Thumb, 0 bytes, Stack size 0 bytes, startup_n32g43x.o(.text))
<BR>[Address Reference Count : 1]<UL><LI> startup_n32g43x.o(RESET)
</UL>
<P><STRONG><a name="[15]"></a>DMA_Channel1_IRQHandler</STRONG> (Thumb, 0 bytes, Stack size 0 bytes, startup_n32g43x.o(.text))
<BR>[Address Reference Count : 1]<UL><LI> startup_n32g43x.o(RESET)
</UL>
<P><STRONG><a name="[16]"></a>DMA_Channel2_IRQHandler</STRONG> (Thumb, 0 bytes, Stack size 0 bytes, startup_n32g43x.o(.text))
<BR>[Address Reference Count : 1]<UL><LI> startup_n32g43x.o(RESET)
</UL>
<P><STRONG><a name="[17]"></a>DMA_Channel3_IRQHandler</STRONG> (Thumb, 0 bytes, Stack size 0 bytes, startup_n32g43x.o(.text))
<BR>[Address Reference Count : 1]<UL><LI> startup_n32g43x.o(RESET)
</UL>
<P><STRONG><a name="[18]"></a>DMA_Channel4_IRQHandler</STRONG> (Thumb, 0 bytes, Stack size 0 bytes, startup_n32g43x.o(.text))
<BR>[Address Reference Count : 1]<UL><LI> startup_n32g43x.o(RESET)
</UL>
<P><STRONG><a name="[19]"></a>DMA_Channel5_IRQHandler</STRONG> (Thumb, 0 bytes, Stack size 0 bytes, startup_n32g43x.o(.text))
<BR>[Address Reference Count : 1]<UL><LI> startup_n32g43x.o(RESET)
</UL>
<P><STRONG><a name="[1a]"></a>DMA_Channel6_IRQHandler</STRONG> (Thumb, 0 bytes, Stack size 0 bytes, startup_n32g43x.o(.text))
<BR>[Address Reference Count : 1]<UL><LI> startup_n32g43x.o(RESET)
</UL>
<P><STRONG><a name="[1b]"></a>DMA_Channel7_IRQHandler</STRONG> (Thumb, 0 bytes, Stack size 0 bytes, startup_n32g43x.o(.text))
<BR>[Address Reference Count : 1]<UL><LI> startup_n32g43x.o(RESET)
</UL>
<P><STRONG><a name="[1c]"></a>DMA_Channel8_IRQHandler</STRONG> (Thumb, 0 bytes, Stack size 0 bytes, startup_n32g43x.o(.text))
<BR>[Address Reference Count : 1]<UL><LI> startup_n32g43x.o(RESET)
</UL>
<P><STRONG><a name="[10]"></a>EXTI0_IRQHandler</STRONG> (Thumb, 0 bytes, Stack size 0 bytes, startup_n32g43x.o(.text))
<BR>[Address Reference Count : 1]<UL><LI> startup_n32g43x.o(RESET)
</UL>
<P><STRONG><a name="[32]"></a>EXTI15_10_IRQHandler</STRONG> (Thumb, 0 bytes, Stack size 0 bytes, startup_n32g43x.o(.text))
<BR>[Address Reference Count : 1]<UL><LI> startup_n32g43x.o(RESET)
</UL>
<P><STRONG><a name="[11]"></a>EXTI1_IRQHandler</STRONG> (Thumb, 0 bytes, Stack size 0 bytes, startup_n32g43x.o(.text))
<BR>[Address Reference Count : 1]<UL><LI> startup_n32g43x.o(RESET)
</UL>
<P><STRONG><a name="[12]"></a>EXTI2_IRQHandler</STRONG> (Thumb, 0 bytes, Stack size 0 bytes, startup_n32g43x.o(.text))
<BR>[Address Reference Count : 1]<UL><LI> startup_n32g43x.o(RESET)
</UL>
<P><STRONG><a name="[13]"></a>EXTI3_IRQHandler</STRONG> (Thumb, 0 bytes, Stack size 0 bytes, startup_n32g43x.o(.text))
<BR>[Address Reference Count : 1]<UL><LI> startup_n32g43x.o(RESET)
</UL>
<P><STRONG><a name="[14]"></a>EXTI4_IRQHandler</STRONG> (Thumb, 0 bytes, Stack size 0 bytes, startup_n32g43x.o(.text))
<BR>[Address Reference Count : 1]<UL><LI> startup_n32g43x.o(RESET)
</UL>
<P><STRONG><a name="[21]"></a>EXTI9_5_IRQHandler</STRONG> (Thumb, 0 bytes, Stack size 0 bytes, startup_n32g43x.o(.text))
<BR>[Address Reference Count : 1]<UL><LI> startup_n32g43x.o(RESET)
</UL>
<P><STRONG><a name="[e]"></a>FLASH_IRQHandler</STRONG> (Thumb, 0 bytes, Stack size 0 bytes, startup_n32g43x.o(.text))
<BR>[Address Reference Count : 1]<UL><LI> startup_n32g43x.o(RESET)
</UL>
<P><STRONG><a name="[44]"></a>LPTIM_WKUP_IRQHandler</STRONG> (Thumb, 0 bytes, Stack size 0 bytes, startup_n32g43x.o(.text))
<BR>[Address Reference Count : 1]<UL><LI> startup_n32g43x.o(RESET)
</UL>
<P><STRONG><a name="[3b]"></a>LPUART_IRQHandler</STRONG> (Thumb, 0 bytes, Stack size 0 bytes, startup_n32g43x.o(.text))
<BR>[Address Reference Count : 1]<UL><LI> startup_n32g43x.o(RESET)
</UL>
<P><STRONG><a name="[43]"></a>LPUART_WKUP_IRQHandler</STRONG> (Thumb, 0 bytes, Stack size 0 bytes, startup_n32g43x.o(.text))
<BR>[Address Reference Count : 1]<UL><LI> startup_n32g43x.o(RESET)
</UL>
<P><STRONG><a name="[46]"></a>MMU_IRQHandler</STRONG> (Thumb, 0 bytes, Stack size 0 bytes, startup_n32g43x.o(.text))
<BR>[Address Reference Count : 1]<UL><LI> startup_n32g43x.o(RESET)
</UL>
<P><STRONG><a name="[b]"></a>PVD_IRQHandler</STRONG> (Thumb, 0 bytes, Stack size 0 bytes, startup_n32g43x.o(.text))
<BR>[Address Reference Count : 1]<UL><LI> startup_n32g43x.o(RESET)
</UL>
<P><STRONG><a name="[48]"></a>RAMC_PERR_IRQHandler</STRONG> (Thumb, 0 bytes, Stack size 0 bytes, startup_n32g43x.o(.text))
<BR>[Address Reference Count : 1]<UL><LI> startup_n32g43x.o(RESET)
</UL>
<P><STRONG><a name="[f]"></a>RCC_IRQHandler</STRONG> (Thumb, 0 bytes, Stack size 0 bytes, startup_n32g43x.o(.text))
<BR>[Address Reference Count : 1]<UL><LI> startup_n32g43x.o(RESET)
</UL>
<P><STRONG><a name="[33]"></a>RTCAlarm_IRQHandler</STRONG> (Thumb, 0 bytes, Stack size 0 bytes, startup_n32g43x.o(.text))
<BR>[Address Reference Count : 1]<UL><LI> startup_n32g43x.o(RESET)
</UL>
<P><STRONG><a name="[d]"></a>RTC_WKUP_IRQHandler</STRONG> (Thumb, 0 bytes, Stack size 0 bytes, startup_n32g43x.o(.text))
<BR>[Address Reference Count : 1]<UL><LI> startup_n32g43x.o(RESET)
</UL>
<P><STRONG><a name="[45]"></a>SAC_IRQHandler</STRONG> (Thumb, 0 bytes, Stack size 0 bytes, startup_n32g43x.o(.text))
<BR>[Address Reference Count : 1]<UL><LI> startup_n32g43x.o(RESET)
</UL>
<P><STRONG><a name="[2d]"></a>SPI1_IRQHandler</STRONG> (Thumb, 0 bytes, Stack size 0 bytes, startup_n32g43x.o(.text))
<BR>[Address Reference Count : 1]<UL><LI> startup_n32g43x.o(RESET)
</UL>
<P><STRONG><a name="[2e]"></a>SPI2_IRQHandler</STRONG> (Thumb, 0 bytes, Stack size 0 bytes, startup_n32g43x.o(.text))
<BR>[Address Reference Count : 1]<UL><LI> startup_n32g43x.o(RESET)
</UL>
<P><STRONG><a name="[c]"></a>TAMPER_IRQHandler</STRONG> (Thumb, 0 bytes, Stack size 0 bytes, startup_n32g43x.o(.text))
<BR>[Address Reference Count : 1]<UL><LI> startup_n32g43x.o(RESET)
</UL>
<P><STRONG><a name="[22]"></a>TIM1_BRK_IRQHandler</STRONG> (Thumb, 0 bytes, Stack size 0 bytes, startup_n32g43x.o(.text))
<BR>[Address Reference Count : 1]<UL><LI> startup_n32g43x.o(RESET)
</UL>
<P><STRONG><a name="[25]"></a>TIM1_CC_IRQHandler</STRONG> (Thumb, 0 bytes, Stack size 0 bytes, startup_n32g43x.o(.text))
<BR>[Address Reference Count : 1]<UL><LI> startup_n32g43x.o(RESET)
</UL>
<P><STRONG><a name="[24]"></a>TIM1_TRG_COM_IRQHandler</STRONG> (Thumb, 0 bytes, Stack size 0 bytes, startup_n32g43x.o(.text))
<BR>[Address Reference Count : 1]<UL><LI> startup_n32g43x.o(RESET)
</UL>
<P><STRONG><a name="[23]"></a>TIM1_UP_IRQHandler</STRONG> (Thumb, 0 bytes, Stack size 0 bytes, startup_n32g43x.o(.text))
<BR>[Address Reference Count : 1]<UL><LI> startup_n32g43x.o(RESET)
</UL>
<P><STRONG><a name="[26]"></a>TIM2_IRQHandler</STRONG> (Thumb, 0 bytes, Stack size 0 bytes, startup_n32g43x.o(.text))
<BR>[Address Reference Count : 1]<UL><LI> startup_n32g43x.o(RESET)
</UL>
<P><STRONG><a name="[27]"></a>TIM3_IRQHandler</STRONG> (Thumb, 0 bytes, Stack size 0 bytes, startup_n32g43x.o(.text))
<BR>[Address Reference Count : 1]<UL><LI> startup_n32g43x.o(RESET)
</UL>
<P><STRONG><a name="[28]"></a>TIM4_IRQHandler</STRONG> (Thumb, 0 bytes, Stack size 0 bytes, startup_n32g43x.o(.text))
<BR>[Address Reference Count : 1]<UL><LI> startup_n32g43x.o(RESET)
</UL>
<P><STRONG><a name="[3c]"></a>TIM5_IRQHandler</STRONG> (Thumb, 0 bytes, Stack size 0 bytes, startup_n32g43x.o(.text))
<BR>[Address Reference Count : 1]<UL><LI> startup_n32g43x.o(RESET)
</UL>
<P><STRONG><a name="[3e]"></a>TIM7_IRQHandler</STRONG> (Thumb, 0 bytes, Stack size 0 bytes, startup_n32g43x.o(.text))
<BR>[Address Reference Count : 1]<UL><LI> startup_n32g43x.o(RESET)
</UL>
<P><STRONG><a name="[35]"></a>TIM8_BRK_IRQHandler</STRONG> (Thumb, 0 bytes, Stack size 0 bytes, startup_n32g43x.o(.text))
<BR>[Address Reference Count : 1]<UL><LI> startup_n32g43x.o(RESET)
</UL>
<P><STRONG><a name="[38]"></a>TIM8_CC_IRQHandler</STRONG> (Thumb, 0 bytes, Stack size 0 bytes, startup_n32g43x.o(.text))
<BR>[Address Reference Count : 1]<UL><LI> startup_n32g43x.o(RESET)
</UL>
<P><STRONG><a name="[37]"></a>TIM8_TRG_COM_IRQHandler</STRONG> (Thumb, 0 bytes, Stack size 0 bytes, startup_n32g43x.o(.text))
<BR>[Address Reference Count : 1]<UL><LI> startup_n32g43x.o(RESET)
</UL>
<P><STRONG><a name="[36]"></a>TIM8_UP_IRQHandler</STRONG> (Thumb, 0 bytes, Stack size 0 bytes, startup_n32g43x.o(.text))
<BR>[Address Reference Count : 1]<UL><LI> startup_n32g43x.o(RESET)
</UL>
<P><STRONG><a name="[49]"></a>TIM9_IRQHandler</STRONG> (Thumb, 0 bytes, Stack size 0 bytes, startup_n32g43x.o(.text))
<BR>[Address Reference Count : 1]<UL><LI> startup_n32g43x.o(RESET)
</UL>
<P><STRONG><a name="[47]"></a>TSC_IRQHandler</STRONG> (Thumb, 0 bytes, Stack size 0 bytes, startup_n32g43x.o(.text))
<BR>[Address Reference Count : 1]<UL><LI> startup_n32g43x.o(RESET)
</UL>
<P><STRONG><a name="[3a]"></a>UART5_IRQHandler</STRONG> (Thumb, 0 bytes, Stack size 0 bytes, startup_n32g43x.o(.text))
<BR>[Address Reference Count : 1]<UL><LI> startup_n32g43x.o(RESET)
</UL>
<P><STRONG><a name="[4a]"></a>UCDR_IRQHandler</STRONG> (Thumb, 0 bytes, Stack size 0 bytes, startup_n32g43x.o(.text))
<BR>[Address Reference Count : 1]<UL><LI> startup_n32g43x.o(RESET)
</UL>
<P><STRONG><a name="[2f]"></a>USART1_IRQHandler</STRONG> (Thumb, 0 bytes, Stack size 0 bytes, startup_n32g43x.o(.text))
<BR>[Address Reference Count : 1]<UL><LI> startup_n32g43x.o(RESET)
</UL>
<P><STRONG><a name="[30]"></a>USART2_IRQHandler</STRONG> (Thumb, 0 bytes, Stack size 0 bytes, startup_n32g43x.o(.text))
<BR>[Address Reference Count : 1]<UL><LI> startup_n32g43x.o(RESET)
</UL>
<P><STRONG><a name="[31]"></a>USART3_IRQHandler</STRONG> (Thumb, 0 bytes, Stack size 0 bytes, startup_n32g43x.o(.text))
<BR>[Address Reference Count : 1]<UL><LI> startup_n32g43x.o(RESET)
</UL>
<P><STRONG><a name="[34]"></a>USBWakeUp_IRQHandler</STRONG> (Thumb, 0 bytes, Stack size 0 bytes, startup_n32g43x.o(.text))
<BR>[Address Reference Count : 1]<UL><LI> startup_n32g43x.o(RESET)
</UL>
<P><STRONG><a name="[1e]"></a>USB_HP_IRQHandler</STRONG> (Thumb, 0 bytes, Stack size 0 bytes, startup_n32g43x.o(.text))
<BR>[Address Reference Count : 1]<UL><LI> startup_n32g43x.o(RESET)
</UL>
<P><STRONG><a name="[1f]"></a>USB_LP_IRQHandler</STRONG> (Thumb, 0 bytes, Stack size 0 bytes, startup_n32g43x.o(.text))
<BR>[Address Reference Count : 1]<UL><LI> startup_n32g43x.o(RESET)
</UL>
<P><STRONG><a name="[a]"></a>WWDG_IRQHandler</STRONG> (Thumb, 0 bytes, Stack size 0 bytes, startup_n32g43x.o(.text))
<BR>[Address Reference Count : 1]<UL><LI> startup_n32g43x.o(RESET)
</UL>
<P><STRONG><a name="[4c]"></a>SystemInit</STRONG> (Thumb, 252 bytes, Stack size 8 bytes, system_n32g43x.o(.text))
<BR><BR>[Stack]<UL><LI>Max Depth = 32<LI>Call Chain = SystemInit &rArr; SetSysClock
</UL>
<BR>[Calls]<UL><LI><a href="#[5b]">&gt;&gt;</a>&nbsp;&nbsp;&nbsp;SetSysClock
</UL>
<BR>[Address Reference Count : 1]<UL><LI> startup_n32g43x.o(.text)
</UL>
<P><STRONG><a name="[1ac]"></a>SystemCoreClockUpdate</STRONG> (Thumb, 472 bytes, Stack size 24 bytes, system_n32g43x.o(.text), UNUSED)

<P><STRONG><a name="[108]"></a>NVIC_PriorityGroupConfig</STRONG> (Thumb, 28 bytes, Stack size 4 bytes, misc.o(.text))
<BR><BR>[Stack]<UL><LI>Max Depth = 4<LI>Call Chain = NVIC_PriorityGroupConfig
</UL>
<BR>[Called By]<UL><LI><a href="#[107]">&gt;&gt;</a>&nbsp;&nbsp;&nbsp;UART_NVIC_Configuration
<LI><a href="#[c9]">&gt;&gt;</a>&nbsp;&nbsp;&nbsp;counter_init
</UL>

<P><STRONG><a name="[109]"></a>NVIC_Init</STRONG> (Thumb, 170 bytes, Stack size 16 bytes, misc.o(.text))
<BR><BR>[Stack]<UL><LI>Max Depth = 16<LI>Call Chain = NVIC_Init
</UL>
<BR>[Called By]<UL><LI><a href="#[18a]">&gt;&gt;</a>&nbsp;&nbsp;&nbsp;NVIC_Configuration_I2C_1
<LI><a href="#[168]">&gt;&gt;</a>&nbsp;&nbsp;&nbsp;bsp_focal_step_init
<LI><a href="#[15f]">&gt;&gt;</a>&nbsp;&nbsp;&nbsp;NVIC_Configuration_I2C
<LI><a href="#[107]">&gt;&gt;</a>&nbsp;&nbsp;&nbsp;UART_NVIC_Configuration
<LI><a href="#[c9]">&gt;&gt;</a>&nbsp;&nbsp;&nbsp;counter_init
</UL>

<P><STRONG><a name="[1ad]"></a>NVIC_SetVectorTable</STRONG> (Thumb, 36 bytes, Stack size 8 bytes, misc.o(.text), UNUSED)

<P><STRONG><a name="[1ae]"></a>NVIC_SystemLPConfig</STRONG> (Thumb, 62 bytes, Stack size 4 bytes, misc.o(.text), UNUSED)

<P><STRONG><a name="[1af]"></a>SysTick_CLKSourceConfig</STRONG> (Thumb, 52 bytes, Stack size 4 bytes, misc.o(.text), UNUSED)

<P><STRONG><a name="[5c]"></a>ADC_DeInit</STRONG> (Thumb, 48 bytes, Stack size 16 bytes, n32g43x_adc.o(.text), UNUSED)
<BR><BR>[Calls]<UL><LI><a href="#[5d]">&gt;&gt;</a>&nbsp;&nbsp;&nbsp;RCC_EnableAHBPeriphReset
</UL>

<P><STRONG><a name="[11a]"></a>ADC_Init</STRONG> (Thumb, 150 bytes, Stack size 16 bytes, n32g43x_adc.o(.text))
<BR><BR>[Stack]<UL><LI>Max Depth = 16<LI>Call Chain = ADC_Init
</UL>
<BR>[Called By]<UL><LI><a href="#[119]">&gt;&gt;</a>&nbsp;&nbsp;&nbsp;ADC_Initial
</UL>

<P><STRONG><a name="[1b0]"></a>ADC_InitStruct</STRONG> (Thumb, 32 bytes, Stack size 4 bytes, n32g43x_adc.o(.text), UNUSED)

<P><STRONG><a name="[11c]"></a>ADC_Enable</STRONG> (Thumb, 44 bytes, Stack size 8 bytes, n32g43x_adc.o(.text))
<BR><BR>[Stack]<UL><LI>Max Depth = 8<LI>Call Chain = ADC_Enable
</UL>
<BR>[Called By]<UL><LI><a href="#[119]">&gt;&gt;</a>&nbsp;&nbsp;&nbsp;ADC_Initial
</UL>

<P><STRONG><a name="[1b1]"></a>ADC_EnableDMA</STRONG> (Thumb, 44 bytes, Stack size 8 bytes, n32g43x_adc.o(.text), UNUSED)

<P><STRONG><a name="[1b2]"></a>ADC_ConfigInt</STRONG> (Thumb, 66 bytes, Stack size 8 bytes, n32g43x_adc.o(.text), UNUSED)

<P><STRONG><a name="[11e]"></a>ADC_StartCalibration</STRONG> (Thumb, 28 bytes, Stack size 4 bytes, n32g43x_adc.o(.text))
<BR><BR>[Stack]<UL><LI>Max Depth = 4<LI>Call Chain = ADC_StartCalibration
</UL>
<BR>[Called By]<UL><LI><a href="#[119]">&gt;&gt;</a>&nbsp;&nbsp;&nbsp;ADC_Initial
</UL>

<P><STRONG><a name="[11f]"></a>ADC_GetCalibrationStatus</STRONG> (Thumb, 62 bytes, Stack size 8 bytes, n32g43x_adc.o(.text))
<BR><BR>[Stack]<UL><LI>Max Depth = 8<LI>Call Chain = ADC_GetCalibrationStatus
</UL>
<BR>[Called By]<UL><LI><a href="#[119]">&gt;&gt;</a>&nbsp;&nbsp;&nbsp;ADC_Initial
</UL>

<P><STRONG><a name="[115]"></a>ADC_EnableSoftwareStartConv</STRONG> (Thumb, 44 bytes, Stack size 8 bytes, n32g43x_adc.o(.text))
<BR><BR>[Stack]<UL><LI>Max Depth = 8<LI>Call Chain = ADC_EnableSoftwareStartConv
</UL>
<BR>[Called By]<UL><LI><a href="#[95]">&gt;&gt;</a>&nbsp;&nbsp;&nbsp;ADC_GetData
<LI><a href="#[120]">&gt;&gt;</a>&nbsp;&nbsp;&nbsp;bsp_adc_get_value_block
</UL>

<P><STRONG><a name="[1b3]"></a>ADC_GetSoftwareStartConvStatus</STRONG> (Thumb, 46 bytes, Stack size 8 bytes, n32g43x_adc.o(.text), UNUSED)

<P><STRONG><a name="[1b4]"></a>ADC_ConfigDiscModeChannelCount</STRONG> (Thumb, 56 bytes, Stack size 16 bytes, n32g43x_adc.o(.text), UNUSED)

<P><STRONG><a name="[1b5]"></a>ADC_EnableDiscMode</STRONG> (Thumb, 44 bytes, Stack size 8 bytes, n32g43x_adc.o(.text), UNUSED)

<P><STRONG><a name="[114]"></a>ADC_ConfigRegularChannel</STRONG> (Thumb, 422 bytes, Stack size 16 bytes, n32g43x_adc.o(.text))
<BR><BR>[Stack]<UL><LI>Max Depth = 16<LI>Call Chain = ADC_ConfigRegularChannel
</UL>
<BR>[Called By]<UL><LI><a href="#[95]">&gt;&gt;</a>&nbsp;&nbsp;&nbsp;ADC_GetData
<LI><a href="#[120]">&gt;&gt;</a>&nbsp;&nbsp;&nbsp;bsp_adc_get_value_block
</UL>

<P><STRONG><a name="[1b6]"></a>ADC_EnableExternalTrigConv</STRONG> (Thumb, 44 bytes, Stack size 8 bytes, n32g43x_adc.o(.text), UNUSED)

<P><STRONG><a name="[118]"></a>ADC_GetDat</STRONG> (Thumb, 14 bytes, Stack size 4 bytes, n32g43x_adc.o(.text))
<BR><BR>[Stack]<UL><LI>Max Depth = 4<LI>Call Chain = ADC_GetDat
</UL>
<BR>[Called By]<UL><LI><a href="#[95]">&gt;&gt;</a>&nbsp;&nbsp;&nbsp;ADC_GetData
<LI><a href="#[120]">&gt;&gt;</a>&nbsp;&nbsp;&nbsp;bsp_adc_get_value_block
</UL>

<P><STRONG><a name="[1b7]"></a>ADC_EnableAutoInjectedConv</STRONG> (Thumb, 44 bytes, Stack size 8 bytes, n32g43x_adc.o(.text), UNUSED)

<P><STRONG><a name="[1b8]"></a>ADC_EnableInjectedDiscMode</STRONG> (Thumb, 44 bytes, Stack size 8 bytes, n32g43x_adc.o(.text), UNUSED)

<P><STRONG><a name="[1b9]"></a>ADC_ConfigExternalTrigInjectedConv</STRONG> (Thumb, 42 bytes, Stack size 12 bytes, n32g43x_adc.o(.text), UNUSED)

<P><STRONG><a name="[1ba]"></a>ADC_EnableExternalTrigInjectedConv</STRONG> (Thumb, 44 bytes, Stack size 8 bytes, n32g43x_adc.o(.text), UNUSED)

<P><STRONG><a name="[1bb]"></a>ADC_EnableSoftwareStartInjectedConv</STRONG> (Thumb, 44 bytes, Stack size 8 bytes, n32g43x_adc.o(.text), UNUSED)

<P><STRONG><a name="[1bc]"></a>ADC_GetSoftwareStartInjectedConvCmdStatus</STRONG> (Thumb, 46 bytes, Stack size 8 bytes, n32g43x_adc.o(.text), UNUSED)

<P><STRONG><a name="[1bd]"></a>ADC_ConfigInjectedChannel</STRONG> (Thumb, 294 bytes, Stack size 20 bytes, n32g43x_adc.o(.text), UNUSED)

<P><STRONG><a name="[1be]"></a>ADC_ConfigInjectedSequencerLength</STRONG> (Thumb, 56 bytes, Stack size 16 bytes, n32g43x_adc.o(.text), UNUSED)

<P><STRONG><a name="[1bf]"></a>ADC_SetInjectedOffsetDat</STRONG> (Thumb, 42 bytes, Stack size 12 bytes, n32g43x_adc.o(.text), UNUSED)

<P><STRONG><a name="[1c0]"></a>ADC_GetInjectedConversionDat</STRONG> (Thumb, 38 bytes, Stack size 12 bytes, n32g43x_adc.o(.text), UNUSED)

<P><STRONG><a name="[1c1]"></a>ADC_ConfigAnalogWatchdogWorkChannelType</STRONG> (Thumb, 48 bytes, Stack size 12 bytes, n32g43x_adc.o(.text), UNUSED)

<P><STRONG><a name="[1c2]"></a>ADC_ConfigAnalogWatchdogThresholds</STRONG> (Thumb, 32 bytes, Stack size 8 bytes, n32g43x_adc.o(.text), UNUSED)

<P><STRONG><a name="[1c3]"></a>ADC_ConfigAnalogWatchdogSingleChannel</STRONG> (Thumb, 46 bytes, Stack size 12 bytes, n32g43x_adc.o(.text), UNUSED)

<P><STRONG><a name="[1c4]"></a>ADC_EnableTempSensorVrefint</STRONG> (Thumb, 134 bytes, Stack size 4 bytes, n32g43x_adc.o(.text), UNUSED)

<P><STRONG><a name="[116]"></a>ADC_GetFlagStatus</STRONG> (Thumb, 52 bytes, Stack size 8 bytes, n32g43x_adc.o(.text))
<BR><BR>[Stack]<UL><LI>Max Depth = 8<LI>Call Chain = ADC_GetFlagStatus
</UL>
<BR>[Called By]<UL><LI><a href="#[95]">&gt;&gt;</a>&nbsp;&nbsp;&nbsp;ADC_GetData
<LI><a href="#[120]">&gt;&gt;</a>&nbsp;&nbsp;&nbsp;bsp_adc_get_value_block
</UL>

<P><STRONG><a name="[117]"></a>ADC_ClearFlag</STRONG> (Thumb, 24 bytes, Stack size 8 bytes, n32g43x_adc.o(.text))
<BR><BR>[Stack]<UL><LI>Max Depth = 8<LI>Call Chain = ADC_ClearFlag
</UL>
<BR>[Called By]<UL><LI><a href="#[95]">&gt;&gt;</a>&nbsp;&nbsp;&nbsp;ADC_GetData
<LI><a href="#[120]">&gt;&gt;</a>&nbsp;&nbsp;&nbsp;bsp_adc_get_value_block
</UL>

<P><STRONG><a name="[1c5]"></a>ADC_GetIntStatus</STRONG> (Thumb, 78 bytes, Stack size 16 bytes, n32g43x_adc.o(.text), UNUSED)

<P><STRONG><a name="[1c6]"></a>ADC_ClearIntPendingBit</STRONG> (Thumb, 38 bytes, Stack size 8 bytes, n32g43x_adc.o(.text), UNUSED)

<P><STRONG><a name="[1c7]"></a>ADC_InitEx</STRONG> (Thumb, 248 bytes, Stack size 12 bytes, n32g43x_adc.o(.text), UNUSED)

<P><STRONG><a name="[11d]"></a>ADC_GetFlagStatusNew</STRONG> (Thumb, 52 bytes, Stack size 8 bytes, n32g43x_adc.o(.text))
<BR><BR>[Stack]<UL><LI>Max Depth = 8<LI>Call Chain = ADC_GetFlagStatusNew
</UL>
<BR>[Called By]<UL><LI><a href="#[119]">&gt;&gt;</a>&nbsp;&nbsp;&nbsp;ADC_Initial
</UL>

<P><STRONG><a name="[1c8]"></a>ADC_SetBypassCalibration</STRONG> (Thumb, 56 bytes, Stack size 12 bytes, n32g43x_adc.o(.text), UNUSED)

<P><STRONG><a name="[11b]"></a>ADC_SetConvResultBitNum</STRONG> (Thumb, 42 bytes, Stack size 12 bytes, n32g43x_adc.o(.text))
<BR><BR>[Stack]<UL><LI>Max Depth = 12<LI>Call Chain = ADC_SetConvResultBitNum
</UL>
<BR>[Called By]<UL><LI><a href="#[119]">&gt;&gt;</a>&nbsp;&nbsp;&nbsp;ADC_Initial
</UL>

<P><STRONG><a name="[5e]"></a>ADC_ConfigClk</STRONG> (Thumb, 56 bytes, Stack size 16 bytes, n32g43x_adc.o(.text))
<BR><BR>[Stack]<UL><LI>Max Depth = 28<LI>Call Chain = ADC_ConfigClk &rArr; RCC_ConfigAdcPllClk
</UL>
<BR>[Calls]<UL><LI><a href="#[5f]">&gt;&gt;</a>&nbsp;&nbsp;&nbsp;RCC_ConfigAdcPllClk
<LI><a href="#[60]">&gt;&gt;</a>&nbsp;&nbsp;&nbsp;RCC_ConfigAdcHclk
</UL>
<BR>[Called By]<UL><LI><a href="#[110]">&gt;&gt;</a>&nbsp;&nbsp;&nbsp;ADC_RCC_Configuration
</UL>

<P><STRONG><a name="[1c9]"></a>GetUCID</STRONG> (Thumb, 126 bytes, Stack size 16 bytes, n32g43x_dbg.o(.text), UNUSED)

<P><STRONG><a name="[1ca]"></a>GetUID</STRONG> (Thumb, 126 bytes, Stack size 16 bytes, n32g43x_dbg.o(.text), UNUSED)

<P><STRONG><a name="[1cb]"></a>GetDBGMCU_ID</STRONG> (Thumb, 126 bytes, Stack size 16 bytes, n32g43x_dbg.o(.text), UNUSED)

<P><STRONG><a name="[1cc]"></a>DBG_GetRevNum</STRONG> (Thumb, 14 bytes, Stack size 0 bytes, n32g43x_dbg.o(.text), UNUSED)

<P><STRONG><a name="[1cd]"></a>DBG_GetDevNum</STRONG> (Thumb, 32 bytes, Stack size 4 bytes, n32g43x_dbg.o(.text), UNUSED)

<P><STRONG><a name="[131]"></a>DBG_ConfigPeriph</STRONG> (Thumb, 56 bytes, Stack size 8 bytes, n32g43x_dbg.o(.text), UNUSED)
<BR><BR>[Called By]<UL><LI><a href="#[130]">&gt;&gt;</a>&nbsp;&nbsp;&nbsp;pwm_filter
</UL>

<P><STRONG><a name="[1ce]"></a>DBG_GetFlashSize</STRONG> (Thumb, 16 bytes, Stack size 0 bytes, n32g43x_dbg.o(.text), UNUSED)

<P><STRONG><a name="[1cf]"></a>DBG_GetSramSize</STRONG> (Thumb, 24 bytes, Stack size 0 bytes, n32g43x_dbg.o(.text), UNUSED)

<P><STRONG><a name="[1d0]"></a>EXTI_DeInit</STRONG> (Thumb, 58 bytes, Stack size 0 bytes, n32g43x_exti.o(.text), UNUSED)

<P><STRONG><a name="[16a]"></a>EXTI_InitPeripheral</STRONG> (Thumb, 234 bytes, Stack size 8 bytes, n32g43x_exti.o(.text), UNUSED)
<BR><BR>[Called By]<UL><LI><a href="#[168]">&gt;&gt;</a>&nbsp;&nbsp;&nbsp;bsp_focal_step_init
</UL>

<P><STRONG><a name="[1d1]"></a>EXTI_InitStruct</STRONG> (Thumb, 28 bytes, Stack size 4 bytes, n32g43x_exti.o(.text), UNUSED)

<P><STRONG><a name="[1d2]"></a>EXTI_TriggerSWInt</STRONG> (Thumb, 24 bytes, Stack size 4 bytes, n32g43x_exti.o(.text), UNUSED)

<P><STRONG><a name="[1d3]"></a>EXTI_GetStatusFlag</STRONG> (Thumb, 52 bytes, Stack size 8 bytes, n32g43x_exti.o(.text), UNUSED)

<P><STRONG><a name="[1d4]"></a>EXTI_ClrStatusFlag</STRONG> (Thumb, 20 bytes, Stack size 4 bytes, n32g43x_exti.o(.text), UNUSED)

<P><STRONG><a name="[1d5]"></a>EXTI_GetITStatus</STRONG> (Thumb, 76 bytes, Stack size 12 bytes, n32g43x_exti.o(.text), UNUSED)

<P><STRONG><a name="[1d6]"></a>EXTI_ClrITPendBit</STRONG> (Thumb, 20 bytes, Stack size 4 bytes, n32g43x_exti.o(.text), UNUSED)

<P><STRONG><a name="[1d7]"></a>EXTI_RTCTimeStampSel</STRONG> (Thumb, 30 bytes, Stack size 4 bytes, n32g43x_exti.o(.text), UNUSED)

<P><STRONG><a name="[140]"></a>FLASH_SetLatency</STRONG> (Thumb, 44 bytes, Stack size 8 bytes, n32g43x_flash.o(.text))
<BR><BR>[Stack]<UL><LI>Max Depth = 8<LI>Call Chain = FLASH_SetLatency
</UL>
<BR>[Called By]<UL><LI><a href="#[147]">&gt;&gt;</a>&nbsp;&nbsp;&nbsp;SetSysClockToPLL
<LI><a href="#[144]">&gt;&gt;</a>&nbsp;&nbsp;&nbsp;SetSysClockToMSI
<LI><a href="#[135]">&gt;&gt;</a>&nbsp;&nbsp;&nbsp;SetSysClockToHSI
<LI><a href="#[145]">&gt;&gt;</a>&nbsp;&nbsp;&nbsp;SetSysClockToHSE
</UL>

<P><STRONG><a name="[13a]"></a>FLASH_PrefetchBufSet</STRONG> (Thumb, 32 bytes, Stack size 4 bytes, n32g43x_flash.o(.text))
<BR><BR>[Stack]<UL><LI>Max Depth = 4<LI>Call Chain = FLASH_PrefetchBufSet
</UL>
<BR>[Called By]<UL><LI><a href="#[144]">&gt;&gt;</a>&nbsp;&nbsp;&nbsp;SetSysClockToMSI
<LI><a href="#[135]">&gt;&gt;</a>&nbsp;&nbsp;&nbsp;SetSysClockToHSI
<LI><a href="#[145]">&gt;&gt;</a>&nbsp;&nbsp;&nbsp;SetSysClockToHSE
</UL>

<P><STRONG><a name="[1d8]"></a>FLASH_iCacheRST</STRONG> (Thumb, 18 bytes, Stack size 0 bytes, n32g43x_flash.o(.text), UNUSED)

<P><STRONG><a name="[1d9]"></a>FLASH_iCacheCmd</STRONG> (Thumb, 32 bytes, Stack size 4 bytes, n32g43x_flash.o(.text), UNUSED)

<P><STRONG><a name="[1da]"></a>FLASH_LowVoltageModeCmd</STRONG> (Thumb, 32 bytes, Stack size 4 bytes, n32g43x_flash.o(.text), UNUSED)

<P><STRONG><a name="[1db]"></a>FLASH_GetLowVoltageModeSTS</STRONG> (Thumb, 50 bytes, Stack size 4 bytes, n32g43x_flash.o(.text), UNUSED)

<P><STRONG><a name="[1dc]"></a>FLASH_FLASHSleepModeCmd</STRONG> (Thumb, 32 bytes, Stack size 4 bytes, n32g43x_flash.o(.text), UNUSED)

<P><STRONG><a name="[1dd]"></a>FLASH_GetFLASHSleepModeSTS</STRONG> (Thumb, 50 bytes, Stack size 4 bytes, n32g43x_flash.o(.text), UNUSED)

<P><STRONG><a name="[1de]"></a>FLASH_SetSMPSELStatus</STRONG> (Thumb, 34 bytes, Stack size 4 bytes, n32g43x_flash.o(.text), UNUSED)

<P><STRONG><a name="[1df]"></a>FLASH_ClockInit</STRONG> (Thumb, 160 bytes, Stack size 16 bytes, n32g43x_flash.o(.text), UNUSED)

<P><STRONG><a name="[b3]"></a>FLASH_Unlock</STRONG> (Thumb, 30 bytes, Stack size 0 bytes, n32g43x_flash.o(.text))
<BR><BR>[Called By]<UL><LI><a href="#[b2]">&gt;&gt;</a>&nbsp;&nbsp;&nbsp;FLASH_Program_User
</UL>

<P><STRONG><a name="[b4]"></a>FLASH_Lock</STRONG> (Thumb, 18 bytes, Stack size 0 bytes, n32g43x_flash.o(.text))
<BR><BR>[Called By]<UL><LI><a href="#[b2]">&gt;&gt;</a>&nbsp;&nbsp;&nbsp;FLASH_Program_User
</UL>

<P><STRONG><a name="[61]"></a>FLASH_EraseOnePage</STRONG> (Thumb, 112 bytes, Stack size 24 bytes, n32g43x_flash.o(.text))
<BR><BR>[Stack]<UL><LI>Max Depth = 52<LI>Call Chain = FLASH_EraseOnePage &rArr; FLASH_WaitForLastOpt &rArr; FLASH_GetSTS
</UL>
<BR>[Calls]<UL><LI><a href="#[63]">&gt;&gt;</a>&nbsp;&nbsp;&nbsp;FLASH_WaitForLastOpt
<LI><a href="#[62]">&gt;&gt;</a>&nbsp;&nbsp;&nbsp;FLASH_ClearFlag
</UL>
<BR>[Called By]<UL><LI><a href="#[b2]">&gt;&gt;</a>&nbsp;&nbsp;&nbsp;FLASH_Program_User
</UL>

<P><STRONG><a name="[62]"></a>FLASH_ClearFlag</STRONG> (Thumb, 24 bytes, Stack size 4 bytes, n32g43x_flash.o(.text))
<BR><BR>[Stack]<UL><LI>Max Depth = 4<LI>Call Chain = FLASH_ClearFlag
</UL>
<BR>[Called By]<UL><LI><a href="#[6e]">&gt;&gt;</a>&nbsp;&nbsp;&nbsp;FLASH_ReadOutProtectionL2_ENABLE
<LI><a href="#[6d]">&gt;&gt;</a>&nbsp;&nbsp;&nbsp;FLASH_ReadOutProtectionL1
<LI><a href="#[6a]">&gt;&gt;</a>&nbsp;&nbsp;&nbsp;FLASH_ProgramWord
<LI><a href="#[6b]">&gt;&gt;</a>&nbsp;&nbsp;&nbsp;FLASH_ProgramOBData
<LI><a href="#[65]">&gt;&gt;</a>&nbsp;&nbsp;&nbsp;FLASH_MassErase
<LI><a href="#[61]">&gt;&gt;</a>&nbsp;&nbsp;&nbsp;FLASH_EraseOnePage
<LI><a href="#[66]">&gt;&gt;</a>&nbsp;&nbsp;&nbsp;FLASH_EraseOB
<LI><a href="#[6c]">&gt;&gt;</a>&nbsp;&nbsp;&nbsp;FLASH_EnWriteProtection
<LI><a href="#[70]">&gt;&gt;</a>&nbsp;&nbsp;&nbsp;FLASH_ConfigUserOB2
<LI><a href="#[6f]">&gt;&gt;</a>&nbsp;&nbsp;&nbsp;FLASH_ConfigUserOB
<LI><a href="#[69]">&gt;&gt;</a>&nbsp;&nbsp;&nbsp;FLASH_ConfigALLOptionByte
</UL>

<P><STRONG><a name="[63]"></a>FLASH_WaitForLastOpt</STRONG> (Thumb, 94 bytes, Stack size 24 bytes, n32g43x_flash.o(.text))
<BR><BR>[Stack]<UL><LI>Max Depth = 28<LI>Call Chain = FLASH_WaitForLastOpt &rArr; FLASH_GetSTS
</UL>
<BR>[Calls]<UL><LI><a href="#[64]">&gt;&gt;</a>&nbsp;&nbsp;&nbsp;FLASH_GetSTS
</UL>
<BR>[Called By]<UL><LI><a href="#[6e]">&gt;&gt;</a>&nbsp;&nbsp;&nbsp;FLASH_ReadOutProtectionL2_ENABLE
<LI><a href="#[6d]">&gt;&gt;</a>&nbsp;&nbsp;&nbsp;FLASH_ReadOutProtectionL1
<LI><a href="#[6a]">&gt;&gt;</a>&nbsp;&nbsp;&nbsp;FLASH_ProgramWord
<LI><a href="#[6b]">&gt;&gt;</a>&nbsp;&nbsp;&nbsp;FLASH_ProgramOBData
<LI><a href="#[65]">&gt;&gt;</a>&nbsp;&nbsp;&nbsp;FLASH_MassErase
<LI><a href="#[61]">&gt;&gt;</a>&nbsp;&nbsp;&nbsp;FLASH_EraseOnePage
<LI><a href="#[66]">&gt;&gt;</a>&nbsp;&nbsp;&nbsp;FLASH_EraseOB
<LI><a href="#[6c]">&gt;&gt;</a>&nbsp;&nbsp;&nbsp;FLASH_EnWriteProtection
<LI><a href="#[70]">&gt;&gt;</a>&nbsp;&nbsp;&nbsp;FLASH_ConfigUserOB2
<LI><a href="#[6f]">&gt;&gt;</a>&nbsp;&nbsp;&nbsp;FLASH_ConfigUserOB
<LI><a href="#[69]">&gt;&gt;</a>&nbsp;&nbsp;&nbsp;FLASH_ConfigALLOptionByte
</UL>

<P><STRONG><a name="[65]"></a>FLASH_MassErase</STRONG> (Thumb, 98 bytes, Stack size 16 bytes, n32g43x_flash.o(.text), UNUSED)
<BR><BR>[Calls]<UL><LI><a href="#[63]">&gt;&gt;</a>&nbsp;&nbsp;&nbsp;FLASH_WaitForLastOpt
<LI><a href="#[62]">&gt;&gt;</a>&nbsp;&nbsp;&nbsp;FLASH_ClearFlag
</UL>

<P><STRONG><a name="[66]"></a>FLASH_EraseOB</STRONG> (Thumb, 300 bytes, Stack size 24 bytes, n32g43x_flash.o(.text), UNUSED)
<BR><BR>[Calls]<UL><LI><a href="#[63]">&gt;&gt;</a>&nbsp;&nbsp;&nbsp;FLASH_WaitForLastOpt
<LI><a href="#[68]">&gt;&gt;</a>&nbsp;&nbsp;&nbsp;FLASH_GetReadOutProtectionSTS
<LI><a href="#[67]">&gt;&gt;</a>&nbsp;&nbsp;&nbsp;FLASH_GetReadOutProtectionL2STS
<LI><a href="#[62]">&gt;&gt;</a>&nbsp;&nbsp;&nbsp;FLASH_ClearFlag
</UL>

<P><STRONG><a name="[67]"></a>FLASH_GetReadOutProtectionL2STS</STRONG> (Thumb, 48 bytes, Stack size 4 bytes, n32g43x_flash.o(.text), UNUSED)
<BR><BR>[Called By]<UL><LI><a href="#[6e]">&gt;&gt;</a>&nbsp;&nbsp;&nbsp;FLASH_ReadOutProtectionL2_ENABLE
<LI><a href="#[6d]">&gt;&gt;</a>&nbsp;&nbsp;&nbsp;FLASH_ReadOutProtectionL1
<LI><a href="#[6b]">&gt;&gt;</a>&nbsp;&nbsp;&nbsp;FLASH_ProgramOBData
<LI><a href="#[66]">&gt;&gt;</a>&nbsp;&nbsp;&nbsp;FLASH_EraseOB
<LI><a href="#[6c]">&gt;&gt;</a>&nbsp;&nbsp;&nbsp;FLASH_EnWriteProtection
<LI><a href="#[70]">&gt;&gt;</a>&nbsp;&nbsp;&nbsp;FLASH_ConfigUserOB2
<LI><a href="#[6f]">&gt;&gt;</a>&nbsp;&nbsp;&nbsp;FLASH_ConfigUserOB
<LI><a href="#[69]">&gt;&gt;</a>&nbsp;&nbsp;&nbsp;FLASH_ConfigALLOptionByte
</UL>

<P><STRONG><a name="[68]"></a>FLASH_GetReadOutProtectionSTS</STRONG> (Thumb, 50 bytes, Stack size 4 bytes, n32g43x_flash.o(.text), UNUSED)
<BR><BR>[Called By]<UL><LI><a href="#[6e]">&gt;&gt;</a>&nbsp;&nbsp;&nbsp;FLASH_ReadOutProtectionL2_ENABLE
<LI><a href="#[66]">&gt;&gt;</a>&nbsp;&nbsp;&nbsp;FLASH_EraseOB
<LI><a href="#[70]">&gt;&gt;</a>&nbsp;&nbsp;&nbsp;FLASH_ConfigUserOB2
<LI><a href="#[6f]">&gt;&gt;</a>&nbsp;&nbsp;&nbsp;FLASH_ConfigUserOB
</UL>

<P><STRONG><a name="[69]"></a>FLASH_ConfigALLOptionByte</STRONG> (Thumb, 644 bytes, Stack size 72 bytes, n32g43x_flash.o(.text), UNUSED)
<BR><BR>[Calls]<UL><LI><a href="#[63]">&gt;&gt;</a>&nbsp;&nbsp;&nbsp;FLASH_WaitForLastOpt
<LI><a href="#[67]">&gt;&gt;</a>&nbsp;&nbsp;&nbsp;FLASH_GetReadOutProtectionL2STS
<LI><a href="#[62]">&gt;&gt;</a>&nbsp;&nbsp;&nbsp;FLASH_ClearFlag
</UL>

<P><STRONG><a name="[6a]"></a>FLASH_ProgramWord</STRONG> (Thumb, 140 bytes, Stack size 32 bytes, n32g43x_flash.o(.text))
<BR><BR>[Stack]<UL><LI>Max Depth = 60<LI>Call Chain = FLASH_ProgramWord &rArr; FLASH_WaitForLastOpt &rArr; FLASH_GetSTS
</UL>
<BR>[Calls]<UL><LI><a href="#[63]">&gt;&gt;</a>&nbsp;&nbsp;&nbsp;FLASH_WaitForLastOpt
<LI><a href="#[62]">&gt;&gt;</a>&nbsp;&nbsp;&nbsp;FLASH_ClearFlag
</UL>
<BR>[Called By]<UL><LI><a href="#[b5]">&gt;&gt;</a>&nbsp;&nbsp;&nbsp;FLASH_ProgramPage
</UL>

<P><STRONG><a name="[6b]"></a>FLASH_ProgramOBData</STRONG> (Thumb, 178 bytes, Stack size 24 bytes, n32g43x_flash.o(.text), UNUSED)
<BR><BR>[Calls]<UL><LI><a href="#[63]">&gt;&gt;</a>&nbsp;&nbsp;&nbsp;FLASH_WaitForLastOpt
<LI><a href="#[67]">&gt;&gt;</a>&nbsp;&nbsp;&nbsp;FLASH_GetReadOutProtectionL2STS
<LI><a href="#[62]">&gt;&gt;</a>&nbsp;&nbsp;&nbsp;FLASH_ClearFlag
</UL>

<P><STRONG><a name="[6c]"></a>FLASH_EnWriteProtection</STRONG> (Thumb, 338 bytes, Stack size 32 bytes, n32g43x_flash.o(.text), UNUSED)
<BR><BR>[Calls]<UL><LI><a href="#[63]">&gt;&gt;</a>&nbsp;&nbsp;&nbsp;FLASH_WaitForLastOpt
<LI><a href="#[67]">&gt;&gt;</a>&nbsp;&nbsp;&nbsp;FLASH_GetReadOutProtectionL2STS
<LI><a href="#[62]">&gt;&gt;</a>&nbsp;&nbsp;&nbsp;FLASH_ClearFlag
</UL>

<P><STRONG><a name="[6d]"></a>FLASH_ReadOutProtectionL1</STRONG> (Thumb, 330 bytes, Stack size 24 bytes, n32g43x_flash.o(.text), UNUSED)
<BR><BR>[Calls]<UL><LI><a href="#[63]">&gt;&gt;</a>&nbsp;&nbsp;&nbsp;FLASH_WaitForLastOpt
<LI><a href="#[67]">&gt;&gt;</a>&nbsp;&nbsp;&nbsp;FLASH_GetReadOutProtectionL2STS
<LI><a href="#[62]">&gt;&gt;</a>&nbsp;&nbsp;&nbsp;FLASH_ClearFlag
</UL>

<P><STRONG><a name="[6e]"></a>FLASH_ReadOutProtectionL2_ENABLE</STRONG> (Thumb, 360 bytes, Stack size 24 bytes, n32g43x_flash.o(.text), UNUSED)
<BR><BR>[Calls]<UL><LI><a href="#[63]">&gt;&gt;</a>&nbsp;&nbsp;&nbsp;FLASH_WaitForLastOpt
<LI><a href="#[68]">&gt;&gt;</a>&nbsp;&nbsp;&nbsp;FLASH_GetReadOutProtectionSTS
<LI><a href="#[67]">&gt;&gt;</a>&nbsp;&nbsp;&nbsp;FLASH_GetReadOutProtectionL2STS
<LI><a href="#[62]">&gt;&gt;</a>&nbsp;&nbsp;&nbsp;FLASH_ClearFlag
</UL>

<P><STRONG><a name="[6f]"></a>FLASH_ConfigUserOB</STRONG> (Thumb, 344 bytes, Stack size 24 bytes, n32g43x_flash.o(.text), UNUSED)
<BR><BR>[Calls]<UL><LI><a href="#[63]">&gt;&gt;</a>&nbsp;&nbsp;&nbsp;FLASH_WaitForLastOpt
<LI><a href="#[68]">&gt;&gt;</a>&nbsp;&nbsp;&nbsp;FLASH_GetReadOutProtectionSTS
<LI><a href="#[67]">&gt;&gt;</a>&nbsp;&nbsp;&nbsp;FLASH_GetReadOutProtectionL2STS
<LI><a href="#[62]">&gt;&gt;</a>&nbsp;&nbsp;&nbsp;FLASH_ClearFlag
</UL>

<P><STRONG><a name="[70]"></a>FLASH_ConfigUserOB2</STRONG> (Thumb, 392 bytes, Stack size 32 bytes, n32g43x_flash.o(.text), UNUSED)
<BR><BR>[Calls]<UL><LI><a href="#[63]">&gt;&gt;</a>&nbsp;&nbsp;&nbsp;FLASH_WaitForLastOpt
<LI><a href="#[68]">&gt;&gt;</a>&nbsp;&nbsp;&nbsp;FLASH_GetReadOutProtectionSTS
<LI><a href="#[67]">&gt;&gt;</a>&nbsp;&nbsp;&nbsp;FLASH_GetReadOutProtectionL2STS
<LI><a href="#[62]">&gt;&gt;</a>&nbsp;&nbsp;&nbsp;FLASH_ClearFlag
</UL>

<P><STRONG><a name="[1e0]"></a>FLASH_GetUserOB</STRONG> (Thumb, 14 bytes, Stack size 0 bytes, n32g43x_flash.o(.text), UNUSED)

<P><STRONG><a name="[1e1]"></a>FLASH_GetWriteProtectionOB</STRONG> (Thumb, 12 bytes, Stack size 0 bytes, n32g43x_flash.o(.text), UNUSED)

<P><STRONG><a name="[1e2]"></a>FLASH_GetPrefetchBufSTS</STRONG> (Thumb, 50 bytes, Stack size 4 bytes, n32g43x_flash.o(.text), UNUSED)

<P><STRONG><a name="[1e3]"></a>FLASH_GetSMPSELStatus</STRONG> (Thumb, 52 bytes, Stack size 4 bytes, n32g43x_flash.o(.text), UNUSED)

<P><STRONG><a name="[1e4]"></a>FLASH_INTConfig</STRONG> (Thumb, 56 bytes, Stack size 8 bytes, n32g43x_flash.o(.text), UNUSED)

<P><STRONG><a name="[1e5]"></a>FLASH_GetFlagSTS</STRONG> (Thumb, 96 bytes, Stack size 8 bytes, n32g43x_flash.o(.text), UNUSED)

<P><STRONG><a name="[64]"></a>FLASH_GetSTS</STRONG> (Thumb, 160 bytes, Stack size 4 bytes, n32g43x_flash.o(.text))
<BR><BR>[Stack]<UL><LI>Max Depth = 4<LI>Call Chain = FLASH_GetSTS
</UL>
<BR>[Called By]<UL><LI><a href="#[63]">&gt;&gt;</a>&nbsp;&nbsp;&nbsp;FLASH_WaitForLastOpt
</UL>

<P><STRONG><a name="[71]"></a>GPIO_DeInit</STRONG> (Thumb, 568 bytes, Stack size 56 bytes, n32g43x_gpio.o(.text), UNUSED)
<BR><BR>[Calls]<UL><LI><a href="#[72]">&gt;&gt;</a>&nbsp;&nbsp;&nbsp;RCC_EnableAPB2PeriphReset
</UL>

<P><STRONG><a name="[73]"></a>GPIO_AFIOInitDefault</STRONG> (Thumb, 26 bytes, Stack size 16 bytes, n32g43x_gpio.o(.text), UNUSED)
<BR><BR>[Calls]<UL><LI><a href="#[72]">&gt;&gt;</a>&nbsp;&nbsp;&nbsp;RCC_EnableAPB2PeriphReset
</UL>

<P><STRONG><a name="[ac]"></a>GPIO_InitPeripheral</STRONG> (Thumb, 884 bytes, Stack size 28 bytes, n32g43x_gpio.o(.text))
<BR><BR>[Stack]<UL><LI>Max Depth = 28<LI>Call Chain = GPIO_InitPeripheral
</UL>
<BR>[Called By]<UL><LI><a href="#[18e]">&gt;&gt;</a>&nbsp;&nbsp;&nbsp;LedInit_out_1
<LI><a href="#[173]">&gt;&gt;</a>&nbsp;&nbsp;&nbsp;app_iris_gpio_init
<LI><a href="#[172]">&gt;&gt;</a>&nbsp;&nbsp;&nbsp;LedInit_1
<LI><a href="#[168]">&gt;&gt;</a>&nbsp;&nbsp;&nbsp;bsp_focal_step_init
<LI><a href="#[16b]">&gt;&gt;</a>&nbsp;&nbsp;&nbsp;bsp_focal_init_dz24
<LI><a href="#[166]">&gt;&gt;</a>&nbsp;&nbsp;&nbsp;LedInit_out
<LI><a href="#[130]">&gt;&gt;</a>&nbsp;&nbsp;&nbsp;pwm_filter
<LI><a href="#[126]">&gt;&gt;</a>&nbsp;&nbsp;&nbsp;PWM_TIME
<LI><a href="#[12f]">&gt;&gt;</a>&nbsp;&nbsp;&nbsp;PWM_FAN_5
<LI><a href="#[12e]">&gt;&gt;</a>&nbsp;&nbsp;&nbsp;PWM_FAN_1
<LI><a href="#[12d]">&gt;&gt;</a>&nbsp;&nbsp;&nbsp;PWM_FAN1_4
<LI><a href="#[113]">&gt;&gt;</a>&nbsp;&nbsp;&nbsp;ADC_GPIO_Configuration
<LI><a href="#[d4]">&gt;&gt;</a>&nbsp;&nbsp;&nbsp;LedInit_out1
<LI><a href="#[b6]">&gt;&gt;</a>&nbsp;&nbsp;&nbsp;bsp_uart_api_init
<LI><a href="#[ca]">&gt;&gt;</a>&nbsp;&nbsp;&nbsp;PWM_BLED
<LI><a href="#[ae]">&gt;&gt;</a>&nbsp;&nbsp;&nbsp;LedInit_in
<LI><a href="#[a2]">&gt;&gt;</a>&nbsp;&nbsp;&nbsp;LedInit
<LI><a href="#[af]">&gt;&gt;</a>&nbsp;&nbsp;&nbsp;LedIni
<LI><a href="#[ad]">&gt;&gt;</a>&nbsp;&nbsp;&nbsp;KeyInputInit
<LI><a href="#[c3]">&gt;&gt;</a>&nbsp;&nbsp;&nbsp;I2C2_GPIO_init_1
<LI><a href="#[c1]">&gt;&gt;</a>&nbsp;&nbsp;&nbsp;I2C2_GPIO_init
</UL>

<P><STRONG><a name="[ab]"></a>GPIO_InitStruct</STRONG> (Thumb, 40 bytes, Stack size 4 bytes, n32g43x_gpio.o(.text))
<BR><BR>[Stack]<UL><LI>Max Depth = 4<LI>Call Chain = GPIO_InitStruct
</UL>
<BR>[Called By]<UL><LI><a href="#[18e]">&gt;&gt;</a>&nbsp;&nbsp;&nbsp;LedInit_out_1
<LI><a href="#[173]">&gt;&gt;</a>&nbsp;&nbsp;&nbsp;app_iris_gpio_init
<LI><a href="#[172]">&gt;&gt;</a>&nbsp;&nbsp;&nbsp;LedInit_1
<LI><a href="#[168]">&gt;&gt;</a>&nbsp;&nbsp;&nbsp;bsp_focal_step_init
<LI><a href="#[16b]">&gt;&gt;</a>&nbsp;&nbsp;&nbsp;bsp_focal_init_dz24
<LI><a href="#[166]">&gt;&gt;</a>&nbsp;&nbsp;&nbsp;LedInit_out
<LI><a href="#[130]">&gt;&gt;</a>&nbsp;&nbsp;&nbsp;pwm_filter
<LI><a href="#[126]">&gt;&gt;</a>&nbsp;&nbsp;&nbsp;PWM_TIME
<LI><a href="#[12f]">&gt;&gt;</a>&nbsp;&nbsp;&nbsp;PWM_FAN_5
<LI><a href="#[12e]">&gt;&gt;</a>&nbsp;&nbsp;&nbsp;PWM_FAN_1
<LI><a href="#[12d]">&gt;&gt;</a>&nbsp;&nbsp;&nbsp;PWM_FAN1_4
<LI><a href="#[113]">&gt;&gt;</a>&nbsp;&nbsp;&nbsp;ADC_GPIO_Configuration
<LI><a href="#[d4]">&gt;&gt;</a>&nbsp;&nbsp;&nbsp;LedInit_out1
<LI><a href="#[b6]">&gt;&gt;</a>&nbsp;&nbsp;&nbsp;bsp_uart_api_init
<LI><a href="#[ca]">&gt;&gt;</a>&nbsp;&nbsp;&nbsp;PWM_BLED
<LI><a href="#[ae]">&gt;&gt;</a>&nbsp;&nbsp;&nbsp;LedInit_in
<LI><a href="#[a2]">&gt;&gt;</a>&nbsp;&nbsp;&nbsp;LedInit
<LI><a href="#[af]">&gt;&gt;</a>&nbsp;&nbsp;&nbsp;LedIni
<LI><a href="#[ad]">&gt;&gt;</a>&nbsp;&nbsp;&nbsp;KeyInputInit
<LI><a href="#[c3]">&gt;&gt;</a>&nbsp;&nbsp;&nbsp;I2C2_GPIO_init_1
<LI><a href="#[c1]">&gt;&gt;</a>&nbsp;&nbsp;&nbsp;I2C2_GPIO_init
</UL>

<P><STRONG><a name="[f8]"></a>GPIO_ReadInputDataBit</STRONG> (Thumb, 52 bytes, Stack size 8 bytes, n32g43x_gpio.o(.text))
<BR><BR>[Stack]<UL><LI>Max Depth = 8<LI>Call Chain = GPIO_ReadInputDataBit
</UL>
<BR>[Called By]<UL><LI><a href="#[17c]">&gt;&gt;</a>&nbsp;&nbsp;&nbsp;CHECKI2CSDA_1
<LI><a href="#[17d]">&gt;&gt;</a>&nbsp;&nbsp;&nbsp;CHECKI2CSCL_1
<LI><a href="#[f7]">&gt;&gt;</a>&nbsp;&nbsp;&nbsp;CHECKI2CSDA
<LI><a href="#[f9]">&gt;&gt;</a>&nbsp;&nbsp;&nbsp;CHECKI2CSCL
</UL>

<P><STRONG><a name="[1e6]"></a>GPIO_ReadInputData</STRONG> (Thumb, 14 bytes, Stack size 4 bytes, n32g43x_gpio.o(.text), UNUSED)

<P><STRONG><a name="[1e7]"></a>GPIO_ReadOutputDataBit</STRONG> (Thumb, 52 bytes, Stack size 8 bytes, n32g43x_gpio.o(.text), UNUSED)

<P><STRONG><a name="[1e8]"></a>GPIO_ReadOutputData</STRONG> (Thumb, 14 bytes, Stack size 4 bytes, n32g43x_gpio.o(.text), UNUSED)

<P><STRONG><a name="[1e9]"></a>GPIO_SetBits</STRONG> (Thumb, 20 bytes, Stack size 8 bytes, n32g43x_gpio.o(.text), UNUSED)

<P><STRONG><a name="[1ea]"></a>GPIO_SetBitsHigh16</STRONG> (Thumb, 16 bytes, Stack size 8 bytes, n32g43x_gpio.o(.text), UNUSED)

<P><STRONG><a name="[1eb]"></a>GPIO_ResetBits</STRONG> (Thumb, 20 bytes, Stack size 8 bytes, n32g43x_gpio.o(.text), UNUSED)

<P><STRONG><a name="[1ec]"></a>GPIO_WriteBit</STRONG> (Thumb, 44 bytes, Stack size 8 bytes, n32g43x_gpio.o(.text), UNUSED)

<P><STRONG><a name="[1ed]"></a>GPIO_Write</STRONG> (Thumb, 20 bytes, Stack size 8 bytes, n32g43x_gpio.o(.text), UNUSED)

<P><STRONG><a name="[1ee]"></a>GPIO_ConfigPinLock</STRONG> (Thumb, 60 bytes, Stack size 12 bytes, n32g43x_gpio.o(.text), UNUSED)

<P><STRONG><a name="[1ef]"></a>GPIO_ConfigPinRemap</STRONG> (Thumb, 226 bytes, Stack size 28 bytes, n32g43x_gpio.o(.text), UNUSED)

<P><STRONG><a name="[1f0]"></a>GPIO_ConfigEventOutput</STRONG> (Thumb, 208 bytes, Stack size 24 bytes, n32g43x_gpio.o(.text), UNUSED)

<P><STRONG><a name="[1f1]"></a>GPIO_CtrlEventOutput</STRONG> (Thumb, 22 bytes, Stack size 4 bytes, n32g43x_gpio.o(.text), UNUSED)

<P><STRONG><a name="[169]"></a>GPIO_ConfigEXTILine</STRONG> (Thumb, 78 bytes, Stack size 8 bytes, n32g43x_gpio.o(.text), UNUSED)
<BR><BR>[Called By]<UL><LI><a href="#[168]">&gt;&gt;</a>&nbsp;&nbsp;&nbsp;bsp_focal_step_init
</UL>

<P><STRONG><a name="[1f2]"></a>AFIO_ConfigSPINSSMode</STRONG> (Thumb, 60 bytes, Stack size 12 bytes, n32g43x_gpio.o(.text), UNUSED)

<P><STRONG><a name="[1f3]"></a>AFIO_ConfigADCExternalTrigRemap</STRONG> (Thumb, 182 bytes, Stack size 8 bytes, n32g43x_gpio.o(.text), UNUSED)

<P><STRONG><a name="[74]"></a>I2C_DeInit</STRONG> (Thumb, 70 bytes, Stack size 24 bytes, n32g43x_i2c.o(.text))
<BR><BR>[Stack]<UL><LI>Max Depth = 32<LI>Call Chain = I2C_DeInit &rArr; RCC_EnableAPB1PeriphReset
</UL>
<BR>[Calls]<UL><LI><a href="#[75]">&gt;&gt;</a>&nbsp;&nbsp;&nbsp;RCC_EnableAPB1PeriphReset
</UL>
<BR>[Called By]<UL><LI><a href="#[d0]">&gt;&gt;</a>&nbsp;&nbsp;&nbsp;I2C2_init_1
<LI><a href="#[ce]">&gt;&gt;</a>&nbsp;&nbsp;&nbsp;I2C2_init
</UL>

<P><STRONG><a name="[76]"></a>I2C_Init</STRONG> (Thumb, 426 bytes, Stack size 56 bytes, n32g43x_i2c.o(.text))
<BR><BR>[Stack]<UL><LI>Max Depth = 88<LI>Call Chain = I2C_Init &rArr; RCC_GetClocksFreqValue
</UL>
<BR>[Calls]<UL><LI><a href="#[77]">&gt;&gt;</a>&nbsp;&nbsp;&nbsp;RCC_GetClocksFreqValue
</UL>
<BR>[Called By]<UL><LI><a href="#[d0]">&gt;&gt;</a>&nbsp;&nbsp;&nbsp;I2C2_init_1
<LI><a href="#[ce]">&gt;&gt;</a>&nbsp;&nbsp;&nbsp;I2C2_init
</UL>

<P><STRONG><a name="[1f4]"></a>I2C_InitStruct</STRONG> (Thumb, 46 bytes, Stack size 4 bytes, n32g43x_i2c.o(.text), UNUSED)

<P><STRONG><a name="[d2]"></a>I2C_Enable</STRONG> (Thumb, 44 bytes, Stack size 8 bytes, n32g43x_i2c.o(.text))
<BR><BR>[Stack]<UL><LI>Max Depth = 8<LI>Call Chain = I2C_Enable
</UL>
<BR>[Called By]<UL><LI><a href="#[d1]">&gt;&gt;</a>&nbsp;&nbsp;&nbsp;I2C_0_open_1
<LI><a href="#[cf]">&gt;&gt;</a>&nbsp;&nbsp;&nbsp;I2C_0_open
<LI><a href="#[2b]">&gt;&gt;</a>&nbsp;&nbsp;&nbsp;I2C2_EV_IRQHandler
<LI><a href="#[29]">&gt;&gt;</a>&nbsp;&nbsp;&nbsp;I2C1_EV_IRQHandler
<LI><a href="#[d0]">&gt;&gt;</a>&nbsp;&nbsp;&nbsp;I2C2_init_1
<LI><a href="#[ce]">&gt;&gt;</a>&nbsp;&nbsp;&nbsp;I2C2_init
</UL>

<P><STRONG><a name="[1f5]"></a>I2C_EnableDMA</STRONG> (Thumb, 44 bytes, Stack size 8 bytes, n32g43x_i2c.o(.text), UNUSED)

<P><STRONG><a name="[1f6]"></a>I2C_EnableDmaLastSend</STRONG> (Thumb, 44 bytes, Stack size 8 bytes, n32g43x_i2c.o(.text), UNUSED)

<P><STRONG><a name="[1f7]"></a>I2C_GenerateStart</STRONG> (Thumb, 44 bytes, Stack size 8 bytes, n32g43x_i2c.o(.text), UNUSED)

<P><STRONG><a name="[1f8]"></a>I2C_GenerateStop</STRONG> (Thumb, 44 bytes, Stack size 8 bytes, n32g43x_i2c.o(.text), UNUSED)

<P><STRONG><a name="[1f9]"></a>I2C_ConfigAck</STRONG> (Thumb, 44 bytes, Stack size 8 bytes, n32g43x_i2c.o(.text), UNUSED)

<P><STRONG><a name="[1fa]"></a>I2C_ConfigOwnAddr2</STRONG> (Thumb, 64 bytes, Stack size 8 bytes, n32g43x_i2c.o(.text), UNUSED)

<P><STRONG><a name="[1fb]"></a>I2C_EnableDualAddr</STRONG> (Thumb, 44 bytes, Stack size 8 bytes, n32g43x_i2c.o(.text), UNUSED)

<P><STRONG><a name="[1fc]"></a>I2C_EnableGeneralCall</STRONG> (Thumb, 44 bytes, Stack size 8 bytes, n32g43x_i2c.o(.text), UNUSED)

<P><STRONG><a name="[161]"></a>I2C_ConfigInt</STRONG> (Thumb, 52 bytes, Stack size 8 bytes, n32g43x_i2c.o(.text))
<BR><BR>[Stack]<UL><LI>Max Depth = 8<LI>Call Chain = I2C_ConfigInt
</UL>
<BR>[Called By]<UL><LI><a href="#[d0]">&gt;&gt;</a>&nbsp;&nbsp;&nbsp;I2C2_init_1
<LI><a href="#[ce]">&gt;&gt;</a>&nbsp;&nbsp;&nbsp;I2C2_init
</UL>

<P><STRONG><a name="[163]"></a>I2C_SendData</STRONG> (Thumb, 20 bytes, Stack size 8 bytes, n32g43x_i2c.o(.text))
<BR><BR>[Stack]<UL><LI>Max Depth = 8<LI>Call Chain = I2C_SendData
</UL>
<BR>[Called By]<UL><LI><a href="#[2b]">&gt;&gt;</a>&nbsp;&nbsp;&nbsp;I2C2_EV_IRQHandler
<LI><a href="#[29]">&gt;&gt;</a>&nbsp;&nbsp;&nbsp;I2C1_EV_IRQHandler
</UL>

<P><STRONG><a name="[164]"></a>I2C_RecvData</STRONG> (Thumb, 14 bytes, Stack size 4 bytes, n32g43x_i2c.o(.text))
<BR><BR>[Stack]<UL><LI>Max Depth = 4<LI>Call Chain = I2C_RecvData
</UL>
<BR>[Called By]<UL><LI><a href="#[2b]">&gt;&gt;</a>&nbsp;&nbsp;&nbsp;I2C2_EV_IRQHandler
<LI><a href="#[29]">&gt;&gt;</a>&nbsp;&nbsp;&nbsp;I2C1_EV_IRQHandler
</UL>

<P><STRONG><a name="[1fd]"></a>I2C_SendAddr7bit</STRONG> (Thumb, 60 bytes, Stack size 8 bytes, n32g43x_i2c.o(.text), UNUSED)

<P><STRONG><a name="[1fe]"></a>I2C_GetRegister</STRONG> (Thumb, 34 bytes, Stack size 12 bytes, n32g43x_i2c.o(.text), UNUSED)

<P><STRONG><a name="[1ff]"></a>I2C_EnableSoftwareReset</STRONG> (Thumb, 44 bytes, Stack size 8 bytes, n32g43x_i2c.o(.text), UNUSED)

<P><STRONG><a name="[200]"></a>I2C_ConfigNackLocation</STRONG> (Thumb, 48 bytes, Stack size 8 bytes, n32g43x_i2c.o(.text), UNUSED)

<P><STRONG><a name="[201]"></a>I2C_ConfigSmbusAlert</STRONG> (Thumb, 48 bytes, Stack size 8 bytes, n32g43x_i2c.o(.text), UNUSED)

<P><STRONG><a name="[202]"></a>I2C_SendPEC</STRONG> (Thumb, 44 bytes, Stack size 8 bytes, n32g43x_i2c.o(.text), UNUSED)

<P><STRONG><a name="[203]"></a>I2C_ConfigPecLocation</STRONG> (Thumb, 48 bytes, Stack size 8 bytes, n32g43x_i2c.o(.text), UNUSED)

<P><STRONG><a name="[204]"></a>I2C_ComputePec</STRONG> (Thumb, 44 bytes, Stack size 8 bytes, n32g43x_i2c.o(.text), UNUSED)

<P><STRONG><a name="[205]"></a>I2C_GetPec</STRONG> (Thumb, 14 bytes, Stack size 4 bytes, n32g43x_i2c.o(.text), UNUSED)

<P><STRONG><a name="[206]"></a>I2C_EnableArp</STRONG> (Thumb, 44 bytes, Stack size 8 bytes, n32g43x_i2c.o(.text), UNUSED)

<P><STRONG><a name="[207]"></a>I2C_EnableExtendClk</STRONG> (Thumb, 44 bytes, Stack size 8 bytes, n32g43x_i2c.o(.text), UNUSED)

<P><STRONG><a name="[208]"></a>I2C_ConfigFastModeDutyCycle</STRONG> (Thumb, 48 bytes, Stack size 8 bytes, n32g43x_i2c.o(.text), UNUSED)

<P><STRONG><a name="[209]"></a>I2C_CheckEvent</STRONG> (Thumb, 84 bytes, Stack size 24 bytes, n32g43x_i2c.o(.text), UNUSED)

<P><STRONG><a name="[162]"></a>I2C_GetLastEvent</STRONG> (Thumb, 48 bytes, Stack size 16 bytes, n32g43x_i2c.o(.text))
<BR><BR>[Stack]<UL><LI>Max Depth = 16<LI>Call Chain = I2C_GetLastEvent
</UL>
<BR>[Called By]<UL><LI><a href="#[2b]">&gt;&gt;</a>&nbsp;&nbsp;&nbsp;I2C2_EV_IRQHandler
<LI><a href="#[2c]">&gt;&gt;</a>&nbsp;&nbsp;&nbsp;I2C2_ER_IRQHandler
<LI><a href="#[29]">&gt;&gt;</a>&nbsp;&nbsp;&nbsp;I2C1_EV_IRQHandler
<LI><a href="#[2a]">&gt;&gt;</a>&nbsp;&nbsp;&nbsp;I2C1_ER_IRQHandler
</UL>

<P><STRONG><a name="[20a]"></a>I2C_GetFlag</STRONG> (Thumb, 98 bytes, Stack size 20 bytes, n32g43x_i2c.o(.text), UNUSED)

<P><STRONG><a name="[167]"></a>I2C_ClrFlag</STRONG> (Thumb, 30 bytes, Stack size 12 bytes, n32g43x_i2c.o(.text))
<BR><BR>[Stack]<UL><LI>Max Depth = 12<LI>Call Chain = I2C_ClrFlag
</UL>
<BR>[Called By]<UL><LI><a href="#[2c]">&gt;&gt;</a>&nbsp;&nbsp;&nbsp;I2C2_ER_IRQHandler
<LI><a href="#[2a]">&gt;&gt;</a>&nbsp;&nbsp;&nbsp;I2C1_ER_IRQHandler
</UL>

<P><STRONG><a name="[20b]"></a>I2C_GetIntStatus</STRONG> (Thumb, 80 bytes, Stack size 16 bytes, n32g43x_i2c.o(.text), UNUSED)

<P><STRONG><a name="[20c]"></a>I2C_ClrIntPendingBit</STRONG> (Thumb, 30 bytes, Stack size 12 bytes, n32g43x_i2c.o(.text), UNUSED)

<P><STRONG><a name="[20d]"></a>RCC_DeInit</STRONG> (Thumb, 144 bytes, Stack size 0 bytes, n32g43x_rcc.o(.text), UNUSED)

<P><STRONG><a name="[146]"></a>RCC_ConfigHse</STRONG> (Thumb, 92 bytes, Stack size 8 bytes, n32g43x_rcc.o(.text), UNUSED)
<BR><BR>[Called By]<UL><LI><a href="#[147]">&gt;&gt;</a>&nbsp;&nbsp;&nbsp;SetSysClockToPLL
<LI><a href="#[145]">&gt;&gt;</a>&nbsp;&nbsp;&nbsp;SetSysClockToHSE
</UL>

<P><STRONG><a name="[78]"></a>RCC_WaitHseStable</STRONG> (Thumb, 108 bytes, Stack size 24 bytes, n32g43x_rcc.o(.text), UNUSED)
<BR><BR>[Calls]<UL><LI><a href="#[79]">&gt;&gt;</a>&nbsp;&nbsp;&nbsp;RCC_GetFlagStatus
</UL>
<BR>[Called By]<UL><LI><a href="#[147]">&gt;&gt;</a>&nbsp;&nbsp;&nbsp;SetSysClockToPLL
<LI><a href="#[145]">&gt;&gt;</a>&nbsp;&nbsp;&nbsp;SetSysClockToHSE
</UL>

<P><STRONG><a name="[79]"></a>RCC_GetFlagStatus</STRONG> (Thumb, 130 bytes, Stack size 16 bytes, n32g43x_rcc.o(.text))
<BR><BR>[Stack]<UL><LI>Max Depth = 16<LI>Call Chain = RCC_GetFlagStatus
</UL>
<BR>[Called By]<UL><LI><a href="#[7a]">&gt;&gt;</a>&nbsp;&nbsp;&nbsp;RCC_WaitHsiStable
<LI><a href="#[78]">&gt;&gt;</a>&nbsp;&nbsp;&nbsp;RCC_WaitHseStable
<LI><a href="#[7b]">&gt;&gt;</a>&nbsp;&nbsp;&nbsp;RCC_WaitMsiStable
<LI><a href="#[147]">&gt;&gt;</a>&nbsp;&nbsp;&nbsp;SetSysClockToPLL
<LI><a href="#[144]">&gt;&gt;</a>&nbsp;&nbsp;&nbsp;SetSysClockToMSI
<LI><a href="#[135]">&gt;&gt;</a>&nbsp;&nbsp;&nbsp;SetSysClockToHSI
<LI><a href="#[145]">&gt;&gt;</a>&nbsp;&nbsp;&nbsp;SetSysClockToHSE
</UL>

<P><STRONG><a name="[148]"></a>RCC_ConfigHsi</STRONG> (Thumb, 52 bytes, Stack size 4 bytes, n32g43x_rcc.o(.text), UNUSED)
<BR><BR>[Called By]<UL><LI><a href="#[147]">&gt;&gt;</a>&nbsp;&nbsp;&nbsp;SetSysClockToPLL
</UL>

<P><STRONG><a name="[7a]"></a>RCC_WaitHsiStable</STRONG> (Thumb, 108 bytes, Stack size 24 bytes, n32g43x_rcc.o(.text))
<BR><BR>[Stack]<UL><LI>Max Depth = 40<LI>Call Chain = RCC_WaitHsiStable &rArr; RCC_GetFlagStatus
</UL>
<BR>[Calls]<UL><LI><a href="#[79]">&gt;&gt;</a>&nbsp;&nbsp;&nbsp;RCC_GetFlagStatus
</UL>
<BR>[Called By]<UL><LI><a href="#[147]">&gt;&gt;</a>&nbsp;&nbsp;&nbsp;SetSysClockToPLL
<LI><a href="#[135]">&gt;&gt;</a>&nbsp;&nbsp;&nbsp;SetSysClockToHSI
</UL>

<P><STRONG><a name="[20e]"></a>RCC_SetHsiCalibValue</STRONG> (Thumb, 50 bytes, Stack size 8 bytes, n32g43x_rcc.o(.text), UNUSED)

<P><STRONG><a name="[139]"></a>RCC_EnableHsi</STRONG> (Thumb, 22 bytes, Stack size 4 bytes, n32g43x_rcc.o(.text))
<BR><BR>[Stack]<UL><LI>Max Depth = 4<LI>Call Chain = RCC_EnableHsi
</UL>
<BR>[Called By]<UL><LI><a href="#[135]">&gt;&gt;</a>&nbsp;&nbsp;&nbsp;SetSysClockToHSI
</UL>

<P><STRONG><a name="[13b]"></a>RCC_ConfigMsi</STRONG> (Thumb, 88 bytes, Stack size 12 bytes, n32g43x_rcc.o(.text))
<BR><BR>[Stack]<UL><LI>Max Depth = 12<LI>Call Chain = RCC_ConfigMsi
</UL>
<BR>[Called By]<UL><LI><a href="#[147]">&gt;&gt;</a>&nbsp;&nbsp;&nbsp;SetSysClockToPLL
<LI><a href="#[144]">&gt;&gt;</a>&nbsp;&nbsp;&nbsp;SetSysClockToMSI
<LI><a href="#[135]">&gt;&gt;</a>&nbsp;&nbsp;&nbsp;SetSysClockToHSI
<LI><a href="#[145]">&gt;&gt;</a>&nbsp;&nbsp;&nbsp;SetSysClockToHSE
</UL>

<P><STRONG><a name="[7b]"></a>RCC_WaitMsiStable</STRONG> (Thumb, 108 bytes, Stack size 24 bytes, n32g43x_rcc.o(.text))
<BR><BR>[Stack]<UL><LI>Max Depth = 40<LI>Call Chain = RCC_WaitMsiStable &rArr; RCC_GetFlagStatus
</UL>
<BR>[Calls]<UL><LI><a href="#[79]">&gt;&gt;</a>&nbsp;&nbsp;&nbsp;RCC_GetFlagStatus
</UL>
<BR>[Called By]<UL><LI><a href="#[147]">&gt;&gt;</a>&nbsp;&nbsp;&nbsp;SetSysClockToPLL
<LI><a href="#[144]">&gt;&gt;</a>&nbsp;&nbsp;&nbsp;SetSysClockToMSI
<LI><a href="#[135]">&gt;&gt;</a>&nbsp;&nbsp;&nbsp;SetSysClockToHSI
<LI><a href="#[145]">&gt;&gt;</a>&nbsp;&nbsp;&nbsp;SetSysClockToHSE
</UL>

<P><STRONG><a name="[20f]"></a>RCC_SetMsiCalibValue</STRONG> (Thumb, 50 bytes, Stack size 8 bytes, n32g43x_rcc.o(.text), UNUSED)

<P><STRONG><a name="[210]"></a>RCC_EnableMsi</STRONG> (Thumb, 24 bytes, Stack size 4 bytes, n32g43x_rcc.o(.text), UNUSED)

<P><STRONG><a name="[13e]"></a>RCC_ConfigPll</STRONG> (Thumb, 146 bytes, Stack size 20 bytes, n32g43x_rcc.o(.text))
<BR><BR>[Stack]<UL><LI>Max Depth = 20<LI>Call Chain = RCC_ConfigPll
</UL>
<BR>[Called By]<UL><LI><a href="#[147]">&gt;&gt;</a>&nbsp;&nbsp;&nbsp;SetSysClockToPLL
<LI><a href="#[135]">&gt;&gt;</a>&nbsp;&nbsp;&nbsp;SetSysClockToHSI
<LI><a href="#[145]">&gt;&gt;</a>&nbsp;&nbsp;&nbsp;SetSysClockToHSE
</UL>

<P><STRONG><a name="[13d]"></a>RCC_EnablePll</STRONG> (Thumb, 22 bytes, Stack size 4 bytes, n32g43x_rcc.o(.text))
<BR><BR>[Stack]<UL><LI>Max Depth = 4<LI>Call Chain = RCC_EnablePll
</UL>
<BR>[Called By]<UL><LI><a href="#[147]">&gt;&gt;</a>&nbsp;&nbsp;&nbsp;SetSysClockToPLL
<LI><a href="#[135]">&gt;&gt;</a>&nbsp;&nbsp;&nbsp;SetSysClockToHSI
<LI><a href="#[145]">&gt;&gt;</a>&nbsp;&nbsp;&nbsp;SetSysClockToHSE
</UL>

<P><STRONG><a name="[13c]"></a>RCC_ConfigSysclk</STRONG> (Thumb, 44 bytes, Stack size 8 bytes, n32g43x_rcc.o(.text))
<BR><BR>[Stack]<UL><LI>Max Depth = 8<LI>Call Chain = RCC_ConfigSysclk
</UL>
<BR>[Called By]<UL><LI><a href="#[147]">&gt;&gt;</a>&nbsp;&nbsp;&nbsp;SetSysClockToPLL
<LI><a href="#[144]">&gt;&gt;</a>&nbsp;&nbsp;&nbsp;SetSysClockToMSI
<LI><a href="#[135]">&gt;&gt;</a>&nbsp;&nbsp;&nbsp;SetSysClockToHSI
<LI><a href="#[145]">&gt;&gt;</a>&nbsp;&nbsp;&nbsp;SetSysClockToHSE
</UL>

<P><STRONG><a name="[13f]"></a>RCC_GetSysclkSrc</STRONG> (Thumb, 16 bytes, Stack size 0 bytes, n32g43x_rcc.o(.text))
<BR><BR>[Called By]<UL><LI><a href="#[147]">&gt;&gt;</a>&nbsp;&nbsp;&nbsp;SetSysClockToPLL
<LI><a href="#[144]">&gt;&gt;</a>&nbsp;&nbsp;&nbsp;SetSysClockToMSI
<LI><a href="#[135]">&gt;&gt;</a>&nbsp;&nbsp;&nbsp;SetSysClockToHSI
<LI><a href="#[145]">&gt;&gt;</a>&nbsp;&nbsp;&nbsp;SetSysClockToHSE
</UL>

<P><STRONG><a name="[141]"></a>RCC_ConfigHclk</STRONG> (Thumb, 44 bytes, Stack size 8 bytes, n32g43x_rcc.o(.text))
<BR><BR>[Stack]<UL><LI>Max Depth = 8<LI>Call Chain = RCC_ConfigHclk
</UL>
<BR>[Called By]<UL><LI><a href="#[147]">&gt;&gt;</a>&nbsp;&nbsp;&nbsp;SetSysClockToPLL
<LI><a href="#[144]">&gt;&gt;</a>&nbsp;&nbsp;&nbsp;SetSysClockToMSI
<LI><a href="#[135]">&gt;&gt;</a>&nbsp;&nbsp;&nbsp;SetSysClockToHSI
<LI><a href="#[145]">&gt;&gt;</a>&nbsp;&nbsp;&nbsp;SetSysClockToHSE
</UL>

<P><STRONG><a name="[143]"></a>RCC_ConfigPclk1</STRONG> (Thumb, 44 bytes, Stack size 8 bytes, n32g43x_rcc.o(.text))
<BR><BR>[Stack]<UL><LI>Max Depth = 8<LI>Call Chain = RCC_ConfigPclk1
</UL>
<BR>[Called By]<UL><LI><a href="#[147]">&gt;&gt;</a>&nbsp;&nbsp;&nbsp;SetSysClockToPLL
<LI><a href="#[144]">&gt;&gt;</a>&nbsp;&nbsp;&nbsp;SetSysClockToMSI
<LI><a href="#[135]">&gt;&gt;</a>&nbsp;&nbsp;&nbsp;SetSysClockToHSI
<LI><a href="#[145]">&gt;&gt;</a>&nbsp;&nbsp;&nbsp;SetSysClockToHSE
</UL>

<P><STRONG><a name="[142]"></a>RCC_ConfigPclk2</STRONG> (Thumb, 46 bytes, Stack size 8 bytes, n32g43x_rcc.o(.text))
<BR><BR>[Stack]<UL><LI>Max Depth = 8<LI>Call Chain = RCC_ConfigPclk2
</UL>
<BR>[Called By]<UL><LI><a href="#[147]">&gt;&gt;</a>&nbsp;&nbsp;&nbsp;SetSysClockToPLL
<LI><a href="#[144]">&gt;&gt;</a>&nbsp;&nbsp;&nbsp;SetSysClockToMSI
<LI><a href="#[135]">&gt;&gt;</a>&nbsp;&nbsp;&nbsp;SetSysClockToHSI
<LI><a href="#[145]">&gt;&gt;</a>&nbsp;&nbsp;&nbsp;SetSysClockToHSE
</UL>

<P><STRONG><a name="[211]"></a>RCC_ConfigInt</STRONG> (Thumb, 66 bytes, Stack size 4 bytes, n32g43x_rcc.o(.text), UNUSED)

<P><STRONG><a name="[212]"></a>RCC_ConfigUsbClk</STRONG> (Thumb, 30 bytes, Stack size 4 bytes, n32g43x_rcc.o(.text), UNUSED)

<P><STRONG><a name="[213]"></a>RCC_ConfigTim18Clk</STRONG> (Thumb, 44 bytes, Stack size 8 bytes, n32g43x_rcc.o(.text), UNUSED)

<P><STRONG><a name="[214]"></a>RCC_ConfigRngcClk</STRONG> (Thumb, 44 bytes, Stack size 8 bytes, n32g43x_rcc.o(.text), UNUSED)

<P><STRONG><a name="[112]"></a>RCC_ConfigAdc1mClk</STRONG> (Thumb, 62 bytes, Stack size 12 bytes, n32g43x_rcc.o(.text))
<BR><BR>[Stack]<UL><LI>Max Depth = 12<LI>Call Chain = RCC_ConfigAdc1mClk
</UL>
<BR>[Called By]<UL><LI><a href="#[110]">&gt;&gt;</a>&nbsp;&nbsp;&nbsp;ADC_RCC_Configuration
</UL>

<P><STRONG><a name="[5f]"></a>RCC_ConfigAdcPllClk</STRONG> (Thumb, 84 bytes, Stack size 12 bytes, n32g43x_rcc.o(.text))
<BR><BR>[Stack]<UL><LI>Max Depth = 12<LI>Call Chain = RCC_ConfigAdcPllClk
</UL>
<BR>[Called By]<UL><LI><a href="#[5e]">&gt;&gt;</a>&nbsp;&nbsp;&nbsp;ADC_ConfigClk
</UL>

<P><STRONG><a name="[60]"></a>RCC_ConfigAdcHclk</STRONG> (Thumb, 44 bytes, Stack size 8 bytes, n32g43x_rcc.o(.text))
<BR><BR>[Stack]<UL><LI>Max Depth = 8<LI>Call Chain = RCC_ConfigAdcHclk
</UL>
<BR>[Called By]<UL><LI><a href="#[5e]">&gt;&gt;</a>&nbsp;&nbsp;&nbsp;ADC_ConfigClk
</UL>

<P><STRONG><a name="[215]"></a>RCC_ConfigTrng1mClk</STRONG> (Thumb, 62 bytes, Stack size 12 bytes, n32g43x_rcc.o(.text), UNUSED)

<P><STRONG><a name="[216]"></a>RCC_EnableTrng1mClk</STRONG> (Thumb, 54 bytes, Stack size 4 bytes, n32g43x_rcc.o(.text), UNUSED)

<P><STRONG><a name="[217]"></a>RCC_ConfigUCDRClk</STRONG> (Thumb, 92 bytes, Stack size 12 bytes, n32g43x_rcc.o(.text), UNUSED)

<P><STRONG><a name="[218]"></a>RCC_ConfigUSBXTALESSMode</STRONG> (Thumb, 32 bytes, Stack size 4 bytes, n32g43x_rcc.o(.text), UNUSED)

<P><STRONG><a name="[219]"></a>RCC_EnableRETPeriphClk</STRONG> (Thumb, 56 bytes, Stack size 8 bytes, n32g43x_rcc.o(.text), UNUSED)

<P><STRONG><a name="[21a]"></a>RCC_EnableRETPeriphReset</STRONG> (Thumb, 60 bytes, Stack size 8 bytes, n32g43x_rcc.o(.text), UNUSED)

<P><STRONG><a name="[7c]"></a>RCC_ConfigLPTIMClk</STRONG> (Thumb, 60 bytes, Stack size 16 bytes, n32g43x_rcc.o(.text), UNUSED)
<BR><BR>[Calls]<UL><LI><a href="#[7d]">&gt;&gt;</a>&nbsp;&nbsp;&nbsp;RCC_EnableAPB1PeriphClk
</UL>

<P><STRONG><a name="[7d]"></a>RCC_EnableAPB1PeriphClk</STRONG> (Thumb, 56 bytes, Stack size 8 bytes, n32g43x_rcc.o(.text))
<BR><BR>[Stack]<UL><LI>Max Depth = 8<LI>Call Chain = RCC_EnableAPB1PeriphClk
</UL>
<BR>[Called By]<UL><LI><a href="#[7e]">&gt;&gt;</a>&nbsp;&nbsp;&nbsp;RCC_ConfigLse
<LI><a href="#[7c]">&gt;&gt;</a>&nbsp;&nbsp;&nbsp;RCC_ConfigLPTIMClk
<LI><a href="#[126]">&gt;&gt;</a>&nbsp;&nbsp;&nbsp;PWM_TIME
<LI><a href="#[12f]">&gt;&gt;</a>&nbsp;&nbsp;&nbsp;PWM_FAN_5
<LI><a href="#[12e]">&gt;&gt;</a>&nbsp;&nbsp;&nbsp;PWM_FAN_1
<LI><a href="#[12d]">&gt;&gt;</a>&nbsp;&nbsp;&nbsp;PWM_FAN1_4
<LI><a href="#[c9]">&gt;&gt;</a>&nbsp;&nbsp;&nbsp;counter_init
<LI><a href="#[d0]">&gt;&gt;</a>&nbsp;&nbsp;&nbsp;I2C2_init_1
<LI><a href="#[ce]">&gt;&gt;</a>&nbsp;&nbsp;&nbsp;I2C2_init
</UL>

<P><STRONG><a name="[21b]"></a>RCC_GetLPTIMClkSrc</STRONG> (Thumb, 16 bytes, Stack size 0 bytes, n32g43x_rcc.o(.text), UNUSED)

<P><STRONG><a name="[21c]"></a>RCC_ConfigLPUARTClk</STRONG> (Thumb, 32 bytes, Stack size 4 bytes, n32g43x_rcc.o(.text), UNUSED)

<P><STRONG><a name="[21d]"></a>RCC_GetLPUARTClkSrc</STRONG> (Thumb, 16 bytes, Stack size 0 bytes, n32g43x_rcc.o(.text), UNUSED)

<P><STRONG><a name="[21e]"></a>RCC_ConfigSRAMParityErrorInt</STRONG> (Thumb, 56 bytes, Stack size 8 bytes, n32g43x_rcc.o(.text), UNUSED)

<P><STRONG><a name="[21f]"></a>RCC_ConfigSRAMParityErrorRESET</STRONG> (Thumb, 56 bytes, Stack size 8 bytes, n32g43x_rcc.o(.text), UNUSED)

<P><STRONG><a name="[220]"></a>RCC_ClrSRAMParityErrorFlag</STRONG> (Thumb, 24 bytes, Stack size 4 bytes, n32g43x_rcc.o(.text), UNUSED)

<P><STRONG><a name="[7e]"></a>RCC_ConfigLse</STRONG> (Thumb, 114 bytes, Stack size 16 bytes, n32g43x_rcc.o(.text), UNUSED)
<BR><BR>[Calls]<UL><LI><a href="#[7d]">&gt;&gt;</a>&nbsp;&nbsp;&nbsp;RCC_EnableAPB1PeriphClk
</UL>

<P><STRONG><a name="[221]"></a>RCC_EnableLsi</STRONG> (Thumb, 24 bytes, Stack size 4 bytes, n32g43x_rcc.o(.text), UNUSED)

<P><STRONG><a name="[222]"></a>RCC_ConfigRtcClk</STRONG> (Thumb, 32 bytes, Stack size 4 bytes, n32g43x_rcc.o(.text), UNUSED)

<P><STRONG><a name="[223]"></a>RCC_GetRTCClkSrc</STRONG> (Thumb, 16 bytes, Stack size 0 bytes, n32g43x_rcc.o(.text), UNUSED)

<P><STRONG><a name="[224]"></a>RCC_EnableRtcClk</STRONG> (Thumb, 24 bytes, Stack size 4 bytes, n32g43x_rcc.o(.text), UNUSED)

<P><STRONG><a name="[225]"></a>RCC_ConfigLSXClk</STRONG> (Thumb, 32 bytes, Stack size 4 bytes, n32g43x_rcc.o(.text), UNUSED)

<P><STRONG><a name="[226]"></a>RCC_GetLSXClkSrc</STRONG> (Thumb, 16 bytes, Stack size 0 bytes, n32g43x_rcc.o(.text), UNUSED)

<P><STRONG><a name="[77]"></a>RCC_GetClocksFreqValue</STRONG> (Thumb, 568 bytes, Stack size 32 bytes, n32g43x_rcc.o(.text))
<BR><BR>[Stack]<UL><LI>Max Depth = 32<LI>Call Chain = RCC_GetClocksFreqValue
</UL>
<BR>[Called By]<UL><LI><a href="#[91]">&gt;&gt;</a>&nbsp;&nbsp;&nbsp;USART_Init
<LI><a href="#[76]">&gt;&gt;</a>&nbsp;&nbsp;&nbsp;I2C_Init
<LI><a href="#[132]">&gt;&gt;</a>&nbsp;&nbsp;&nbsp;DumpClock
</UL>

<P><STRONG><a name="[111]"></a>RCC_EnableAHBPeriphClk</STRONG> (Thumb, 56 bytes, Stack size 8 bytes, n32g43x_rcc.o(.text))
<BR><BR>[Stack]<UL><LI>Max Depth = 8<LI>Call Chain = RCC_EnableAHBPeriphClk
</UL>
<BR>[Called By]<UL><LI><a href="#[110]">&gt;&gt;</a>&nbsp;&nbsp;&nbsp;ADC_RCC_Configuration
</UL>

<P><STRONG><a name="[aa]"></a>RCC_EnableAPB2PeriphClk</STRONG> (Thumb, 56 bytes, Stack size 8 bytes, n32g43x_rcc.o(.text))
<BR><BR>[Stack]<UL><LI>Max Depth = 8<LI>Call Chain = RCC_EnableAPB2PeriphClk
</UL>
<BR>[Called By]<UL><LI><a href="#[18e]">&gt;&gt;</a>&nbsp;&nbsp;&nbsp;LedInit_out_1
<LI><a href="#[173]">&gt;&gt;</a>&nbsp;&nbsp;&nbsp;app_iris_gpio_init
<LI><a href="#[172]">&gt;&gt;</a>&nbsp;&nbsp;&nbsp;LedInit_1
<LI><a href="#[168]">&gt;&gt;</a>&nbsp;&nbsp;&nbsp;bsp_focal_step_init
<LI><a href="#[16b]">&gt;&gt;</a>&nbsp;&nbsp;&nbsp;bsp_focal_init_dz24
<LI><a href="#[166]">&gt;&gt;</a>&nbsp;&nbsp;&nbsp;LedInit_out
<LI><a href="#[130]">&gt;&gt;</a>&nbsp;&nbsp;&nbsp;pwm_filter
<LI><a href="#[126]">&gt;&gt;</a>&nbsp;&nbsp;&nbsp;PWM_TIME
<LI><a href="#[12f]">&gt;&gt;</a>&nbsp;&nbsp;&nbsp;PWM_FAN_5
<LI><a href="#[12e]">&gt;&gt;</a>&nbsp;&nbsp;&nbsp;PWM_FAN_1
<LI><a href="#[12d]">&gt;&gt;</a>&nbsp;&nbsp;&nbsp;PWM_FAN1_4
<LI><a href="#[110]">&gt;&gt;</a>&nbsp;&nbsp;&nbsp;ADC_RCC_Configuration
<LI><a href="#[d4]">&gt;&gt;</a>&nbsp;&nbsp;&nbsp;LedInit_out1
<LI><a href="#[b6]">&gt;&gt;</a>&nbsp;&nbsp;&nbsp;bsp_uart_api_init
<LI><a href="#[ca]">&gt;&gt;</a>&nbsp;&nbsp;&nbsp;PWM_BLED
<LI><a href="#[ae]">&gt;&gt;</a>&nbsp;&nbsp;&nbsp;LedInit_in
<LI><a href="#[a2]">&gt;&gt;</a>&nbsp;&nbsp;&nbsp;LedInit
<LI><a href="#[af]">&gt;&gt;</a>&nbsp;&nbsp;&nbsp;LedIni
<LI><a href="#[ad]">&gt;&gt;</a>&nbsp;&nbsp;&nbsp;KeyInputInit
<LI><a href="#[c3]">&gt;&gt;</a>&nbsp;&nbsp;&nbsp;I2C2_GPIO_init_1
<LI><a href="#[c1]">&gt;&gt;</a>&nbsp;&nbsp;&nbsp;I2C2_GPIO_init
</UL>

<P><STRONG><a name="[5d]"></a>RCC_EnableAHBPeriphReset</STRONG> (Thumb, 56 bytes, Stack size 8 bytes, n32g43x_rcc.o(.text), UNUSED)
<BR><BR>[Called By]<UL><LI><a href="#[5c]">&gt;&gt;</a>&nbsp;&nbsp;&nbsp;ADC_DeInit
</UL>

<P><STRONG><a name="[72]"></a>RCC_EnableAPB2PeriphReset</STRONG> (Thumb, 56 bytes, Stack size 8 bytes, n32g43x_rcc.o(.text), UNUSED)
<BR><BR>[Called By]<UL><LI><a href="#[90]">&gt;&gt;</a>&nbsp;&nbsp;&nbsp;USART_DeInit
<LI><a href="#[7f]">&gt;&gt;</a>&nbsp;&nbsp;&nbsp;TIM_DeInit
<LI><a href="#[71]">&gt;&gt;</a>&nbsp;&nbsp;&nbsp;GPIO_DeInit
<LI><a href="#[73]">&gt;&gt;</a>&nbsp;&nbsp;&nbsp;GPIO_AFIOInitDefault
</UL>

<P><STRONG><a name="[75]"></a>RCC_EnableAPB1PeriphReset</STRONG> (Thumb, 56 bytes, Stack size 8 bytes, n32g43x_rcc.o(.text))
<BR><BR>[Stack]<UL><LI>Max Depth = 8<LI>Call Chain = RCC_EnableAPB1PeriphReset
</UL>
<BR>[Called By]<UL><LI><a href="#[90]">&gt;&gt;</a>&nbsp;&nbsp;&nbsp;USART_DeInit
<LI><a href="#[7f]">&gt;&gt;</a>&nbsp;&nbsp;&nbsp;TIM_DeInit
<LI><a href="#[74]">&gt;&gt;</a>&nbsp;&nbsp;&nbsp;I2C_DeInit
</UL>

<P><STRONG><a name="[227]"></a>RCC_EnableLowPowerReset</STRONG> (Thumb, 24 bytes, Stack size 4 bytes, n32g43x_rcc.o(.text), UNUSED)

<P><STRONG><a name="[136]"></a>RCC_EnableClockSecuritySystem</STRONG> (Thumb, 22 bytes, Stack size 4 bytes, n32g43x_rcc.o(.text))
<BR><BR>[Stack]<UL><LI>Max Depth = 4<LI>Call Chain = RCC_EnableClockSecuritySystem
</UL>
<BR>[Called By]<UL><LI><a href="#[b7]">&gt;&gt;</a>&nbsp;&nbsp;&nbsp;CLKCTRL_init
</UL>

<P><STRONG><a name="[228]"></a>RCC_EnableLSEClockSecuritySystem</STRONG> (Thumb, 24 bytes, Stack size 4 bytes, n32g43x_rcc.o(.text), UNUSED)

<P><STRONG><a name="[229]"></a>RCC_GetLSEClockSecuritySystemStatus</STRONG> (Thumb, 50 bytes, Stack size 4 bytes, n32g43x_rcc.o(.text), UNUSED)

<P><STRONG><a name="[137]"></a>RCC_ConfigMcoClkPre</STRONG> (Thumb, 44 bytes, Stack size 8 bytes, n32g43x_rcc.o(.text))
<BR><BR>[Stack]<UL><LI>Max Depth = 8<LI>Call Chain = RCC_ConfigMcoClkPre
</UL>
<BR>[Called By]<UL><LI><a href="#[b7]">&gt;&gt;</a>&nbsp;&nbsp;&nbsp;CLKCTRL_init
</UL>

<P><STRONG><a name="[138]"></a>RCC_ConfigMco</STRONG> (Thumb, 50 bytes, Stack size 8 bytes, n32g43x_rcc.o(.text))
<BR><BR>[Stack]<UL><LI>Max Depth = 8<LI>Call Chain = RCC_ConfigMco
</UL>
<BR>[Called By]<UL><LI><a href="#[b7]">&gt;&gt;</a>&nbsp;&nbsp;&nbsp;CLKCTRL_init
</UL>

<P><STRONG><a name="[22a]"></a>RCC_ClrFlag</STRONG> (Thumb, 26 bytes, Stack size 0 bytes, n32g43x_rcc.o(.text), UNUSED)

<P><STRONG><a name="[22b]"></a>RCC_GetIntStatus</STRONG> (Thumb, 56 bytes, Stack size 4 bytes, n32g43x_rcc.o(.text), UNUSED)

<P><STRONG><a name="[22c]"></a>RCC_ClrIntPendingBit</STRONG> (Thumb, 24 bytes, Stack size 4 bytes, n32g43x_rcc.o(.text), UNUSED)

<P><STRONG><a name="[7f]"></a>TIM_DeInit</STRONG> (Thumb, 350 bytes, Stack size 48 bytes, n32g43x_tim.o(.text), UNUSED)
<BR><BR>[Calls]<UL><LI><a href="#[72]">&gt;&gt;</a>&nbsp;&nbsp;&nbsp;RCC_EnableAPB2PeriphReset
<LI><a href="#[75]">&gt;&gt;</a>&nbsp;&nbsp;&nbsp;RCC_EnableAPB1PeriphReset
</UL>

<P><STRONG><a name="[121]"></a>TIM_InitTimeBase</STRONG> (Thumb, 718 bytes, Stack size 12 bytes, n32g43x_tim.o(.text))
<BR><BR>[Stack]<UL><LI>Max Depth = 12<LI>Call Chain = TIM_InitTimeBase
</UL>
<BR>[Called By]<UL><LI><a href="#[130]">&gt;&gt;</a>&nbsp;&nbsp;&nbsp;pwm_filter
<LI><a href="#[126]">&gt;&gt;</a>&nbsp;&nbsp;&nbsp;PWM_TIME
<LI><a href="#[12f]">&gt;&gt;</a>&nbsp;&nbsp;&nbsp;PWM_FAN_5
<LI><a href="#[12e]">&gt;&gt;</a>&nbsp;&nbsp;&nbsp;PWM_FAN_1
<LI><a href="#[12d]">&gt;&gt;</a>&nbsp;&nbsp;&nbsp;PWM_FAN1_4
<LI><a href="#[c9]">&gt;&gt;</a>&nbsp;&nbsp;&nbsp;counter_init
<LI><a href="#[ca]">&gt;&gt;</a>&nbsp;&nbsp;&nbsp;PWM_BLED
</UL>

<P><STRONG><a name="[129]"></a>TIM_InitOc1</STRONG> (Thumb, 250 bytes, Stack size 20 bytes, n32g43x_tim.o(.text))
<BR><BR>[Stack]<UL><LI>Max Depth = 20<LI>Call Chain = TIM_InitOc1
</UL>
<BR>[Called By]<UL><LI><a href="#[130]">&gt;&gt;</a>&nbsp;&nbsp;&nbsp;pwm_filter
<LI><a href="#[12e]">&gt;&gt;</a>&nbsp;&nbsp;&nbsp;PWM_FAN_1
<LI><a href="#[12d]">&gt;&gt;</a>&nbsp;&nbsp;&nbsp;PWM_FAN1_4
<LI><a href="#[ca]">&gt;&gt;</a>&nbsp;&nbsp;&nbsp;PWM_BLED
</UL>

<P><STRONG><a name="[12a]"></a>TIM_InitOc2</STRONG> (Thumb, 264 bytes, Stack size 20 bytes, n32g43x_tim.o(.text))
<BR><BR>[Stack]<UL><LI>Max Depth = 20<LI>Call Chain = TIM_InitOc2
</UL>
<BR>[Called By]<UL><LI><a href="#[130]">&gt;&gt;</a>&nbsp;&nbsp;&nbsp;pwm_filter
<LI><a href="#[12e]">&gt;&gt;</a>&nbsp;&nbsp;&nbsp;PWM_FAN_1
<LI><a href="#[12d]">&gt;&gt;</a>&nbsp;&nbsp;&nbsp;PWM_FAN1_4
<LI><a href="#[ca]">&gt;&gt;</a>&nbsp;&nbsp;&nbsp;PWM_BLED
</UL>

<P><STRONG><a name="[127]"></a>TIM_InitOc3</STRONG> (Thumb, 262 bytes, Stack size 20 bytes, n32g43x_tim.o(.text))
<BR><BR>[Stack]<UL><LI>Max Depth = 20<LI>Call Chain = TIM_InitOc3
</UL>
<BR>[Called By]<UL><LI><a href="#[130]">&gt;&gt;</a>&nbsp;&nbsp;&nbsp;pwm_filter
<LI><a href="#[126]">&gt;&gt;</a>&nbsp;&nbsp;&nbsp;PWM_TIME
<LI><a href="#[12f]">&gt;&gt;</a>&nbsp;&nbsp;&nbsp;PWM_FAN_5
<LI><a href="#[12e]">&gt;&gt;</a>&nbsp;&nbsp;&nbsp;PWM_FAN_1
<LI><a href="#[12d]">&gt;&gt;</a>&nbsp;&nbsp;&nbsp;PWM_FAN1_4
<LI><a href="#[ca]">&gt;&gt;</a>&nbsp;&nbsp;&nbsp;PWM_BLED
</UL>

[...]

<P><STRONG><a name="[196]"></a>_float_round</STRONG> (Thumb, 18 bytes, Stack size 0 bytes, fepilogue.o(.text))
<BR><BR>[Called By]<UL><LI><a href="#[99]">&gt;&gt;</a>&nbsp;&nbsp;&nbsp;__aeabi_d2f
</UL>

<P><STRONG><a name="[2a7]"></a>_float_epilogue</STRONG> (Thumb, 92 bytes, Stack size 4 bytes, fepilogue.o(.text), UNUSED)

<P><STRONG><a name="[194]"></a>_double_round</STRONG> (Thumb, 30 bytes, Stack size 8 bytes, depilogue.o(.text))
<BR><BR>[Stack]<UL><LI>Max Depth = 8<LI>Call Chain = _double_round
</UL>
<BR>[Called By]<UL><LI><a href="#[193]">&gt;&gt;</a>&nbsp;&nbsp;&nbsp;_double_epilogue
<LI><a href="#[98]">&gt;&gt;</a>&nbsp;&nbsp;&nbsp;__aeabi_ddiv
<LI><a href="#[9c]">&gt;&gt;</a>&nbsp;&nbsp;&nbsp;__aeabi_dadd
</UL>

<P><STRONG><a name="[193]"></a>_double_epilogue</STRONG> (Thumb, 156 bytes, Stack size 32 bytes, depilogue.o(.text))
<BR><BR>[Stack]<UL><LI>Max Depth = 40<LI>Call Chain = _double_epilogue &rArr; _double_round
</UL>
<BR>[Calls]<UL><LI><a href="#[198]">&gt;&gt;</a>&nbsp;&nbsp;&nbsp;__aeabi_llsr
<LI><a href="#[191]">&gt;&gt;</a>&nbsp;&nbsp;&nbsp;__aeabi_llsl
<LI><a href="#[194]">&gt;&gt;</a>&nbsp;&nbsp;&nbsp;_double_round
</UL>
<BR>[Called By]<UL><LI><a href="#[97]">&gt;&gt;</a>&nbsp;&nbsp;&nbsp;__aeabi_dmul
<LI><a href="#[9c]">&gt;&gt;</a>&nbsp;&nbsp;&nbsp;__aeabi_dadd
</UL>

<P><STRONG><a name="[199]"></a>__aeabi_d2ulz</STRONG> (Thumb, 48 bytes, Stack size 0 bytes, dfixul.o(.text), UNUSED)
<BR><BR>[Calls]<UL><LI><a href="#[198]">&gt;&gt;</a>&nbsp;&nbsp;&nbsp;__aeabi_llsr
<LI><a href="#[191]">&gt;&gt;</a>&nbsp;&nbsp;&nbsp;__aeabi_llsl
</UL>
<BR>[Called By]<UL><LI><a href="#[1a1]">&gt;&gt;</a>&nbsp;&nbsp;&nbsp;_fp_digits
</UL>

<P><STRONG><a name="[1a2]"></a>__aeabi_cdrcmple</STRONG> (Thumb, 48 bytes, Stack size 0 bytes, cdrcmple.o(.text), UNUSED)
<BR><BR>[Called By]<UL><LI><a href="#[1a1]">&gt;&gt;</a>&nbsp;&nbsp;&nbsp;_fp_digits
</UL>

<P><STRONG><a name="[5a]"></a>__scatterload</STRONG> (Thumb, 28 bytes, Stack size 0 bytes, init.o(.text))
<BR><BR>[Calls]<UL><LI><a href="#[19a]">&gt;&gt;</a>&nbsp;&nbsp;&nbsp;__main_after_scatterload
</UL>
<BR>[Called By]<UL><LI><a href="#[59]">&gt;&gt;</a>&nbsp;&nbsp;&nbsp;_main_scatterload
</UL>

<P><STRONG><a name="[2a8]"></a>__scatterload_rt2</STRONG> (Thumb, 0 bytes, Stack size 0 bytes, init.o(.text), UNUSED)

<P><STRONG><a name="[198]"></a>__aeabi_llsr</STRONG> (Thumb, 32 bytes, Stack size 0 bytes, llushr.o(.text))
<BR><BR>[Called By]<UL><LI><a href="#[197]">&gt;&gt;</a>&nbsp;&nbsp;&nbsp;__aeabi_uldivmod
<LI><a href="#[193]">&gt;&gt;</a>&nbsp;&nbsp;&nbsp;_double_epilogue
<LI><a href="#[199]">&gt;&gt;</a>&nbsp;&nbsp;&nbsp;__aeabi_d2ulz
</UL>

<P><STRONG><a name="[2a9]"></a>_ll_ushift_r</STRONG> (Thumb, 0 bytes, Stack size 0 bytes, llushr.o(.text), UNUSED)

<P><STRONG><a name="[19b]"></a>__0printf</STRONG> (Thumb, 22 bytes, Stack size 24 bytes, printfa.o(i.__0printf), UNUSED)
<BR><BR>[Calls]<UL><LI><a href="#[19c]">&gt;&gt;</a>&nbsp;&nbsp;&nbsp;_printf_core
</UL>

<P><STRONG><a name="[2aa]"></a>__1printf</STRONG> (Thumb, 0 bytes, Stack size 24 bytes, printfa.o(i.__0printf), UNUSED)

<P><STRONG><a name="[2ab]"></a>__2printf</STRONG> (Thumb, 0 bytes, Stack size 24 bytes, printfa.o(i.__0printf), UNUSED)

<P><STRONG><a name="[2ac]"></a>__c89printf</STRONG> (Thumb, 0 bytes, Stack size 24 bytes, printfa.o(i.__0printf), UNUSED)

<P><STRONG><a name="[134]"></a>printf</STRONG> (Thumb, 0 bytes, Stack size 24 bytes, printfa.o(i.__0printf))
<BR><BR>[Stack]<UL><LI>Max Depth = 24<LI>Call Chain = printf
</UL>
<BR>[Called By]<UL><LI><a href="#[b7]">&gt;&gt;</a>&nbsp;&nbsp;&nbsp;CLKCTRL_init
<LI><a href="#[147]">&gt;&gt;</a>&nbsp;&nbsp;&nbsp;SetSysClockToPLL
<LI><a href="#[132]">&gt;&gt;</a>&nbsp;&nbsp;&nbsp;DumpClock
<LI><a href="#[cc]">&gt;&gt;</a>&nbsp;&nbsp;&nbsp;foacl
</UL>

<P><STRONG><a name="[9b]"></a>__hardfp_logf</STRONG> (Thumb, 320 bytes, Stack size 8 bytes, logf.o(i.__hardfp_logf))
<BR><BR>[Stack]<UL><LI>Max Depth = 8<LI>Call Chain = __hardfp_logf
</UL>
<BR>[Calls]<UL><LI><a href="#[19e]">&gt;&gt;</a>&nbsp;&nbsp;&nbsp;__set_errno
<LI><a href="#[19f]">&gt;&gt;</a>&nbsp;&nbsp;&nbsp;__mathlib_flt_invalid
<LI><a href="#[19d]">&gt;&gt;</a>&nbsp;&nbsp;&nbsp;__mathlib_flt_infnan
<LI><a href="#[1a0]">&gt;&gt;</a>&nbsp;&nbsp;&nbsp;__mathlib_flt_divzero
</UL>
<BR>[Called By]<UL><LI><a href="#[9f]">&gt;&gt;</a>&nbsp;&nbsp;&nbsp;ad4temp
<LI><a href="#[9e]">&gt;&gt;</a>&nbsp;&nbsp;&nbsp;ad3temp
<LI><a href="#[94]">&gt;&gt;</a>&nbsp;&nbsp;&nbsp;ad2temp
</UL>

<P><STRONG><a name="[2ad]"></a>__mathlib_logf</STRONG> (Thumb, 0 bytes, Stack size 8 bytes, logf.o(i.__hardfp_logf), UNUSED)

<P><STRONG><a name="[1a0]"></a>__mathlib_flt_divzero</STRONG> (Thumb, 14 bytes, Stack size 0 bytes, funder.o(i.__mathlib_flt_divzero))
<BR><BR>[Called By]<UL><LI><a href="#[9b]">&gt;&gt;</a>&nbsp;&nbsp;&nbsp;__hardfp_logf
</UL>

<P><STRONG><a name="[19d]"></a>__mathlib_flt_infnan</STRONG> (Thumb, 6 bytes, Stack size 0 bytes, funder.o(i.__mathlib_flt_infnan))
<BR><BR>[Called By]<UL><LI><a href="#[9b]">&gt;&gt;</a>&nbsp;&nbsp;&nbsp;__hardfp_logf
</UL>

<P><STRONG><a name="[19f]"></a>__mathlib_flt_invalid</STRONG> (Thumb, 10 bytes, Stack size 0 bytes, funder.o(i.__mathlib_flt_invalid))
<BR><BR>[Called By]<UL><LI><a href="#[9b]">&gt;&gt;</a>&nbsp;&nbsp;&nbsp;__hardfp_logf
</UL>

<P><STRONG><a name="[2ae]"></a>__scatterload_copy</STRONG> (Thumb, 14 bytes, Stack size unknown bytes, handlers.o(i.__scatterload_copy), UNUSED)

<P><STRONG><a name="[2af]"></a>__scatterload_null</STRONG> (Thumb, 2 bytes, Stack size unknown bytes, handlers.o(i.__scatterload_null), UNUSED)

<P><STRONG><a name="[2b0]"></a>__scatterload_zeroinit</STRONG> (Thumb, 14 bytes, Stack size unknown bytes, handlers.o(i.__scatterload_zeroinit), UNUSED)

<P><STRONG><a name="[19e]"></a>__set_errno</STRONG> (Thumb, 6 bytes, Stack size 0 bytes, errno.o(i.__set_errno))
<BR><BR>[Called By]<UL><LI><a href="#[9b]">&gt;&gt;</a>&nbsp;&nbsp;&nbsp;__hardfp_logf
</UL>

<P><STRONG><a name="[de]"></a>free</STRONG> (Thumb, 76 bytes, Stack size 8 bytes, malloc.o(i.free))
<BR><BR>[Stack]<UL><LI>Max Depth = 8<LI>Call Chain = free
</UL>
<BR>[Called By]<UL><LI><a href="#[dc]">&gt;&gt;</a>&nbsp;&nbsp;&nbsp;read_dlp
</UL>

<P><STRONG><a name="[d6]"></a>malloc</STRONG> (Thumb, 92 bytes, Stack size 20 bytes, malloc.o(i.malloc))
<BR><BR>[Stack]<UL><LI>Max Depth = 20<LI>Call Chain = malloc
</UL>
<BR>[Called By]<UL><LI><a href="#[dc]">&gt;&gt;</a>&nbsp;&nbsp;&nbsp;read_dlp
<LI><a href="#[d5]">&gt;&gt;</a>&nbsp;&nbsp;&nbsp;pic_add
</UL>
<P>
<H3>
Local Symbols
</H3>
<P><STRONG><a name="[5b]"></a>SetSysClock</STRONG> (Thumb, 418 bytes, Stack size 24 bytes, system_n32g43x.o(.text))
<BR><BR>[Stack]<UL><LI>Max Depth = 24<LI>Call Chain = SetSysClock
</UL>
<BR>[Called By]<UL><LI><a href="#[4c]">&gt;&gt;</a>&nbsp;&nbsp;&nbsp;SystemInit
</UL>

<P><STRONG><a name="[81]"></a>ConfigTI1</STRONG> (Thumb, 254 bytes, Stack size 16 bytes, n32g43x_tim.o(.text), UNUSED)
<BR><BR>[Called By]<UL><LI><a href="#[80]">&gt;&gt;</a>&nbsp;&nbsp;&nbsp;TIM_ICInit
<LI><a href="#[89]">&gt;&gt;</a>&nbsp;&nbsp;&nbsp;TIM_ConfigPwmIc
<LI><a href="#[8c]">&gt;&gt;</a>&nbsp;&nbsp;&nbsp;TIM_ConfigExtTrigAsClk
</UL>

<P><STRONG><a name="[83]"></a>ConfigTI2</STRONG> (Thumb, 274 bytes, Stack size 20 bytes, n32g43x_tim.o(.text), UNUSED)
<BR><BR>[Called By]<UL><LI><a href="#[80]">&gt;&gt;</a>&nbsp;&nbsp;&nbsp;TIM_ICInit
<LI><a href="#[89]">&gt;&gt;</a>&nbsp;&nbsp;&nbsp;TIM_ConfigPwmIc
<LI><a href="#[8c]">&gt;&gt;</a>&nbsp;&nbsp;&nbsp;TIM_ConfigExtTrigAsClk
</UL>

<P><STRONG><a name="[85]"></a>ConfigTI3</STRONG> (Thumb, 262 bytes, Stack size 20 bytes, n32g43x_tim.o(.text), UNUSED)
<BR><BR>[Called By]<UL><LI><a href="#[80]">&gt;&gt;</a>&nbsp;&nbsp;&nbsp;TIM_ICInit
</UL>

<P><STRONG><a name="[87]"></a>ConfigTI4</STRONG> (Thumb, 274 bytes, Stack size 20 bytes, n32g43x_tim.o(.text), UNUSED)
<BR><BR>[Called By]<UL><LI><a href="#[80]">&gt;&gt;</a>&nbsp;&nbsp;&nbsp;TIM_ICInit
</UL>

<P><STRONG><a name="[d3]"></a>DF_PI_check</STRONG> (Thumb, 152 bytes, Stack size 24 bytes, main.o(.text))
<BR><BR>[Stack]<UL><LI>Max Depth = 112<LI>Call Chain = DF_PI_check &rArr; __aeabi_dmul &rArr; _double_epilogue &rArr; _double_round
</UL>
<BR>[Calls]<UL><LI><a href="#[95]">&gt;&gt;</a>&nbsp;&nbsp;&nbsp;ADC_GetData
<LI><a href="#[96]">&gt;&gt;</a>&nbsp;&nbsp;&nbsp;__aeabi_f2d
<LI><a href="#[97]">&gt;&gt;</a>&nbsp;&nbsp;&nbsp;__aeabi_dmul
<LI><a href="#[98]">&gt;&gt;</a>&nbsp;&nbsp;&nbsp;__aeabi_ddiv
<LI><a href="#[99]">&gt;&gt;</a>&nbsp;&nbsp;&nbsp;__aeabi_d2f
</UL>
<BR>[Called By]<UL><LI><a href="#[cd]">&gt;&gt;</a>&nbsp;&nbsp;&nbsp;FilterMotorWait
</UL>

<P><STRONG><a name="[b5]"></a>FLASH_ProgramPage</STRONG> (Thumb, 60 bytes, Stack size 24 bytes, main.o(.text))
<BR><BR>[Stack]<UL><LI>Max Depth = 84<LI>Call Chain = FLASH_ProgramPage &rArr; FLASH_ProgramWord &rArr; FLASH_WaitForLastOpt &rArr; FLASH_GetSTS
</UL>
<BR>[Calls]<UL><LI><a href="#[6a]">&gt;&gt;</a>&nbsp;&nbsp;&nbsp;FLASH_ProgramWord
</UL>
<BR>[Called By]<UL><LI><a href="#[b2]">&gt;&gt;</a>&nbsp;&nbsp;&nbsp;FLASH_Program_User
</UL>

<P><STRONG><a name="[cd]"></a>FilterMotorWait</STRONG> (Thumb, 42 bytes, Stack size 16 bytes, main.o(.text))
<BR><BR>[Stack]<UL><LI>Max Depth = 128<LI>Call Chain = FilterMotorWait &rArr; DF_PI_check &rArr; __aeabi_dmul &rArr; _double_epilogue &rArr; _double_round
</UL>
<BR>[Calls]<UL><LI><a href="#[d3]">&gt;&gt;</a>&nbsp;&nbsp;&nbsp;DF_PI_check
</UL>
<BR>[Called By]<UL><LI><a href="#[4b]">&gt;&gt;</a>&nbsp;&nbsp;&nbsp;main
</UL>

<P><STRONG><a name="[cf]"></a>I2C_0_open</STRONG> (Thumb, 18 bytes, Stack size 8 bytes, main.o(.text))
<BR><BR>[Stack]<UL><LI>Max Depth = 16<LI>Call Chain = I2C_0_open &rArr; I2C_Enable
</UL>
<BR>[Calls]<UL><LI><a href="#[d2]">&gt;&gt;</a>&nbsp;&nbsp;&nbsp;I2C_Enable
</UL>
<BR>[Called By]<UL><LI><a href="#[c5]">&gt;&gt;</a>&nbsp;&nbsp;&nbsp;bsp_i2c_slave_api_open
</UL>

<P><STRONG><a name="[d1]"></a>I2C_0_open_1</STRONG> (Thumb, 18 bytes, Stack size 8 bytes, main.o(.text))
<BR><BR>[Stack]<UL><LI>Max Depth = 16<LI>Call Chain = I2C_0_open_1 &rArr; I2C_Enable
</UL>
<BR>[Calls]<UL><LI><a href="#[d2]">&gt;&gt;</a>&nbsp;&nbsp;&nbsp;I2C_Enable
</UL>
<BR>[Called By]<UL><LI><a href="#[c7]">&gt;&gt;</a>&nbsp;&nbsp;&nbsp;bsp_i2c2_slave_api_open
</UL>

<P><STRONG><a name="[a4]"></a>PIDCalc</STRONG> (Thumb, 468 bytes, Stack size 36 bytes, main.o(.text))
<BR><BR>[Stack]<UL><LI>Max Depth = 36<LI>Call Chain = PIDCalc
</UL>
<BR>[Called By]<UL><LI><a href="#[a0]">&gt;&gt;</a>&nbsp;&nbsp;&nbsp;FAN_CTRL
</UL>

<P><STRONG><a name="[a5]"></a>PIDCalc1</STRONG> (Thumb, 468 bytes, Stack size 36 bytes, main.o(.text))
<BR><BR>[Stack]<UL><LI>Max Depth = 36<LI>Call Chain = PIDCalc1
</UL>
<BR>[Called By]<UL><LI><a href="#[a0]">&gt;&gt;</a>&nbsp;&nbsp;&nbsp;FAN_CTRL
</UL>

<P><STRONG><a name="[a6]"></a>PIDCalc2</STRONG> (Thumb, 468 bytes, Stack size 36 bytes, main.o(.text))
<BR><BR>[Stack]<UL><LI>Max Depth = 36<LI>Call Chain = PIDCalc2
</UL>
<BR>[Called By]<UL><LI><a href="#[a0]">&gt;&gt;</a>&nbsp;&nbsp;&nbsp;FAN_CTRL
</UL>

<P><STRONG><a name="[a7]"></a>PIDCalc3</STRONG> (Thumb, 468 bytes, Stack size 36 bytes, main.o(.text))
<BR><BR>[Stack]<UL><LI>Max Depth = 36<LI>Call Chain = PIDCalc3
</UL>
<BR>[Called By]<UL><LI><a href="#[a0]">&gt;&gt;</a>&nbsp;&nbsp;&nbsp;FAN_CTRL
</UL>

<P><STRONG><a name="[a8]"></a>PIDCalc4</STRONG> (Thumb, 468 bytes, Stack size 36 bytes, main.o(.text))
<BR><BR>[Stack]<UL><LI>Max Depth = 36<LI>Call Chain = PIDCalc4
</UL>
<BR>[Called By]<UL><LI><a href="#[a0]">&gt;&gt;</a>&nbsp;&nbsp;&nbsp;FAN_CTRL
</UL>

<P><STRONG><a name="[c7]"></a>bsp_i2c2_slave_api_open</STRONG> (Thumb, 8 bytes, Stack size 8 bytes, main.o(.text))
<BR><BR>[Stack]<UL><LI>Max Depth = 24<LI>Call Chain = bsp_i2c2_slave_api_open &rArr; I2C_0_open_1 &rArr; I2C_Enable
</UL>
<BR>[Calls]<UL><LI><a href="#[d1]">&gt;&gt;</a>&nbsp;&nbsp;&nbsp;I2C_0_open_1
</UL>
<BR>[Called By]<UL><LI><a href="#[4b]">&gt;&gt;</a>&nbsp;&nbsp;&nbsp;main
</UL>

<P><STRONG><a name="[c4]"></a>bsp_i2c_slave_api_init</STRONG> (Thumb, 20 bytes, Stack size 16 bytes, main.o(.text))
<BR><BR>[Stack]<UL><LI>Max Depth = 144<LI>Call Chain = bsp_i2c_slave_api_init &rArr; I2C2_init &rArr; I2C_Init &rArr; RCC_GetClocksFreqValue
</UL>
<BR>[Calls]<UL><LI><a href="#[ce]">&gt;&gt;</a>&nbsp;&nbsp;&nbsp;I2C2_init
</UL>
<BR>[Called By]<UL><LI><a href="#[4b]">&gt;&gt;</a>&nbsp;&nbsp;&nbsp;main
</UL>

<P><STRONG><a name="[c6]"></a>bsp_i2c_slave_api_init_1</STRONG> (Thumb, 20 bytes, Stack size 16 bytes, main.o(.text))
<BR><BR>[Stack]<UL><LI>Max Depth = 144<LI>Call Chain = bsp_i2c_slave_api_init_1 &rArr; I2C2_init_1 &rArr; I2C_Init &rArr; RCC_GetClocksFreqValue
</UL>
<BR>[Calls]<UL><LI><a href="#[d0]">&gt;&gt;</a>&nbsp;&nbsp;&nbsp;I2C2_init_1
</UL>
<BR>[Called By]<UL><LI><a href="#[4b]">&gt;&gt;</a>&nbsp;&nbsp;&nbsp;main
</UL>

<P><STRONG><a name="[c5]"></a>bsp_i2c_slave_api_open</STRONG> (Thumb, 8 bytes, Stack size 8 bytes, main.o(.text))
<BR><BR>[Stack]<UL><LI>Max Depth = 24<LI>Call Chain = bsp_i2c_slave_api_open &rArr; I2C_0_open &rArr; I2C_Enable
</UL>
<BR>[Calls]<UL><LI><a href="#[cf]">&gt;&gt;</a>&nbsp;&nbsp;&nbsp;I2C_0_open
</UL>
<BR>[Called By]<UL><LI><a href="#[4b]">&gt;&gt;</a>&nbsp;&nbsp;&nbsp;main
</UL>

<P><STRONG><a name="[d9]"></a>__list_add</STRONG> (Thumb, 36 bytes, Stack size 12 bytes, dlp_manager.o(.text), UNUSED)
<BR><BR>[Called By]<UL><LI><a href="#[d7]">&gt;&gt;</a>&nbsp;&nbsp;&nbsp;list_add_tail
</UL>

<P><STRONG><a name="[d8]"></a>init_list_head</STRONG> (Thumb, 16 bytes, Stack size 4 bytes, dlp_manager.o(.text), UNUSED)
<BR><BR>[Called By]<UL><LI><a href="#[d5]">&gt;&gt;</a>&nbsp;&nbsp;&nbsp;pic_add
</UL>

<P><STRONG><a name="[d7]"></a>list_add_tail</STRONG> (Thumb, 22 bytes, Stack size 16 bytes, dlp_manager.o(.text), UNUSED)
<BR><BR>[Calls]<UL><LI><a href="#[d9]">&gt;&gt;</a>&nbsp;&nbsp;&nbsp;__list_add
</UL>
<BR>[Called By]<UL><LI><a href="#[d5]">&gt;&gt;</a>&nbsp;&nbsp;&nbsp;pic_add
</UL>

<P><STRONG><a name="[174]"></a>IrisMotorWait</STRONG> (Thumb, 48 bytes, Stack size 16 bytes, app_iris.o(.text))
<BR><BR>[Stack]<UL><LI>Max Depth = 128<LI>Call Chain = IrisMotorWait &rArr; PI_check &rArr; __aeabi_dmul &rArr; _double_epilogue &rArr; _double_round
</UL>
<BR>[Calls]<UL><LI><a href="#[175]">&gt;&gt;</a>&nbsp;&nbsp;&nbsp;PI_check
</UL>
<BR>[Called By]<UL><LI><a href="#[152]">&gt;&gt;</a>&nbsp;&nbsp;&nbsp;IRIS_19_PI
<LI><a href="#[c8]">&gt;&gt;</a>&nbsp;&nbsp;&nbsp;iris_res
</UL>

<P><STRONG><a name="[175]"></a>PI_check</STRONG> (Thumb, 152 bytes, Stack size 24 bytes, app_iris.o(.text))
<BR><BR>[Stack]<UL><LI>Max Depth = 112<LI>Call Chain = PI_check &rArr; __aeabi_dmul &rArr; _double_epilogue &rArr; _double_round
</UL>
<BR>[Calls]<UL><LI><a href="#[95]">&gt;&gt;</a>&nbsp;&nbsp;&nbsp;ADC_GetData
<LI><a href="#[96]">&gt;&gt;</a>&nbsp;&nbsp;&nbsp;__aeabi_f2d
<LI><a href="#[97]">&gt;&gt;</a>&nbsp;&nbsp;&nbsp;__aeabi_dmul
<LI><a href="#[98]">&gt;&gt;</a>&nbsp;&nbsp;&nbsp;__aeabi_ddiv
<LI><a href="#[99]">&gt;&gt;</a>&nbsp;&nbsp;&nbsp;__aeabi_d2f
</UL>
<BR>[Called By]<UL><LI><a href="#[174]">&gt;&gt;</a>&nbsp;&nbsp;&nbsp;IrisMotorWait
</UL>

<P><STRONG><a name="[17a]"></a>DoorMotorWait</STRONG> (Thumb, 42 bytes, Stack size 16 bytes, app_focal_ctrl.o(.text))
<BR><BR>[Stack]<UL><LI>Max Depth = 128<LI>Call Chain = DoorMotorWait &rArr; PI_check &rArr; __aeabi_dmul &rArr; _double_epilogue &rArr; _double_round
</UL>
<BR>[Calls]<UL><LI><a href="#[179]">&gt;&gt;</a>&nbsp;&nbsp;&nbsp;PI_check
</UL>
<BR>[Called By]<UL><LI><a href="#[14e]">&gt;&gt;</a>&nbsp;&nbsp;&nbsp;zoom_diver_poll
</UL>

<P><STRONG><a name="[177]"></a>FocusMotorWait</STRONG> (Thumb, 42 bytes, Stack size 16 bytes, app_focal_ctrl.o(.text))
<BR><BR>[Stack]<UL><LI>Max Depth = 128<LI>Call Chain = FocusMotorWait &rArr; PI_check &rArr; __aeabi_dmul &rArr; _double_epilogue &rArr; _double_round
</UL>
<BR>[Calls]<UL><LI><a href="#[179]">&gt;&gt;</a>&nbsp;&nbsp;&nbsp;PI_check
</UL>
<BR>[Called By]<UL><LI><a href="#[14d]">&gt;&gt;</a>&nbsp;&nbsp;&nbsp;focal_diver_poll
</UL>

<P><STRONG><a name="[179]"></a>PI_check</STRONG> (Thumb, 152 bytes, Stack size 24 bytes, app_focal_ctrl.o(.text))
<BR><BR>[Stack]<UL><LI>Max Depth = 112<LI>Call Chain = PI_check &rArr; __aeabi_dmul &rArr; _double_epilogue &rArr; _double_round
</UL>
<BR>[Calls]<UL><LI><a href="#[95]">&gt;&gt;</a>&nbsp;&nbsp;&nbsp;ADC_GetData
<LI><a href="#[96]">&gt;&gt;</a>&nbsp;&nbsp;&nbsp;__aeabi_f2d
<LI><a href="#[97]">&gt;&gt;</a>&nbsp;&nbsp;&nbsp;__aeabi_dmul
<LI><a href="#[98]">&gt;&gt;</a>&nbsp;&nbsp;&nbsp;__aeabi_ddiv
<LI><a href="#[99]">&gt;&gt;</a>&nbsp;&nbsp;&nbsp;__aeabi_d2f
</UL>
<BR>[Called By]<UL><LI><a href="#[177]">&gt;&gt;</a>&nbsp;&nbsp;&nbsp;FocusMotorWait
<LI><a href="#[17a]">&gt;&gt;</a>&nbsp;&nbsp;&nbsp;DoorMotorWait
</UL>

<P><STRONG><a name="[176]"></a>bsp_focal_api_init</STRONG> (Thumb, 8 bytes, Stack size 8 bytes, app_focal_ctrl.o(.text))
<BR><BR>[Stack]<UL><LI>Max Depth = 76<LI>Call Chain = bsp_focal_api_init &rArr; bsp_focal_init_dz24 &rArr; GPIO_InitPeripheral
</UL>
<BR>[Calls]<UL><LI><a href="#[16b]">&gt;&gt;</a>&nbsp;&nbsp;&nbsp;bsp_focal_init_dz24
</UL>
<BR>[Called By]<UL><LI><a href="#[ba]">&gt;&gt;</a>&nbsp;&nbsp;&nbsp;focal_init
</UL>

<P><STRONG><a name="[178]"></a>bsp_focus_api_run</STRONG> (Thumb, 28 bytes, Stack size 16 bytes, app_focal_ctrl.o(.text))
<BR><BR>[Stack]<UL><LI>Max Depth = 96<LI>Call Chain = bsp_focus_api_run &rArr; bsp_focus_run_dz24 &rArr; bsp_focus_stop_dz24 &rArr; io_set_low
</UL>
<BR>[Calls]<UL><LI><a href="#[16c]">&gt;&gt;</a>&nbsp;&nbsp;&nbsp;bsp_focus_run_dz24
</UL>
<BR>[Called By]<UL><LI><a href="#[14d]">&gt;&gt;</a>&nbsp;&nbsp;&nbsp;focal_diver_poll
<LI><a href="#[14f]">&gt;&gt;</a>&nbsp;&nbsp;&nbsp;focal_back_go
</UL>

<P><STRONG><a name="[17b]"></a>bsp_zoom_api_run</STRONG> (Thumb, 28 bytes, Stack size 16 bytes, app_focal_ctrl.o(.text))
<BR><BR>[Stack]<UL><LI>Max Depth = 96<LI>Call Chain = bsp_zoom_api_run &rArr; bsp_zoom_run_dz24 &rArr; bsp_zoom_stop_dz24 &rArr; io_set_low
</UL>
<BR>[Calls]<UL><LI><a href="#[16e]">&gt;&gt;</a>&nbsp;&nbsp;&nbsp;bsp_zoom_run_dz24
</UL>
<BR>[Called By]<UL><LI><a href="#[14e]">&gt;&gt;</a>&nbsp;&nbsp;&nbsp;zoom_diver_poll
<LI><a href="#[150]">&gt;&gt;</a>&nbsp;&nbsp;&nbsp;zoom_back_go
</UL>

<P><STRONG><a name="[1a1]"></a>_fp_digits</STRONG> (Thumb, 366 bytes, Stack size 64 bytes, printfa.o(i._fp_digits), UNUSED)
<BR><BR>[Calls]<UL><LI><a href="#[197]">&gt;&gt;</a>&nbsp;&nbsp;&nbsp;__aeabi_uldivmod
<LI><a href="#[199]">&gt;&gt;</a>&nbsp;&nbsp;&nbsp;__aeabi_d2ulz
<LI><a href="#[1a2]">&gt;&gt;</a>&nbsp;&nbsp;&nbsp;__aeabi_cdrcmple
<LI><a href="#[97]">&gt;&gt;</a>&nbsp;&nbsp;&nbsp;__aeabi_dmul
<LI><a href="#[98]">&gt;&gt;</a>&nbsp;&nbsp;&nbsp;__aeabi_ddiv
<LI><a href="#[9c]">&gt;&gt;</a>&nbsp;&nbsp;&nbsp;__aeabi_dadd
</UL>
<BR>[Called By]<UL><LI><a href="#[19c]">&gt;&gt;</a>&nbsp;&nbsp;&nbsp;_printf_core
</UL>

<P><STRONG><a name="[19c]"></a>_printf_core</STRONG> (Thumb, 1744 bytes, Stack size 136 bytes, printfa.o(i._printf_core), UNUSED)
<BR><BR>[Calls]<UL><LI><a href="#[197]">&gt;&gt;</a>&nbsp;&nbsp;&nbsp;__aeabi_uldivmod
<LI><a href="#[1a5]">&gt;&gt;</a>&nbsp;&nbsp;&nbsp;__aeabi_uidivmod
<LI><a href="#[1a3]">&gt;&gt;</a>&nbsp;&nbsp;&nbsp;_printf_pre_padding
<LI><a href="#[1a4]">&gt;&gt;</a>&nbsp;&nbsp;&nbsp;_printf_post_padding
<LI><a href="#[1a1]">&gt;&gt;</a>&nbsp;&nbsp;&nbsp;_fp_digits
</UL>
<BR>[Called By]<UL><LI><a href="#[19b]">&gt;&gt;</a>&nbsp;&nbsp;&nbsp;__0printf
</UL>

<P><STRONG><a name="[1a4]"></a>_printf_post_padding</STRONG> (Thumb, 36 bytes, Stack size 24 bytes, printfa.o(i._printf_post_padding), UNUSED)
<BR><BR>[Called By]<UL><LI><a href="#[19c]">&gt;&gt;</a>&nbsp;&nbsp;&nbsp;_printf_core
</UL>

<P><STRONG><a name="[1a3]"></a>_printf_pre_padding</STRONG> (Thumb, 46 bytes, Stack size 24 bytes, printfa.o(i._printf_pre_padding), UNUSED)
<BR><BR>[Called By]<UL><LI><a href="#[19c]">&gt;&gt;</a>&nbsp;&nbsp;&nbsp;_printf_core
</UL>
<P>
<H3>
Undefined Global Symbols
</H3><HR></body></html>
